# 230 볼레로 — 작은북 첫 타 (2-6kHz 대역, prominence 3dB)
# 검출값 61.53/109.55/110.09 는 도입을 통째로 놓쳤다. 아래가 실제 첫 타다.

=== zfwcuz0W3d4  검출 61.53 → 첫 타 2.24s (-17dB) ===
  타점: 2.24:-17 2.73:-19 2.88:-21 3.03:-19 3.17:-21 3.67:-19 3.82:-22 3.95:-19 4.11:-20 4.34:-25 4.57:-18 5.03:-19 5.49:-22 5.63:-23 5.77:-22 5.92:-21 6.39:-20 6.51:-20 6.66:-20 6.83:-19 6.97:-20 7.13:-20 7.28:-20 7.43:-21
     0.0- 1.0s  바닥(10%)  -95.6  최대  -35.3
     1.0- 2.0s  바닥(10%)  -34.8  최대  -29.7
     2.0- 3.0s  바닥(10%)  -30.5  최대  -17.1
     3.0- 4.0s  바닥(10%)  -29.4  최대  -18.5
     4.0- 5.0s  바닥(10%)  -30.1  최대  -18.3
     5.0- 6.0s  바닥(10%)  -30.5  최대  -18.6
     6.0- 7.0s  바닥(10%)  -29.8  최대  -19.3
     7.0- 8.0s  바닥(10%)  -28.9  최대  -19.1

=== pFFigPdKPg4  검출 109.55 → 첫 타 6.82s (-21dB) ===
  타점: 6.82:-21 7.29:-19 7.39:-19 7.52:-15 7.68:-17 8.12:-16 8.23:-16 8.38:-17 8.54:-17 8.99:-18 9.46:-15 9.92:-19 10.03:-19 10.17:-16 10.33:-16 10.78:-16 10.92:-18 11.05:-17 11.19:-17 11.34:-20 11.47:-20 11.61:-23 11.73:-21 11.88:-18
     5.0- 6.0s  바닥(10%)  -42.4  최대  -40.8
     6.0- 7.0s  바닥(10%)  -41.0  최대  -21.4
     7.0- 8.0s  바닥(10%)  -33.5  최대  -14.9
     8.0- 9.0s  바닥(10%)  -32.8  최대  -16.2
     9.0-10.0s  바닥(10%)  -33.0  최대  -15.4
    10.0-11.0s  바닥(10%)  -31.6  최대  -15.8
    11.0-12.0s  바닥(10%)  -26.9  최대  -17.2
    12.0-13.0s  바닥(10%)  -31.7  최대  -15.8

=== BV-nm2OIEzM  검출 110.09 → 첫 타 0.87s (-21dB) ===
  타점: 0.87:-21 1.36:-17 1.47:-19 1.61:-15 1.79:-8 2.23:-17 2.36:-15 2.50:-14 2.66:-11 3.11:-9 3.55:-10 4.04:-11 4.16:-15 4.30:-15 4.47:-10 4.92:-14 5.06:-17 5.19:-16 5.34:-16 5.49:-15 5.64:-18 5.79:-13 5.92:-15 6.05:-14
     0.0- 1.0s  바닥(10%)  -32.9  최대  -20.9
     1.0- 2.0s  바닥(10%)  -26.8  최대   -7.8
     2.0- 3.0s  바닥(10%)  -25.2  최대  -10.6
     3.0- 4.0s  바닥(10%)  -26.9  최대   -9.3
     4.0- 5.0s  바닥(10%)  -25.6  최대  -10.0
     5.0- 6.0s  바닥(10%)  -23.7  최대  -13.0
     6.0- 7.0s  바닥(10%)  -25.0  최대   -9.7
     7.0- 8.0s  바닥(10%)  -26.4  최대   -9.9
