
# 456 <꿈> 종결 화음과 잔향. 검출 끝 272.95/246.15/248.52 는 잔향(티보데는 종결 화음까지)을 버렸다

=== Mz91oSREyJg 269.00-281.00 ===
       t   rms dB  harm dB    flat
  269.00    -50.1    -52.2  0.0014
  269.26    -42.0    -44.3  0.0000
  269.51    -44.4    -46.0  0.0000
  269.77    -41.3    -43.8  0.0000
  270.02    -41.3    -42.1  0.0000
  270.28    -39.1    -40.8  0.0000
  270.53    -41.1    -42.8  0.0000
  270.79    -41.9    -45.8  0.0000
  271.04    -42.7    -46.3  0.0000
  271.30    -45.5    -48.5  0.0000
  271.55    -47.2    -50.7  0.0000
  271.81    -48.5    -52.1  0.0000
  272.07    -48.9    -52.3  0.0000
  272.32    -49.1    -52.2  0.0000
  272.58    -44.5    -45.8  0.0000
  272.83    -47.2    -48.3  0.0000
  273.09    -49.7    -51.5  0.0000
  273.34    -52.3    -53.5  0.0000
  273.60    -54.2    -55.4  0.0001
  273.85    -51.9    -56.0  0.0001
  274.11    -51.0    -51.8  0.0000
  274.36    -54.8    -55.9  0.0001
  274.62    -56.1    -58.0  0.0001
  274.87    -56.1    -58.4  0.0001
  275.13    -56.5    -60.0  0.0001
  275.39    -56.9    -61.3  0.0001
  275.64    -58.5    -62.7  0.0002
  275.90    -58.5    -61.8  0.0002
  276.15    -58.0    -61.9  0.0002
  276.41    -58.5    -61.9  0.0002
  276.66    -58.6    -64.3  0.0002
  276.92    -58.6    -64.8  0.0002
  277.17    -58.4    -67.0  0.0002
  277.43    -58.3    -68.1  0.0002
  277.68    -62.1    -71.4  0.0004
  277.94    -60.9    -72.5  0.0003
  278.20    -61.0    -70.1  0.0002
  278.45    -61.3    -68.5  0.0004
  278.71    -61.6    -67.2  0.0002
  278.96    -62.8    -67.8  0.0003
  279.22    -62.9    -68.1  0.0004
  279.47    -63.3    -70.4  0.0004
  279.73    -61.9    -70.8  0.0002
  279.98    -61.4    -69.9  0.0002
  280.24    -61.8    -70.7  0.0003
  280.49    -62.4    -70.9  0.0003
  280.75    -63.6    -71.2  0.0005

=== D5Ypbt_USRg 244.00-253.00 ===
       t   rms dB  harm dB    flat
  244.00    -48.9    -52.6  0.0001
  244.26    -46.8    -48.5  0.0000
  244.51    -47.1    -48.9  0.0000
  244.77    -46.4    -47.4  0.0000
  245.02    -47.2    -48.1  0.0000
  245.28    -48.3    -49.3  0.0000
  245.53    -49.3    -50.2  0.0000
  245.79    -40.8    -41.5  0.0000
  246.04    -44.7    -45.2  0.0000
  246.30    -47.4    -47.9  0.0000
  246.55    -50.3    -51.0  0.0000
  246.81    -54.7    -56.4  0.0001
  247.07    -45.7    -46.3  0.0000
  247.32    -48.0    -48.5  0.0000
  247.58    -49.9    -50.6  0.0000
  247.83    -53.8    -54.7  0.0001
  248.09    -53.3    -54.2  0.0001
  248.34    -53.1    -53.9  0.0001
  248.60    -52.5    -53.2  0.0001
  248.85    -53.3    -54.1  0.0001
  249.11    -55.3    -55.9  0.0001
  249.36    -56.9    -58.0  0.0002
  249.62    -55.8    -57.0  0.0001
  249.87    -55.9    -56.8  0.0001
  250.13    -58.7    -60.2  0.0003
  250.39    -60.1    -62.2  0.0004
  250.64    -61.8    -63.7  0.0005
  250.90    -60.3    -62.0  0.0003
  251.15    -61.6    -63.8  0.0005
  251.41    -65.7    -70.8  0.0011
  251.66    -67.5    -71.9  0.0019
  251.92    -63.6    -68.7  0.0007
  252.17    -64.6    -67.6  0.0008
  252.43    -62.9    -65.8  0.0007
  252.68    -62.7    -65.2  0.0006
  252.94    -62.8    -65.9  0.0006

=== GHKz33G4p1A 245.00-257.00 ===
       t   rms dB  harm dB    flat
  245.00    -43.3    -46.8  0.0060
  245.26    -38.7    -40.5  0.0000
  245.51    -40.3    -41.5  0.0000
  245.77    -33.3    -35.7  0.0000
  246.02    -40.2    -41.8  0.0000
  246.28    -40.6    -42.1  0.0000
  246.53    -42.7    -44.6  0.0000
  246.79    -43.5    -45.2  0.0000
  247.04    -43.7    -45.1  0.0000
  247.30    -43.7    -44.6  0.0000
  247.55    -44.3    -45.5  0.0000
  247.81    -45.5    -46.6  0.0000
  248.07    -38.4    -43.6  0.0000
  248.32    -40.8    -41.9  0.0000
  248.58    -42.9    -43.8  0.0000
  248.83    -44.6    -46.4  0.0000
  249.09    -45.2    -46.7  0.0000
  249.34    -45.9    -47.8  0.0000
  249.60    -46.8    -48.8  0.0000
  249.85    -48.8    -50.1  0.0000
  250.11    -49.2    -51.5  0.0001
  250.36    -50.0    -52.1  0.0001
  250.62    -50.2    -51.9  0.0001
  250.87    -49.5    -51.6  0.0001
  251.13    -49.9    -52.4  0.0001
  251.39    -48.6    -51.9  0.0000
  251.64    -49.5    -52.3  0.0000
  251.90    -49.2    -50.9  0.0000
  252.15    -50.9    -52.4  0.0001
  252.41    -49.4    -50.5  0.0000
  252.66    -52.2    -53.6  0.0001
  252.92    -49.3    -51.4  0.0000
  253.17    -51.3    -53.5  0.0001
  253.43    -50.1    -52.6  0.0000
  253.68    -51.2    -54.0  0.0001
  253.94    -51.6    -54.0  0.0001
  254.20    -51.3    -53.2  0.0001
  254.45    -53.4    -56.0  0.0001
  254.71    -52.4    -55.9  0.0001
  254.96    -54.1    -58.0  0.0001
  255.22    -54.9    -63.1  0.0003
  255.47    -63.3    -71.4  0.0007
  255.73    -69.1    -80.1  0.0049
  255.98    -70.4    -84.2  0.0024
  256.24    -73.7    -82.9  0.0091
  256.49    -71.4    -77.6  0.0041
  256.75    -74.7    -80.6  0.0089
