
# 233 채찍(fouet) — 광대역 파열음. rms 는 크고 harm 은 낮고 flatness 가 튄다

=== qBKnNdWqNJM 1.80-4.00 ===
       t   rms dB  harm dB    flat
    1.80    -51.2    -52.0  0.0016
    1.92    -44.4    -45.3  0.0000
    2.03    -48.2    -49.4  0.0000
    2.15    -51.8    -54.2  0.0001
    2.26    -54.6    -56.1  0.0002
    2.38    -50.7    -52.0  0.0001
    2.50    -40.5    -52.5  0.0040
    2.61    -28.4    -41.4  0.1431
    2.73    -34.5    -42.2  0.1031
    2.84    -37.1    -44.6  0.0997
    2.96    -37.1    -42.3  0.0505
    3.08    -31.2    -34.6  0.0041
    3.19    -36.4    -40.2  0.0136
    3.31    -37.9    -42.1  0.0193
    3.43    -37.7    -42.7  0.0163
    3.54    -31.8    -34.8  0.0048
    3.66    -33.2    -37.1  0.0052
    3.77    -38.6    -42.3  0.0136
    3.89    -34.5    -42.3  0.0091

=== CjULZmPXTzE 3.80-6.00 ===
       t   rms dB  harm dB    flat
    3.80    -89.9    -95.7  0.0445
    3.92    -87.9    -94.8  0.0676
    4.03    -87.1    -96.3  0.0972
    4.15    -82.0    -91.9  0.0413
    4.26    -80.4    -86.4  0.0634
    4.38    -80.9    -89.0  0.0794
    4.50    -29.0    -76.8  0.2721
    4.61    -29.0    -49.1  0.1652
    4.73    -32.8    -54.0  0.1259
    4.84    -35.8    -54.4  0.0624
    4.96    -38.6    -53.1  0.0401
    5.08    -41.3    -54.7  0.0290
    5.19    -40.1    -48.9  0.0135
    5.31    -42.0    -50.5  0.0146
    5.43    -38.7    -48.6  0.0052
    5.54    -41.4    -47.0  0.0057
    5.66    -35.2    -38.2  0.0014
    5.77    -42.7    -47.8  0.0039
    5.89    -35.4    -50.4  0.0039

=== 5KLpp-Ku678 0.00-2.00 ===
       t   rms dB  harm dB    flat
    0.00    -98.3   -100.0  0.2773
    0.12   -100.0   -100.0  0.5354
    0.23   -100.0   -100.0  0.5705
    0.35    -72.1    -75.3  0.0010
    0.46    -61.4    -67.1  0.0003
    0.58    -40.9    -68.1  0.3653
    0.70    -41.1    -54.1  0.2045
    0.81    -41.2    -44.2  0.0616
    0.93    -41.3    -42.8  0.0214
    1.04    -41.2    -42.5  0.0067
    1.16    -39.9    -41.3  0.0024
    1.28    -41.4    -42.9  0.0015
    1.39    -40.0    -42.5  0.0021
    1.51    -41.8    -43.4  0.0020
    1.63    -39.7    -41.3  0.0010
    1.74    -42.2    -43.8  0.0009
    1.86    -41.9    -45.5  0.0023
    1.97    -42.0    -49.6  0.0014
