■ Georg Solti  (BV-nm2OIEzM)  0.85–116.02

1. 구간 삼등분 — 앞뒤만 나쁘면 경계 문제
구간            Herbert vo    Claudio Ab
앞                 0.1239        0.0992
중간                0.1019        0.0903
뒤                 0.0663        0.0728

2. 끝점 훑기
     경계(초)    Herbert vo    Claudio Ab            최대
     110.0        0.1045        0.0944        0.1045
     112.5        0.1038        0.0927        0.1038
     115.0        0.0989        0.0882        0.0989
     117.5        0.0978        0.0883        0.0978
     120.0        0.1060        0.0960        0.1060
     122.5        0.1129        0.1034        0.1129
     125.0        0.1163        0.1059        0.1163
     127.5        0.1164        0.1071        0.1164
     130.0        0.1185        0.1083        0.1185
     132.5        0.1196        0.1092        0.1196

3. 시작점 훑기
     경계(초)    Herbert vo    Claudio Ab            최대
       0.0        0.0969        0.0877        0.0969
       0.0        0.0969        0.0877        0.0969
       0.0        0.0969        0.0877        0.0969
       2.4        0.0972        0.0877        0.0972
       4.8        0.0965        0.0874        0.0965
       7.3        0.0958        0.0864        0.0958
       9.8        0.0960        0.0869        0.0960
      12.3        0.0969        0.0889        0.0969
      14.8        0.1018        0.0887        0.1018
      17.4        0.1013        0.0880        0.1013

4. 12방향 회전 — 특정 회전에서 뚝 떨어지면 이조
  0:0.097  1:0.386  2:0.282  3:0.332  4:0.394  5:0.196  6:0.375  7:0.207  8:0.349  9:0.375  10:0.282  11:0.330
  가장 잘 맞는 회전 0반음 (0.0969)  ← 0반음이면 조성은 같다
