■ Herbert von Karajan  (zfwcuz0W3d4)  2.22–122.22

1. 구간 삼등분 — 앞뒤만 나쁘면 경계 문제
구간            Claudio Ab    Georg Solt
앞                 0.1046        0.1239
중간                0.0822        0.1019
뒤                 0.0778        0.0663

2. 끝점 훑기
     경계(초)    Claudio Ab    Georg Solt            최대
     116.2        0.0997        0.1077        0.1077
     118.7        0.0889        0.1001        0.1001
     121.2        0.0863        0.0964        0.0964
     123.7        0.0907        0.1003        0.1003
     126.2        0.0963        0.1056        0.1056
     128.7        0.1016        0.1101        0.1101
     131.2        0.1049        0.1122        0.1122
     133.7        0.1064        0.1109        0.1109
     136.2        0.1084        0.1135        0.1135
     138.7        0.1105        0.1166        0.1166

3. 시작점 훑기
     경계(초)    Claudio Ab    Georg Solt            최대
       0.0        0.0874        0.0975        0.0975
       0.0        0.0874        0.0975        0.0975
       1.2        0.0872        0.0970        0.0970
       3.7        0.0877        0.0960        0.0960
       6.2        0.0872        0.0952        0.0952
       8.7        0.0873        0.0951        0.0951
      11.2        0.0876        0.0953        0.0953
      13.7        0.0983        0.1115        0.1115
      16.2        0.0966        0.1090        0.1090
      18.7        0.0954        0.1062        0.1062

4. 12방향 회전 — 특정 회전에서 뚝 떨어지면 이조
  0:0.087  1:0.484  2:0.284  3:0.433  4:0.353  5:0.197  6:0.433  7:0.212  8:0.456  9:0.281  10:0.261  11:0.353
  가장 잘 맞는 회전 0반음 (0.0870)  ← 0반음이면 조성은 같다
