
■ piece 456  <꿈>
  Alice Sara Ott         tuning +0.090  기준 Jean-Yves Th
     0:0.063  1:0.479  2:0.308  3:0.416  4:0.463  5:0.294  6:0.463  7:0.279  8:0.477  9:0.383  10:0.376  11:0.488
     최저 0반음 0.0625   차점 7반음 0.2788
  Jean-Yves Thibaudet    tuning +0.030  기준 Alice Sara O
     0:0.063  1:0.488  2:0.376  3:0.383  4:0.477  5:0.279  6:0.463  7:0.294  8:0.463  9:0.416  10:0.308  11:0.479
     최저 0반음 0.0625   차점 5반음 0.2788
  Bruce Liu              tuning +0.060  기준 Alice Sara O
     0:0.060  1:0.501  2:0.354  3:0.370  4:0.482  5:0.278  6:0.478  7:0.310  8:0.423  9:0.432  10:0.322  11:0.476
     최저 0반음 0.0604   차점 5반음 0.2780

■ piece 230  <볼레로>
  Herbert von Karajan    tuning +0.310  기준 Claudio Abba
     0:0.087  1:0.484  2:0.284  3:0.433  4:0.353  5:0.197  6:0.433  7:0.212  8:0.456  9:0.281  10:0.261  11:0.353
     최저 0반음 0.0870   차점 5반음 0.1971
  Claudio Abbado         tuning +0.050  기준 Herbert von 
     0:0.087  1:0.353  2:0.261  3:0.281  4:0.456  5:0.212  6:0.433  7:0.197  8:0.353  9:0.433  10:0.284  11:0.484
     최저 0반음 0.0870   차점 7반음 0.1971
  Georg Solti            tuning +0.120  기준 Herbert von 
     0:0.097  1:0.386  2:0.282  3:0.332  4:0.394  5:0.196  6:0.375  7:0.207  8:0.349  9:0.375  10:0.282  11:0.330
     최저 0반음 0.0969   차점 5반음 0.1956

■ piece 233  피아노 협주곡 G장조 M. 83
  Seong-Jin Cho          tuning +0.040  기준 Martha Arger
     0:0.068  1:0.253  2:0.260  3:0.253  4:0.294  5:0.207  6:0.276  7:0.238  8:0.246  9:0.256  10:0.245  11:0.252
     최저 0반음 0.0682   차점 5반음 0.2072
  Martha Argerich        tuning +0.270  기준 Seong-Jin Ch
     0:0.068  1:0.252  2:0.245  3:0.256  4:0.246  5:0.238  6:0.276  7:0.207  8:0.294  9:0.253  10:0.260  11:0.253
     최저 0반음 0.0682   차점 7반음 0.2072
  Pascal Rogé            tuning +0.060  기준 Seong-Jin Ch
     0:0.063  1:0.304  2:0.283  3:0.245  4:0.264  5:0.220  6:0.275  7:0.217  8:0.257  9:0.265  10:0.271  11:0.275
     최저 0반음 0.0631   차점 7반음 0.2166
