### 384 예르비 끝 훑기 (영상 243s, 검출 231.36)
Yri4yKy9g9Q 시작 0.53 고정, 끝을 민다
  끝     gEr-yDnm70  nXIa86OJ04
    231.4      0.0805      0.0499
    234.0      0.0807      0.0503
    237.0      0.0822      0.0522
    240.0      0.0839      0.0545
    242.5      0.0849      0.0554

### 384 나머지 끝 훑기
gEr-yDnm704 시작 0.21 고정, 끝을 민다
  끝     Yri4yKy9g9  nXIa86OJ04
    246.6      0.0805      0.0746
    248.0      0.0804      0.0745
    249.5      0.0805      0.0746
nXIa86OJ04Q 시작 2.51 고정, 끝을 민다
  끝     gEr-yDnm70  Yri4yKy9g9
    239.9      0.0746      0.0499
    242.0      0.0743      0.0498
    244.5      0.0760      0.0518

### 383 자기 정렬 · 384 자기 정렬
### acYI5iroUK0  0.93-120.93  블록 40s
   앞블록 ↔ 다음블록      0.1479
   자기 ↔ 자기+2  초       0.0204
   자기 ↔ 자기+5  초       0.0586
   자기 ↔ 자기+10 초       0.1135
   자기 ↔ 자기+20 초       0.1563
   자기 ↔ 자기+40 초       0.1479
### VVztr4PsRYs  0.37-121.58  블록 40s
   앞블록 ↔ 다음블록      0.1468
   자기 ↔ 자기+2  초       0.0069
   자기 ↔ 자기+5  초       0.0503
   자기 ↔ 자기+10 초       0.0984
   자기 ↔ 자기+20 초       0.1740
   자기 ↔ 자기+40 초       0.1468
### B702GYWSAcc  2.25-122.81  블록 40s
   앞블록 ↔ 다음블록      0.1687
   자기 ↔ 자기+2  초       0.0119
   자기 ↔ 자기+5  초       0.0629
   자기 ↔ 자기+10 초       0.0974
   자기 ↔ 자기+20 초       0.1829
   자기 ↔ 자기+40 초       0.1687
### gEr-yDnm704  0.21-246.55  블록 40s
   앞블록 ↔ 다음블록      0.1134
   자기 ↔ 자기+2  초       0.0166
   자기 ↔ 자기+5  초       0.0329
   자기 ↔ 자기+10 초       0.0545
   자기 ↔ 자기+20 초       0.1227
   자기 ↔ 자기+40 초       0.1134
### Yri4yKy9g9Q  0.53-231.36  블록 40s
   앞블록 ↔ 다음블록      0.0964
   자기 ↔ 자기+2  초       0.0173
   자기 ↔ 자기+5  초       0.0298
   자기 ↔ 자기+10 초       0.0513
   자기 ↔ 자기+20 초       0.1221
   자기 ↔ 자기+40 초       0.0964
### nXIa86OJ04Q  2.51-239.89  블록 40s
   앞블록 ↔ 다음블록      0.1062
   자기 ↔ 자기+2  초       0.0183
   자기 ↔ 자기+5  초       0.0320
   자기 ↔ 자기+10 초       0.0560
   자기 ↔ 자기+20 초       0.1244
   자기 ↔ 자기+40 초       0.1062
