===== 383 (발췌 창) =====
acYI5iroUK0  tuning +0.140 반음
VVztr4PsRYs  tuning -0.160 반음
B702GYWSAcc  tuning +0.050 반음

acYI5iroUK0 ↔ VVztr4PsRYs
   0:0.0674  1:0.2369  2:0.2045  3:0.2060  4:0.2035  5:0.1962  6:0.2376  7:0.1953  8:0.1976  9:0.2095  10:0.2422  11:0.2114
   최저 0반음 0.0674   차점 7반음 0.1953

acYI5iroUK0 ↔ B702GYWSAcc
   0:0.0552  1:0.2800  2:0.2355  3:0.2324  4:0.2276  5:0.2298  6:0.2804  7:0.2487  8:0.2407  9:0.2253  10:0.2446  11:0.2271
   최저 0반음 0.0552   차점 9반음 0.2253

VVztr4PsRYs ↔ B702GYWSAcc
   0:0.0647  1:0.2382  2:0.2597  3:0.2148  4:0.2138  5:0.2126  6:0.2333  7:0.2315  8:0.2056  9:0.2225  10:0.2189  11:0.2109
   최저 0반음 0.0647   차점 8반음 0.2056

===== 384 =====
gEr-yDnm704  tuning +0.240 반음
Yri4yKy9g9Q  tuning +0.040 반음
nXIa86OJ04Q  tuning +0.040 반음

gEr-yDnm704 ↔ Yri4yKy9g9Q
   0:0.0805  1:0.2264  2:0.2040  3:0.1877  4:0.2045  5:0.1680  6:0.2247  7:0.1546  8:0.2180  9:0.2029  10:0.1661  11:0.2250
   최저 0반음 0.0805   차점 7반음 0.1546

gEr-yDnm704 ↔ nXIa86OJ04Q
   0:0.0746  1:0.2187  2:0.2079  3:0.2158  4:0.2211  5:0.1766  6:0.2317  7:0.1851  8:0.2422  9:0.2130  10:0.2140  11:0.2215
   최저 0반음 0.0746   차점 5반음 0.1766

Yri4yKy9g9Q ↔ nXIa86OJ04Q
   0:0.0499  1:0.2415  2:0.2411  3:0.2447  4:0.2271  5:0.1856  6:0.2467  7:0.1765  8:0.2156  9:0.2241  10:0.2195  11:0.2435
   최저 0반음 0.0499   차점 7반음 0.1765
