### 381 칼춤 (오르만디 끝을 157 로 고쳐서)
  오르만디     ↔ 워즈워스      0반음 0.0504   최저 0반음 0.0504   차점 8반음 0.1365
  오르만디     ↔ 피스툴라리     0반음 0.0515   최저 0반음 0.0515   차점 5반음 0.1244
  오르만디     ↔ 로주데스트벤스키  0반음 0.0436   최저 0반음 0.0436   차점 5반음 0.1038
  오르만디     ↔ 체크나보리안    0반음 0.0461   최저 0반음 0.0461   차점 9반음 0.1059
  워즈워스     ↔ 피스툴라리     0반음 0.0692   최저 0반음 0.0692   차점 9반음 0.1418
  워즈워스     ↔ 로주데스트벤스키  0반음 0.0581   최저 0반음 0.0581   차점 4반음 0.1220
  워즈워스     ↔ 체크나보리안    0반음 0.0681   최저 0반음 0.0681   차점 4반음 0.1232
  피스툴라리    ↔ 로주데스트벤스키  0반음 0.0616   최저 0반음 0.0616   차점 1반음 0.1070
  피스툴라리    ↔ 체크나보리안    0반음 0.0630   최저 0반음 0.0630   차점 1반음 0.1132
  로주데스트벤스키 ↔ 체크나보리안    0반음 0.0435   최저 0반음 0.0435   차점 4반음 0.1003
  --- 세 연주 조합
    최대 0.0461  오르만디 · 로주데스트벤스키 · 체크나보리안
    최대 0.0581  오르만디 · 워즈워스 · 로주데스트벤스키
    최대 0.0616  오르만디 · 피스툴라리 · 로주데스트벤스키
    최대 0.0630  오르만디 · 피스툴라리 · 체크나보리안
    최대 0.0630  피스툴라리 · 로주데스트벤스키 · 체크나보리안
    최대 0.0681  오르만디 · 워즈워스 · 체크나보리안
    최대 0.0681  워즈워스 · 로주데스트벤스키 · 체크나보리안
    최대 0.0692  오르만디 · 워즈워스 · 피스툴라리
    최대 0.0692  워즈워스 · 피스툴라리 · 로주데스트벤스키
    최대 0.0692  워즈워스 · 피스툴라리 · 체크나보리안

### 377 부에노스 아이레스의 여름
  크레머      ↔ 윌리엄스      0반음 0.2173   최저 0반음 0.2173   차점 5반음 0.2354
  크레머      ↔ 쿠아르테토     0반음 0.1475   최저 0반음 0.1475   차점 5반음 0.2040
  윌리엄스     ↔ 쿠아르테토     0반음 0.2325   최저 0반음 0.2325   차점 7반음 0.2429
  --- 세 연주 조합
    최대 0.2325  크레머 · 윌리엄스 · 쿠아르테토

### 381 오르만디 끝 훑기
  끝 111.71  대 워즈워스 0.0594   대 피스툴라리 0.0585
  끝 120.00  대 워즈워스 0.0620   대 피스툴라리 0.0634
  끝 130.00  대 워즈워스 0.0578   대 피스툴라리 0.0583
  끝 140.00  대 워즈워스 0.0524   대 피스툴라리 0.0545
  끝 150.00  대 워즈워스 0.0453   대 피스툴라리 0.0477
  끝 157.00  대 워즈워스 0.0504   대 피스툴라리 0.0515
