warning: unused import: `ConcertWithArtists`
 --> src/concert/api.rs:2:43
  |
2 |     ConcertListItem, ConcertTicketVendor, ConcertWithArtists, ConcertWithDetails, CreateConcert,
  |                                           ^^^^^^^^^^^^^^^^^^
  |
  = note: `#[warn(unused_imports)]` (part of `#[warn(unused)]`) on by default

warning: unused variable: `code`
   --> src/concert/repository.rs:561:33
    |
561 |         let query = if let Some(code) = area_code {
    |                                 ^^^^ help: if this is intentional, prefix it with an underscore: `_code`
    |
    = note: `#[warn(unused_variables)]` (part of `#[warn(unused)]`) on by default

{
  "status": "succeeded",
  "runId": "37482d0e-1298-4433-b78b-c7fe0ffd4e88",
  "bundlePath": "/Users/kdh/.cache/classicmap/comparison/a-a29/a-a29-candidates.jsonl",
  "rowCount": 3,
  "dryRun": false,
  "mutations": {
    "performanceSources": 3,
    "performanceSectors": 1,
    "performanceCandidates": 3,
    "performanceCredits": 6,
    "performances": 3,
    "clipJobs": 3,
    "total": 19
  },
  "plannedMutations": {
    "performanceSources": 3,
    "performanceSectors": 1,
    "performanceCandidates": 3,
    "performanceCredits": 6,
    "performances": 3,
    "clipJobs": 3,
    "total": 19
  }
}
