■ Riccardo Muti  (Px4pyTlX-bI)  0.05–151.58

1. 구간 삼등분 — 앞뒤만 나쁘면 경계 문제
구간            Sir Simon     James Levi
앞                 0.0554        0.0830
중간                0.0536        0.0740
뒤                 0.0558        0.0741

2. 끝점 훑기
     경계(초)    Sir Simon     James Levi            최대
     145.6        0.0547        0.0762        0.0762
     148.1        0.0542        0.0760        0.0760
     150.6        0.0541        0.0760        0.0760
     153.1        0.0540        0.0766        0.0766
     155.6        0.0539        0.0766        0.0766
     158.1        0.0539        0.0766        0.0766
     160.6        0.0539        0.0766        0.0766
     163.1        0.0539        0.0766        0.0766
     165.6        0.0539        0.0766        0.0766
     168.1        0.0539        0.0766        0.0766

3. 시작점 훑기
     경계(초)    Sir Simon     James Levi            최대
       0.0        0.0538        0.0758        0.0758
       0.0        0.0538        0.0758        0.0758
       0.0        0.0538        0.0758        0.0758
       1.6        0.0532        0.0755        0.0755
       4.0        0.0542        0.0755        0.0755
       6.5        0.0536        0.0755        0.0755
       9.1        0.0529        0.0744        0.0744
      11.6        0.0513        0.0741        0.0741
      14.1        0.0506        0.0738        0.0738
      16.6        0.0501        0.0727        0.0727

4. 12방향 회전 — 특정 회전에서 뚝 떨어지면 이조
  0:0.054  1:0.172  2:0.095  3:0.127  4:0.177  5:0.103  6:0.150  7:0.093  8:0.158  9:0.160  10:0.122  11:0.197
  가장 잘 맞는 회전 0반음 (0.0540)  ← 0반음이면 조성은 같다
