### tuning
  380 Jean-Yves Thibaudet  +0.010
  380 Pascal Rogé          -0.010
  380 Aldo Ciccolini       +0.130
  349 Sir Simon Rattle     +0.150
  349 Riccardo Muti        +0.060
  349 James Levine         +0.210
  350 Sir Simon Rattle     +0.150
  350 Riccardo Muti        +0.050
  350 James Levine         +0.070

### 349 ↔ 350 교차 (다른 악장이면 높아야 한다)
  349 Sir Simon Ratt  ↔ 350 Sir Simon Ratt  같은녹음  0.0659
  349 Sir Simon Ratt  ↔ 350 Riccardo Muti   다른녹음  0.0723
  349 Sir Simon Ratt  ↔ 350 James Levine    다른녹음  0.0747
  349 Riccardo Muti   ↔ 350 Sir Simon Ratt  다른녹음  0.0805
  349 Riccardo Muti   ↔ 350 Riccardo Muti   같은녹음  0.0854
  349 Riccardo Muti   ↔ 350 James Levine    다른녹음  0.0858
  349 James Levine    ↔ 350 Sir Simon Ratt  다른녹음  0.0976
  349 James Levine    ↔ 350 Riccardo Muti   다른녹음  0.0848
  349 James Levine    ↔ 350 James Levine    같은녹음  0.0732

### 회전 12방향 (최종 구간)
  349 Sir Simon Rattle  vs Riccardo Muti   최저 0반음 0.0540  차점 5반음 0.0933
      0:0.054  1:0.197  2:0.122  3:0.160  4:0.158  5:0.093  6:0.150  7:0.103  8:0.177  9:0.127  10:0.095  11:0.172
  349 Riccardo Muti     vs Sir Simon Ratt  최저 0반음 0.0540  차점 7반음 0.0933
      0:0.054  1:0.172  2:0.095  3:0.127  4:0.177  5:0.103  6:0.150  7:0.093  8:0.158  9:0.160  10:0.122  11:0.197
  349 James Levine      vs Sir Simon Ratt  최저 0반음 0.0451  차점 7반음 0.0831
      0:0.045  1:0.163  2:0.102  3:0.156  4:0.140  5:0.112  6:0.129  7:0.083  8:0.130  9:0.134  10:0.165  11:0.138
  350 Sir Simon Rattle  vs Riccardo Muti   최저 0반음 0.0493  차점 5반음 0.0961
      0:0.049  1:0.246  2:0.185  3:0.184  4:0.200  5:0.096  6:0.229  7:0.108  8:0.191  9:0.173  10:0.207  11:0.262
  350 Riccardo Muti     vs Sir Simon Ratt  최저 0반음 0.0493  차점 7반음 0.0961
      0:0.049  1:0.262  2:0.207  3:0.173  4:0.191  5:0.108  6:0.229  7:0.096  8:0.200  9:0.184  10:0.185  11:0.246
  350 James Levine      vs Sir Simon Ratt  최저 0반음 0.0534  차점 7반음 0.1142
      0:0.053  1:0.235  2:0.142  3:0.167  4:0.181  5:0.121  6:0.237  7:0.114  8:0.202  9:0.159  10:0.183  11:0.197
  380 Jean-Yves Thibau  vs Pascal Rogé     최저 0반음 0.0704  차점 5반음 0.2216
      0:0.070  1:0.414  2:0.271  3:0.326  4:0.388  5:0.222  6:0.443  7:0.232  8:0.404  9:0.329  10:0.261  11:0.443
  380 Pascal Rogé       vs Jean-Yves Thib  최저 0반음 0.0704  차점 7반음 0.2216
      0:0.070  1:0.443  2:0.261  3:0.329  4:0.404  5:0.232  6:0.443  7:0.222  8:0.388  9:0.326  10:0.271  11:0.414
  380 Aldo Ciccolini    vs Jean-Yves Thib  최저 0반음 0.0619  차점 5반음 0.2257
      0:0.062  1:0.463  2:0.272  3:0.348  4:0.407  5:0.226  6:0.458  7:0.232  8:0.441  9:0.339  10:0.292  11:0.406
