warning: unused import: `ConcertWithArtists`
 --> src/concert/api.rs:2:43
  |
2 |     ConcertListItem, ConcertTicketVendor, ConcertWithArtists, ConcertWithDetails, CreateConcert,
  |                                           ^^^^^^^^^^^^^^^^^^
  |
  = note: `#[warn(unused_imports)]` (part of `#[warn(unused)]`) on by default

warning: unused variable: `code`
   --> src/concert/repository.rs:561:33
    |
561 |         let query = if let Some(code) = area_code {
    |                                 ^^^^ help: if this is intentional, prefix it with an underscore: `_code`
    |
    = note: `#[warn(unused_variables)]` (part of `#[warn(unused)]`) on by default

{
  "status": "succeeded",
  "bundlePath": "/Users/kdh/.cache/classicmap/comparison/arr-2/arr-2-clip-assets.jsonl",
  "rowCount": 6,
  "dryRun": false,
  "publish": true,
  "seedRunId": "957bc01d-32cb-447f-b96c-3239b981183d",
  "mutations": {
    "clipJobsInserted": 0,
    "clipJobsUpdated": 6,
    "clipAssetsInserted": 6,
    "clipAssetsRetired": 0,
    "clipAssetsUpdated": 0,
    "performancesReady": 0,
    "publishTransitions": 12,
    "total": 24
  },
  "plannedMutations": {
    "clipJobsInserted": 0,
    "clipJobsUpdated": 6,
    "clipAssetsInserted": 6,
    "clipAssetsRetired": 0,
    "clipAssetsUpdated": 0,
    "performancesReady": 0,
    "publishTransitions": 12,
    "total": 24
  },
  "performanceIds": [
    770,
    771,
    772,
    773,
    774,
    775
  ]
}
