warning: unused import: `ConcertWithArtists`
 --> src/concert/api.rs:2:43
  |
2 |     ConcertListItem, ConcertTicketVendor, ConcertWithArtists, ConcertWithDetails, CreateConcert,
  |                                           ^^^^^^^^^^^^^^^^^^
  |
  = note: `#[warn(unused_imports)]` (part of `#[warn(unused)]`) on by default

warning: unused variable: `code`
   --> src/concert/repository.rs:561:33
    |
561 |         let query = if let Some(code) = area_code {
    |                                 ^^^^ help: if this is intentional, prefix it with an underscore: `_code`
    |
    = note: `#[warn(unused_variables)]` (part of `#[warn(unused)]`) on by default

{
  "status": "succeeded",
  "runId": "f553c008-fc45-4fbf-a9f9-7ae5e1833dac",
  "bundlePath": "/Users/kdh/.cache/classicmap/comparison/arr-1/arr-1-candidates.jsonl",
  "rowCount": 3,
  "dryRun": false,
  "mutations": {
    "performanceSources": 3,
    "performanceSectors": 1,
    "performanceCandidates": 3,
    "performanceCredits": 3,
    "performances": 3,
    "clipJobs": 3,
    "total": 16
  },
  "plannedMutations": {
    "performanceSources": 3,
    "performanceSectors": 1,
    "performanceCandidates": 3,
    "performanceCredits": 3,
    "performances": 3,
    "clipJobs": 3,
    "total": 16
  }
}
