■ Eugene Ormandy  (eLvdpwvI0sU)  1.63–93.58

1. 구간 삼등분 — 앞뒤만 나쁘면 경계 문제
구간            André Prev    Leonard Sl
앞                 0.1659        0.1291
중간                0.2401        0.2148
뒤                 0.3030        0.3253

2. 끝점 훑기
     경계(초)    André Prev    Leonard Sl            최대
      87.6        0.1295        0.1002        0.1295
      90.1        0.1165        0.0849        0.1165
      92.6        0.1113        0.0868        0.1113
      95.1        0.1113        0.0757        0.1113
      97.6        0.1111        0.0735        0.1111
     100.1        0.1135        0.0758        0.1135
     102.6        0.1157        0.0772        0.1157
     105.1        0.1023        0.0716        0.1023
     107.6        0.1037        0.0703        0.1037
     110.1        0.0989        0.0674        0.0989

3. 시작점 훑기
     경계(초)    André Prev    Leonard Sl            최대
       0.0        0.1149        0.0876        0.1149
       0.0        0.1149        0.0876        0.1149
       0.6        0.1152        0.0878        0.1152
       3.1        0.1103        0.0854        0.1103
       5.6        0.1140        0.0897        0.1140
       8.1        0.1214        0.0945        0.1214
      10.6        0.1176        0.0968        0.1176
      13.1        0.1144        0.0947        0.1144
      15.6        0.1153        0.0941        0.1153
      18.1        0.1145        0.0970        0.1145

4. 12방향 회전 — 특정 회전에서 뚝 떨어지면 이조
  0:0.113  1:0.290  2:0.224  3:0.298  4:0.309  5:0.220  6:0.336  7:0.207  8:0.355  9:0.278  10:0.293  11:0.293
  가장 잘 맞는 회전 0반음 (0.1127)  ← 0반음이면 조성은 같다
