
■ piece 356  청소년을 위한 관현악 입문 Op. 34
  André Previn               tuning +0.040
  Eugene Ormandy             tuning +0.040
  Leonard Slatkin            tuning +0.050
  회전 André Previn ↔ Eugene Orman: 0:0.092  1:0.252  2:0.234  3:0.278  4:0.346  5:0.212  6:0.275  7:0.204  8:0.301  9:0.322  10:0.239  11:0.267
     최저 0반음 (0.0924)  차점 7반음 (0.2040)  ← 0반음 최저
  회전 André Previn ↔ Leonard Slat: 0:0.065  1:0.256  2:0.224  3:0.248  4:0.290  5:0.185  6:0.265  7:0.202  8:0.293  9:0.279  10:0.221  11:0.251
     최저 0반음 (0.0649)  차점 5반음 (0.1847)  ← 0반음 최저
  회전 Eugene Orman ↔ Leonard Slat: 0:0.076  1:0.245  2:0.228  3:0.273  4:0.273  5:0.183  6:0.244  7:0.189  8:0.285  9:0.260  10:0.225  11:0.230
     최저 0반음 (0.0756)  차점 5반음 (0.1830)  ← 0반음 최저

■ piece 358  전쟁 레퀴엠 Op. 66
  Mariss Jansons             tuning +0.160
  Simon Rattle               tuning +0.030
  Gianandrea Noseda          tuning +0.080
  회전 Mariss Janso ↔ Simon Rattle: 0:0.057  1:0.322  2:0.291  3:0.289  4:0.300  5:0.285  6:0.309  7:0.276  8:0.312  9:0.289  10:0.305  11:0.299
     최저 0반음 (0.0568)  차점 7반음 (0.2760)  ← 0반음 최저
  회전 Mariss Janso ↔ Gianandrea N: 0:0.063  1:0.264  2:0.268  3:0.272  4:0.287  5:0.282  6:0.282  7:0.260  8:0.284  9:0.292  10:0.275  11:0.299
     최저 0반음 (0.0627)  차점 7반음 (0.2603)  ← 0반음 최저
  회전 Simon Rattle ↔ Gianandrea N: 0:0.059  1:0.285  2:0.307  3:0.277  4:0.312  5:0.294  6:0.300  7:0.291  8:0.279  9:0.294  10:0.283  11:0.337
     최저 0반음 (0.0594)  차점 3반음 (0.2770)  ← 0반음 최저

■ piece 359  첼로 모음곡 1번 Op. 72
  Mstislav Rostropovich      tuning +0.250
  Truls Mørk                 tuning +0.080
  Alban Gerhardt             tuning +0.050
  회전 Mstislav Ros ↔ Truls Mørk: 0:0.066  1:0.431  2:0.353  3:0.394  4:0.451  5:0.334  6:0.463  7:0.392  8:0.433  9:0.393  10:0.343  11:0.427
     최저 0반음 (0.0660)  차점 5반음 (0.3336)  ← 0반음 최저
  회전 Mstislav Ros ↔ Alban Gerhar: 0:0.059  1:0.422  2:0.342  3:0.385  4:0.441  5:0.371  6:0.473  7:0.414  8:0.457  9:0.405  10:0.311  11:0.452
     최저 0반음 (0.0589)  차점 10반음 (0.3108)  ← 0반음 최저
  회전 Truls Mørk ↔ Alban Gerhar: 0:0.078  1:0.469  2:0.364  3:0.396  4:0.437  5:0.380  6:0.489  7:0.371  8:0.493  9:0.449  10:0.381  11:0.481
     최저 0반음 (0.0783)  차점 2반음 (0.3636)  ← 0반음 최저
