a-a23 영상 선정 근거 — 모두 영상 설명의 배급 표기(Provided to YouTube by …)에서 읽음

[356 청소년을 위한 관현악 입문 Op.34] 전곡 트랙 3종, 해설·내레이션 없음
CBdltQz5eQM  André Previn - Topic  1031s
  Provided to YouTube by Universal Music Group
  "Britten: Young Person's Guide to the Orchestra, Op. 34 · André Previn ·
   Royal Philharmonic Orchestra · Benjamin Britten"
  앨범 Prokofiev: Peter and the Wolf - Britten: Young Person's Guide / ℗ 1986 Telarc
  → 지휘 Previn Q155712 / 악단 Royal Philharmonic Orchestra Q856125
  ※ 검색어는 "London Symphony" 였으나 배급 표기는 RPO. 채널명·검색어로 짐작하지 않음
eLvdpwvI0sU  Eugene Ormandy - Topic  1072s
  Provided to YouTube by Sony Classical
  "The Young Person's Guide to the Orchestral, Op. 34 · Eugene Ormandy ·
   The Philadelphia Orchestra"  / Conductor: Eugene Ormandy / Orchestra: The Philadelphia Orchestra
  ℗ 1959 Sony Music Entertainment (녹음 1957-07-15)
  → Ormandy Q344023 / Philadelphia Orchestra Q659181
QcfXhTN3mg4  Leonard Slatkin - Topic  992s
  Provided to YouTube by RCA Red Seal
  "… · Leonard Slatkin · The London Philharmonic" / Conductor: Leonard Slatkin
  Orchestra: The London Philharmonic / ℗ 1993 Sony Music Entertainment
  → Slatkin Q509870 / London Philharmonic Orchestra Q863397

  뺀 후보
  GenWkFVSZXo (LSO 채널, Decca 1964) — 지휘자가 브리튼 본인. 작곡가 QID Q150767 와
    같은 엔티티라 CONDUCTOR 크레딧으로 쓰면 작곡가 엔티티가 연주자로 붙는다
  S1SCfnD5Etg / MVtdtXWAe4A (Bernstein) — 배급 표기에 Henry Chapin(내레이터)이 있고
    앨범이 "Classical Music With a Story". 해설 낭독이 섞인 판
  qa5WA-rC3zM (Maazel) — "Lorin Maazel with Orchestra", 악단 이름이 없음. ℗ Merrorecords
  pS-fenr015U (CBSO/Rattle, Warner 1996) — 쓸 수 있으나 Rattle 을 358 에 씀

[358 전쟁 레퀴엠 Op.66 — 1곡 Requiem aeternam]
4eS8SQzuO0s  "Emily Magee - Topic" 578s   ← 채널 이름은 소프라노다. 배급 표기로 판정
  Provided to YouTube by NAXOS of America / ℗ 2013 BR-Klassik
  Conductor: Mariss Jansons / Orchestra: Bavarian Radio Symphony Orchestra
  Choir: Bavarian Radio Chorus / Choir: Tolz Boys' Choir
  → Jansons Q158340 / BRSO Q636159 / Bavarian Radio Chorus Q881144
     (소년합창단 Tolz 는 choir 키가 하나뿐이라 주합창단만 붙임)
jpOnq_Egjp8  City of Birmingham Symphony Orchestra - Topic 371s
  Provided to YouTube by Warner Classics / ℗ 1983 Parlophone
  Conductor: Sir Simon Rattle / Orchestra: City of Birmingham Symphony Orchestra
  Chorus: City of Birmingham Symphony Chorus / Choir: Christ Church Cathedral Choir, Oxford
  → Rattle Q157814 / CBSO Q706774 / CBSO Chorus Q5009213
oW9RnGEfs7w  Gianandrea Noseda - Topic 217s
  Provided to YouTube by harmonia mundi / ℗ 2012 London Symphony Orchestra Ltd
  Conductor: Gianandrea Noseda / Choir: London Symphony Chorus / Orchestra: London Symphony Orchestra
  → Noseda Q2631069 / LSO Q155805 / London Symphony Chorus Q6670826

  뺀 후보
  pJwaF1Kb_i8 / UXd66NkrP6U (Decca 1963) — 지휘 브리튼 본인. 356 과 같은 이유
  rT2BrNAME5c — 같은 Decca 1963 녹음의 집계업체 재배급(℗ Musikazoo / "Awards Winners")
  aEYow4OoMhA / UUaQvAxu46k (Pappano, Warner) — 합창단
    Coro dell'Accademia Nazionale di Santa Cecilia 에 위키데이터 항목이 없어 합창 크레딧을 못 붙임
  dI0kViZqRHQ (Hickox Q162821, Chandos) — 악단·합창이 Noseda 와 같은 LSO+LSC 로 겹침
  ZEB4tasKvDo (Robert Shaw, Telarc) — 지휘자·합창단 위키데이터 항목 없음
  bzmW2rDLUVs (Masur, LPO) — 표기에 합창단이 없음
  darfcmdZ9QY (Robert Shafer / "Washington Orchestra") — 단체 항목 없음

[359 첼로 모음곡 1번 Op.72 — Canto primo] 낱 악장 트랙 3종, 무반주라 딸림 크레딧 없음
JylyM4LhFsQ  Mstislav Rostropovich - Topic 145s
  Provided to YouTube by Universal Music Group / ℗ 1969 Decca
  앨범 "Britten: Cello Suites 1 & 2; Sonata for Cello and Piano" → 헌정자 본인의 표준 녹음
  → Rostropovich Q152043
Pu51moF6dYo  Truls Mørk - Topic 142s
  Provided to YouTube by Warner Classics / ℗ 2000 Parlophone (Erato)
  앨범 "Britten: Cello Suites Nos. 1 - 3" / Cello: Truls Mørk  → Q527351
ZX35HT7n30w  Alban Gerhardt - Topic 150s
  Provided to YouTube by Universal Music Group / ℗ 2013 Hyperion
  앨범 "Britten: Cello Symphony, Cello Sonata & Cello Suites Nos. 1, 2 & 3"  → Q106657

  뺀 후보: 7v9V9lrP69M(같은 Rostropovich 1969 녹음, 박스반) · n7tcrtTnTXY(Rostropovich
  Warner "Russian Years" — 한 연주자 중복 금지) · PavxUPEjGX8(Ramm) · tTCCgf5GA7w(Tim Hugh)
  · tQi9gbgwcR0(Robert Cohen) · dQgJUu_mr9A(Wispelwey) — 모두 DB 미등록 연주자
