■ nImFFkrDv8U 214.0-224.7  onset: 214.05, 215.00, 215.25, 215.52, 216.77, 217.30, 217.40, 218.33, 224.17
   t      피크dB
    214.00    -31.8
    214.20    -35.8
    214.40    -37.9
    214.60    -37.1
    214.80    -39.4
    215.00    -33.4
    215.20    -29.7
    215.40    -30.4
    215.60    -30.1
    215.80    -32.0
    216.00    -36.2
    216.20    -35.7
    216.40    -38.4
    216.60    -38.6
    216.80    -35.8
    217.00    -35.5
    217.20    -36.8
    217.40    -30.8
    217.60    -31.7
    217.80    -36.0
    218.00    -38.1
    218.20    -38.8
    218.40    -41.6
    218.60    -41.8
    218.80    -39.0
    219.00    -46.0
    219.20    -37.9
    219.40    -41.2
    219.60    -43.4
    219.80    -39.9
    220.00    -41.1
    220.20    -41.0
    220.40    -41.1
    220.60    -43.8
    220.80    -41.5
    221.00    -41.3
    221.20    -41.0
    221.40    -39.2
    221.60    -41.2
    221.80    -39.2
    222.00    -36.4
    222.20    -40.3
    222.40    -40.7
    222.60    -38.1
    222.80    -38.8
    223.00    -40.9
    223.20    -39.5
    223.40    -41.2
    223.60    -38.2
    223.80    -40.8
    224.00    -39.1
    224.20    -44.2
    224.40    -40.8
    224.60    -44.2
