■ 블록을 상대 전곡 창에서 찾아 본다 (부분열 DTW)
  로제    1/3 (   4.2-  76.4, 상대 0.00) → 치콜리니     3.0-  62.7 상대 0.01  길이비 0.83  비용 0.0636
  로제    1/3 (   4.2-  76.4, 상대 0.00) → 티보데     14.7-  86.7 상대 0.05  길이비 1.00  비용 0.0584
  로제    2/3 (  76.4- 148.6, 상대 0.33) → 치콜리니    81.9- 122.7 상대 0.45  길이비 0.57  비용 0.0681
  로제    2/3 (  76.4- 148.6, 상대 0.33) → 티보데    122.9- 152.8 상대 0.45  길이비 0.41  비용 0.0763
  로제    3/3 ( 148.6- 220.8, 상대 0.67) → 치콜리니    80.8- 101.5 상대 0.45  길이비 0.29  비용 0.0833
  로제    3/3 ( 148.6- 220.8, 상대 0.67) → 티보데    133.3- 153.3 상대 0.49  길이비 0.28  비용 0.0819
  치콜리니  1/3 (   1.8-  60.7, 상대 0.00) → 로제       9.7-  67.8 상대 0.03  길이비 0.98  비용 0.0622
  치콜리니  1/3 (   1.8-  60.7, 상대 0.00) → 티보데     14.1-  86.5 상대 0.05  길이비 1.23  비용 0.0358
  치콜리니  2/3 (  60.7- 119.7, 상대 0.33) → 로제      48.0-  71.2 상대 0.20  길이비 0.39  비용 0.0607
  치콜리니  2/3 (  60.7- 119.7, 상대 0.33) → 티보데    106.1- 156.7 상대 0.39  길이비 0.86  비용 0.0333
  치콜리니  3/3 ( 119.7- 178.6, 상대 0.67) → 로제      52.1-  68.1 상대 0.22  길이비 0.27  비용 0.0777
  치콜리니  3/3 ( 119.7- 178.6, 상대 0.67) → 티보데     61.8- 146.4 상대 0.23  길이비 1.44  비용 0.0308
  티보데   1/3 (   0.6-  90.4, 상대 0.00) → 치콜리니     1.8-  56.6 상대 0.00  길이비 0.61  비용 0.0320
  티보데   1/3 (   0.6-  90.4, 상대 0.00) → 로제       9.6-  67.4 상대 0.02  길이비 0.64  비용 0.0557
  티보데   2/3 (  90.4- 180.1, 상대 0.33) → 치콜리니    63.2- 121.2 상대 0.35  길이비 0.65  비용 0.0308
  티보데   2/3 (  90.4- 180.1, 상대 0.33) → 로제      48.9-  63.8 상대 0.21  길이비 0.17  비용 0.0602
  티보데   3/3 ( 180.1- 269.9, 상대 0.67) → 치콜리니    45.0-  97.1 상대 0.24  길이비 0.58  비용 0.0277
  티보데   3/3 ( 180.1- 269.9, 상대 0.67) → 로제     145.6- 202.5 상대 0.65  길이비 0.63  비용 0.0698

■ 자기 안 앞/뒤 절반 정렬 (되풀이 바닥)
  치콜리니  앞절반 ↔ 뒤절반 : 0.0683
  로제    앞절반 ↔ 뒤절반 : 0.0813
  티보데   앞절반 ↔ 뒤절반 : 0.0672
