■ Jean-Yves Thibaudet  (srfU6e9nY7A)  0.58–269.91

1. 구간 삼등분 — 앞뒤만 나쁘면 경계 문제
구간            Aldo Cicco    Pascal Rog
앞                 0.0494        0.0779
중간                0.0502        0.1017
뒤                 0.0473        0.1103

2. 끝점 훑기
     경계(초)    Aldo Cicco    Pascal Rog            최대
     263.9        0.0497        0.0932        0.0932
     266.4        0.0483        0.0921        0.0921
     268.9        0.0469        0.0915        0.0915
     271.4        0.0474        0.0904        0.0904
     273.9        0.0482        0.0902        0.0902
     276.4        0.0482        0.0902        0.0902
     278.9        0.0482        0.0902        0.0902
     281.4        0.0482        0.0902        0.0902
     283.9        0.0482        0.0902        0.0902
     286.4        0.0482        0.0902        0.0902

3. 시작점 훑기
     경계(초)    Aldo Cicco    Pascal Rog            최대
       0.0        0.0482        0.0924        0.0924
       0.0        0.0482        0.0924        0.0924
       0.0        0.0482        0.0924        0.0924
       2.1        0.0477        0.0919        0.0919
       4.6        0.0481        0.0934        0.0934
       7.1        0.0483        0.0928        0.0928
       9.6        0.0495        0.0935        0.0935
      12.1        0.0492        0.0948        0.0948
      14.6        0.0503        0.0941        0.0941
      17.1        0.0517        0.0970        0.0970

4. 12방향 회전 — 특정 회전에서 뚝 떨어지면 이조
  0:0.047  1:0.644  2:0.407  3:0.475  4:0.573  5:0.178  6:0.671  7:0.176  8:0.543  9:0.479  10:0.446  11:0.619
  가장 잘 맞는 회전 0반음 (0.0472)  ← 0반음이면 조성은 같다
