■ Pascal Rogé  (nImFFkrDv8U)  4.23–220.83

1. 구간 삼등분 — 앞뒤만 나쁘면 경계 문제
구간            Aldo Cicco    Jean-Yves 
앞                 0.0874        0.0779
중간                0.1018        0.1017
뒤                 0.1203        0.1103

2. 끝점 훑기
     경계(초)    Aldo Cicco    Jean-Yves             최대
     214.8        0.0972        0.0914        0.0972
     217.3        0.0963        0.0903        0.0963
     219.8        0.0953        0.0909        0.0953
     222.3        0.0959        0.0928        0.0959
     224.8        0.0982        0.0951        0.0982
     227.3        0.0982        0.0951        0.0982
     229.8        0.0982        0.0951        0.0982
     232.3        0.0982        0.0951        0.0982
     234.8        0.0982        0.0951        0.0982
     237.3        0.0982        0.0951        0.0982

3. 시작점 훑기
     경계(초)    Aldo Cicco    Jean-Yves             최대
       0.0        0.1004        0.0940        0.1004
       0.7        0.1001        0.0940        0.1001
       3.2        0.0972        0.0925        0.0972
       5.7        0.0970        0.0932        0.0970
       8.2        0.0963        0.0927        0.0963
      10.7        0.0974        0.0942        0.0974
      13.2        0.0972        0.0930        0.0972
      15.7        0.1019        0.0984        0.1019
      18.2        0.1055        0.0993        0.1055
      20.7        0.1031        0.0959        0.1031

4. 12방향 회전 — 특정 회전에서 뚝 떨어지면 이조
  0:0.096  1:0.579  2:0.423  3:0.416  4:0.463  5:0.179  6:0.616  7:0.171  8:0.514  9:0.432  10:0.365  11:0.547
  가장 잘 맞는 회전 0반음 (0.0956)  ← 0반음이면 조성은 같다
