■ 뒤투아 시작점 훑기 (길이 60s 고정)
  start      vs무티     vs아바도
    0.0    0.1207    0.0865
    2.0    0.1166    0.0882
    4.0    0.1104    0.0869
    6.0    0.1072    0.0859
    8.0    0.0998    0.0831
   10.0    0.0959    0.0837
   12.0    0.0865    0.0745
   14.0    0.0825    0.0747
   16.0    0.0771    0.0749
   18.0    0.0702    0.0736
   20.0    0.0603    0.0677
   22.0    0.0558    0.0462
   24.0    0.0548    0.0412
   26.0    0.0553    0.0400
   28.0    0.0589    0.0417
   30.0    0.0927    0.0612
   32.0    0.0973    0.0618

■ 뒤투아 머리가 자기 뒤와 같은 음악인가
   D[0.0-20.0] ↔ D[25.0-45.0] : 0.3056
   D[0.0-24.0] ↔ D[24.5-48.5] : 0.3410

■ 무티/아바도 머리끼리
   M[2.90-62.90] ↔ A[0.15-60.15] : 0.0675
