■ Aldo Ciccolini  (Nr63uWgOh24)  1.79–178.61

1. 구간 삼등분 — 앞뒤만 나쁘면 경계 문제
구간            Pascal Rog    Jean-Yves 
앞                 0.0874        0.0494
중간                0.1018        0.0502
뒤                 0.1203        0.0473

2. 끝점 훑기
     경계(초)    Pascal Rog    Jean-Yves             최대
     172.6        0.0992        0.0494        0.0992
     175.1        0.1007        0.0495        0.1007
     177.6        0.0973        0.0471        0.0973
     180.1        0.0951        0.0474        0.0951
     182.6        0.0949        0.0491        0.0949
     185.1        0.0949        0.0492        0.0949
     187.6        0.0949        0.0492        0.0949
     190.1        0.0949        0.0492        0.0949
     192.6        0.0949        0.0492        0.0949
     195.1        0.0949        0.0492        0.0949

3. 시작점 훑기
     경계(초)    Pascal Rog    Jean-Yves             최대
       0.0        0.0963        0.0486        0.0963
       0.0        0.0963        0.0486        0.0963
       0.8        0.0964        0.0482        0.0964
       3.3        0.0957        0.0474        0.0957
       5.8        0.0961        0.0484        0.0961
       8.3        0.0964        0.0495        0.0964
      10.8        0.0969        0.0484        0.0969
      13.3        0.1019        0.0522        0.1019
      15.8        0.1057        0.0560        0.1057
      18.3        0.1011        0.0531        0.1011

4. 12방향 회전 — 특정 회전에서 뚝 떨어지면 이조
  0:0.096  1:0.547  2:0.365  3:0.432  4:0.514  5:0.171  6:0.616  7:0.179  8:0.463  9:0.416  10:0.423  11:0.579
  가장 잘 맞는 회전 0반음 (0.0956)  ← 0반음이면 조성은 같다
