뒤투아 협대역 -20dB 0.2s 유지 첫 시각 (20s 이후): 24.261
   20.00  광대역   -57.0  협대역   -23.7
   20.10  광대역   -51.7  협대역   -21.2
   20.21  광대역   -51.2  협대역   -23.7
   20.31  광대역   -52.9  협대역   -22.8
   20.42  광대역   -51.1  협대역   -22.3
   20.52  광대역   -49.3  협대역   -22.0
   20.63  광대역   -50.5  협대역   -21.8
   20.73  광대역   -51.1  협대역   -24.2
   20.84  광대역   -52.1  협대역   -23.7
   20.94  광대역   -51.8  협대역   -22.3
   21.04  광대역   -52.8  협대역   -22.5
   21.15  광대역   -51.6  협대역   -21.6
   21.25  광대역   -52.6  협대역   -21.8
   21.36  광대역   -49.2  협대역   -21.0
   21.46  광대역   -52.4  협대역   -23.2
   21.57  광대역   -52.4  협대역   -22.4
   21.67  광대역   -53.5  협대역   -25.6
   21.78  광대역   -54.6  협대역   -24.2
   21.88  광대역   -52.1  협대역   -24.4
   21.99  광대역   -54.0  협대역   -23.3
   22.09  광대역   -52.3  협대역   -24.8
   22.19  광대역   -48.5  협대역   -22.5
   22.30  광대역   -50.8  협대역   -22.8
   22.40  광대역   -53.5  협대역   -27.3
   22.51  광대역   -53.4  협대역   -24.2
   22.61  광대역   -52.3  협대역   -24.8
   22.72  광대역   -49.4  협대역   -25.2
   22.82  광대역   -55.3  협대역   -26.0
   22.93  광대역   -54.5  협대역   -27.3
   23.03  광대역   -53.0  협대역   -25.6
   23.13  광대역   -56.1  협대역   -26.8
   23.24  광대역   -56.2  협대역   -26.4
   23.34  광대역   -51.6  협대역   -28.0
   23.45  광대역   -53.7  협대역   -28.3
   23.55  광대역   -52.5  협대역   -28.6
   23.66  광대역   -53.4  협대역   -29.6
   23.76  광대역   -55.2  협대역   -29.8
   23.87  광대역   -55.2  협대역   -29.0
   23.97  광대역   -57.1  협대역   -31.6
   24.08  광대역   -56.2  협대역   -32.3
   24.18  광대역   -61.0  협대역   -29.6
   24.28  광대역   -56.1  협대역   -16.4
   24.39  광대역   -48.8  협대역    -6.8
   24.49  광대역   -51.0  협대역    -9.5
   24.60  광대역   -50.9  협대역    -9.6
   24.70  광대역   -47.9  협대역    -6.9
   24.81  광대역   -48.1  협대역    -6.9
   24.91  광대역   -49.7  협대역    -7.6
   25.02  광대역   -49.4  협대역    -7.6
   25.12  광대역   -46.5  협대역    -5.2
   25.22  광대역   -47.0  협대역    -6.3
   25.33  광대역   -46.0  협대역    -4.4
   25.43  광대역   -47.0  협대역    -5.2
   25.54  광대역   -47.5  협대역    -6.5
   25.64  광대역   -45.2  협대역    -4.9
   25.75  광대역   -45.2  협대역    -5.3
   25.85  광대역   -45.8  협대역    -4.6
   25.96  광대역   -46.7  협대역    -6.4
   26.06  광대역   -45.2  협대역    -4.3
   26.16  광대역   -46.0  협대역    -6.2
   26.27  광대역   -41.9  협대역    -2.0
   26.37  광대역   -41.7  협대역    -3.8
   26.48  광대역   -41.9  협대역    -3.6
   26.58  광대역   -43.8  협대역    -3.6
   26.69  광대역   -44.3  협대역    -3.1
   26.79  광대역   -44.4  협대역    -4.4
   26.90  광대역   -42.6  협대역    -3.0
   27.00  광대역   -43.5  협대역    -4.2
   27.11  광대역   -44.0  협대역    -3.8
   27.21  광대역   -43.9  협대역    -3.3
   27.31  광대역   -43.9  협대역    -4.7
   27.42  광대역   -42.8  협대역    -2.1
   27.52  광대역   -43.3  협대역    -2.6
   27.63  광대역   -45.4  협대역    -4.5
   27.73  광대역   -44.6  협대역    -3.1
   27.84  광대역   -42.7  협대역    -1.2
   27.94  광대역   -41.8  협대역    -3.6
