
■ Nr63uWgOh24  (앞 30s)
   하모닉 바닥 -63.8dB  +8dB 0.5s 유지 첫 시각: 1.811156462585034
   협대역 250-1200Hz 바닥 -32.3dB  첫 시각: 1.787936507936508
   t     광대역dB  하모닉dB  협대역dB  평탄도
     0.0    -240.0    -240.0    -240.0  1.0000
     0.5     -75.7     -83.6     -52.8  0.0036
     1.0     -61.0     -70.4     -33.1  0.0030
     1.5     -58.3     -65.3     -33.3  0.0045
     2.0     -39.1     -40.0      -0.9  0.0001
     2.5     -39.0     -41.6       0.4  0.0001
     3.0     -29.4     -29.9      12.4  0.0000
     3.5     -35.7     -39.6       5.5  0.0001
     4.0     -33.2     -34.6       8.3  0.0000
     4.5     -30.8     -31.1      10.9  0.0000
     5.0     -36.1     -38.4       5.0  0.0001
     5.5     -33.9     -35.0       8.5  0.0000
     6.0     -36.0     -39.8       6.1  0.0001
     6.5     -35.7     -38.2       2.0  0.0001
     7.0     -33.6     -40.1       6.7  0.0004
     7.5     -25.5     -25.9      16.3  0.0000
     8.0     -28.3     -37.8      13.1  0.0008
     8.5     -30.4     -32.4      12.0  0.0000
     9.0     -31.2     -31.6      10.8  0.0000
     9.5     -36.6     -37.9       4.9  0.0001
    10.0     -28.5     -28.6      14.0  0.0000
    10.5     -33.9     -35.2       8.2  0.0000
    11.0     -33.9     -35.7       5.4  0.0001
    11.5     -29.6     -34.7      11.6  0.0001
    12.0     -25.0     -27.9      16.7  0.0001
    12.5     -26.2     -28.0      15.6  0.0000
    13.0     -27.3     -31.2      14.4  0.0000
    13.5     -36.4     -37.2       4.8  0.0001
    14.0     -38.7     -41.5       2.7  0.0001
    14.5     -34.5     -35.0       7.7  0.0000
    15.0     -38.8     -39.9       3.3  0.0001
    15.5     -31.5     -31.8      10.8  0.0000
    16.0     -26.6     -29.7      15.5  0.0000
    16.5     -35.1     -36.3       6.1  0.0000
    17.0     -35.0     -39.8       6.5  0.0000
    17.5     -20.2     -26.2      21.3  0.0001
    18.0     -27.6     -27.9      14.4  0.0001
    18.5     -24.8     -25.4      17.4  0.0000
    19.0     -34.8     -35.2       7.5  0.0001
    19.5     -33.1     -33.6       9.1  0.0000
    20.0     -35.6     -36.8       4.6  0.0000
    20.5     -33.4     -35.7       8.1  0.0000
    21.0     -40.2     -41.1      -0.3  0.0001
    21.5     -38.1     -42.2       2.9  0.0000
    22.0     -43.8     -45.9      -5.4  0.0001
    22.5     -41.9     -44.4      -4.7  0.0002
    23.0     -25.6     -27.9      16.3  0.0000
    23.5     -34.0     -34.6       7.8  0.0000
    24.0     -31.7     -32.4      10.6  0.0000
    24.5     -32.1     -32.6      10.0  0.0000
    25.0     -37.5     -42.9       4.1  0.0001
    25.5     -36.3     -42.7       5.8  0.0001
    26.0     -41.0     -43.1       0.5  0.0001
    26.5     -40.8     -42.2       0.4  0.0001
    27.0     -37.8     -39.0       0.7  0.0001
    27.5     -22.9     -23.4      18.9  0.0000
    28.0     -32.3     -33.1       9.2  0.0001
    28.5     -30.9     -33.0      10.8  0.0000
    29.0     -31.5     -31.9      10.2  0.0000
    29.5     -36.2     -37.7       5.1  0.0000

■ nImFFkrDv8U  (앞 30s)
   하모닉 바닥 -54.6dB  +8dB 0.5s 유지 첫 시각: 4.272471655328798
   협대역 250-1200Hz 바닥 -39.6dB  첫 시각: 4.20281179138322
   t     광대역dB  하모닉dB  협대역dB  평탄도
     0.0     -53.0     -57.2     -34.2  0.0039
     0.5     -53.2     -60.1     -40.6  0.0001
     1.0     -50.7     -52.6     -39.9  0.0002
     1.5     -50.9     -53.7     -39.6  0.0001
     2.0     -53.7     -57.3     -40.7  0.0003
     2.5     -48.3     -50.7     -38.7  0.0001
     3.0     -48.1     -49.9     -36.1  0.0001
     3.5     -50.8     -53.7     -38.6  0.0001
     4.0     -50.7     -52.3     -37.7  0.0002
     4.5     -41.8     -43.9      -4.0  0.0000
     5.0     -44.7     -47.3      -7.3  0.0000
     5.5     -34.0     -34.5       8.1  0.0000
     6.0     -32.1     -32.3      10.4  0.0000
     6.5     -28.2     -28.6      13.8  0.0000
     7.0     -35.0     -37.5       4.6  0.0000
     7.5     -36.9     -39.3       0.1  0.0000
     8.0     -30.7     -32.6      11.6  0.0000
     8.5     -42.2     -43.3      -0.9  0.0000
     9.0     -41.5     -42.6      -1.7  0.0000
     9.5     -34.9     -41.9       4.8  0.0000
    10.0     -40.9     -43.3      -2.6  0.0000
    10.5     -29.7     -30.4      12.4  0.0000
    11.0     -28.9     -29.2      13.3  0.0000
    11.5     -25.3     -25.9      16.9  0.0000
    12.0     -28.4     -28.8      13.7  0.0000
    12.5     -35.3     -38.4       2.0  0.0000
    13.0     -28.1     -29.1      14.4  0.0000
    13.5     -42.8     -45.8      -1.4  0.0001
    14.0     -39.8     -41.5      -1.5  0.0000
    14.5     -39.8     -42.3      -3.6  0.0000
    15.0     -42.7     -46.6      -5.3  0.0000
    15.5     -38.8     -43.2       3.0  0.0000
    16.0     -32.8     -33.1       9.7  0.0000
    16.5     -26.7     -27.0      15.8  0.0000
    17.0     -33.1     -36.0       7.3  0.0000
    17.5     -40.8     -43.2      -1.7  0.0000
    18.0     -41.6     -43.2      -2.3  0.0000
    18.5     -36.4     -37.5       5.6  0.0000
    19.0     -36.0     -38.0       2.7  0.0000
    19.5     -40.9     -42.5      -1.2  0.0000
    20.0     -37.9     -40.4       1.2  0.0000
    20.5     -32.2     -36.4       9.5  0.0000
    21.0     -36.1     -38.5       4.0  0.0000
    21.5     -41.8     -43.3      -1.5  0.0000
    22.0     -40.9     -43.1      -3.2  0.0000
    22.5     -28.3     -34.2      13.0  0.0000
    23.0     -32.9     -34.7       8.4  0.0000
    23.5     -30.2     -31.8      11.7  0.0000
    24.0     -41.1     -43.5       0.4  0.0001
    24.5     -35.4     -36.9       2.0  0.0000
    25.0     -39.2     -43.6      -1.4  0.0000
    25.5     -43.3     -45.5      -4.5  0.0000
    26.0     -39.7     -40.8       0.9  0.0000
    26.5     -44.0     -46.5      -6.6  0.0001
    27.0     -39.0     -42.4      -3.3  0.0000
    27.5     -42.4     -43.4      -3.2  0.0000
    28.0     -38.2     -44.8       0.0  0.0000
    28.5     -45.2     -47.4      -8.5  0.0002
    29.0     -30.5     -31.2      10.9  0.0000
    29.5     -25.5     -25.7      17.0  0.0000

■ srfU6e9nY7A  (앞 30s)
   하모닉 바닥 -49.2dB  +8dB 0.5s 유지 첫 시각: 1.6718367346938776
   협대역 250-1200Hz 바닥 -6.2dB  첫 시각: 1.6718367346938776
   t     광대역dB  하모닉dB  협대역dB  평탄도
     0.0     -64.6     -71.0     -42.0  0.0026
     0.5     -61.2     -69.0     -39.8  0.0003
     1.0     -41.4     -42.1      -0.6  0.0000
     1.5     -50.1     -51.3      -8.9  0.0001
     2.0     -37.4     -38.1       4.6  0.0000
     2.5     -36.2     -39.1       6.0  0.0000
     3.0     -44.9     -46.3      -3.0  0.0000
     3.5     -37.2     -37.9       5.1  0.0000
     4.0     -33.8     -35.8       8.4  0.0000
     4.5     -43.6     -45.0      -2.9  0.0000
     5.0     -40.3     -41.7       1.9  0.0000
     5.5     -28.4     -29.8      13.9  0.0000
     6.0     -44.3     -45.7      -2.2  0.0000
     6.5     -37.1     -41.3       1.8  0.0000
     7.0     -41.8     -43.1       0.1  0.0000
     7.5     -43.6     -45.0      -3.5  0.0000
     8.0     -49.7     -49.4      -3.1  0.0001
     8.5     -33.1     -34.7       9.3  0.0000
     9.0     -35.7     -36.3       6.7  0.0000
     9.5     -23.4     -24.5      19.0  0.0000
    10.0     -39.1     -40.1       2.8  0.0000
    10.5     -34.4     -34.6       8.0  0.0000
    11.0     -38.0     -42.0       0.6  0.0000
    11.5     -42.1     -43.7      -0.4  0.0000
    12.0     -33.5     -34.0       9.0  0.0000
    12.5     -41.8     -42.1       0.6  0.0000
    13.0     -42.4     -45.2      -2.0  0.0000
    13.5     -40.0     -43.6       1.2  0.0000
    14.0     -42.3     -43.2      -1.4  0.0000
    14.5     -25.5     -26.2      16.9  0.0000
    15.0     -34.9     -35.6       7.1  0.0000
    15.5     -37.7     -38.2       4.6  0.0000
    16.0     -26.5     -27.5      15.8  0.0000
    16.5     -24.2     -28.2      18.5  0.0000
    17.0     -40.1     -41.0       1.7  0.0000
    17.5     -40.0     -42.8       1.6  0.0000
    18.0     -30.2     -31.3      12.2  0.0000
    18.5     -37.0     -38.0       5.4  0.0000
    19.0     -39.6     -42.0       2.5  0.0000
    19.5     -37.5     -41.5       4.8  0.0000
    20.0     -37.7     -38.0       4.4  0.0000
    20.5     -34.6     -40.2       7.4  0.0000
    21.0     -37.2     -40.2       4.4  0.0000
    21.5     -42.2     -45.2      -0.7  0.0000
    22.0     -47.9     -51.2      -7.5  0.0000
    22.5     -42.0     -45.9      -0.8  0.0000
    23.0     -36.3     -46.5       5.6  0.0001
    23.5     -26.0     -26.3      16.3  0.0000
    24.0     -26.5     -30.2      15.1  0.0000
    24.5     -29.0     -30.1      13.3  0.0000
    25.0     -34.2     -35.6       8.0  0.0000
    25.5     -38.9     -40.0       3.3  0.0000
    26.0     -33.7     -35.2       8.4  0.0000
    26.5     -31.2     -34.2      10.5  0.0000
    27.0     -38.7     -40.7       2.8  0.0000
    27.5     -33.1     -34.6       8.9  0.0000
    28.0     -36.7     -38.6       4.9  0.0000
    28.5     -43.0     -45.9      -1.9  0.0000
    29.0     -34.2     -40.2       5.6  0.0000
    29.5     -37.9     -39.4       4.4  0.0000
