
■ OiVOvVao2v4  (앞 45s)
   하모닉 바닥 -63.2dB  +8dB 0.5s 유지 첫 시각: 0.0
   협대역 250-1200Hz 바닥 -24.2dB  첫 시각: 0.0
   t     광대역dB  하모닉dB  협대역dB  평탄도
     0.0     -41.3     -46.8      -7.7  0.0020
     0.5     -32.1     -37.1       8.5  0.0002
     1.0     -30.1     -37.6      10.2  0.0002
     1.5     -35.2     -46.3       3.8  0.0005
     2.0     -35.2     -40.5       3.1  0.0002
     2.5     -36.7     -48.2       2.7  0.0004
     3.0     -35.9     -47.0       2.7  0.0003
     3.5     -36.0     -45.3       3.4  0.0002
     4.0     -37.0     -45.7       2.0  0.0002
     4.5     -35.3     -40.0       1.4  0.0001
     5.0     -38.3     -46.3       0.8  0.0005
     5.5     -38.3     -44.3       0.3  0.0003
     6.0     -35.7     -40.9      -0.5  0.0002
     6.5     -37.4     -41.1      -0.0  0.0002
     7.0     -35.2     -38.7      -0.9  0.0001
     7.5     -36.6     -40.7      -1.4  0.0001
     8.0     -38.7     -45.5      -2.6  0.0001
     8.5     -37.2     -43.5      -2.4  0.0001
     9.0     -36.7     -44.7      -1.9  0.0001
     9.5     -39.0     -45.0      -2.1  0.0001
    10.0     -41.9     -49.9      -2.5  0.0002
    10.5     -41.6     -49.7      -4.2  0.0002
    11.0     -39.6     -51.4      -3.1  0.0002
    11.5     -38.1     -46.8      -2.8  0.0001
    12.0     -43.1     -51.8      -5.0  0.0003
    12.5     -39.5     -44.8      -7.0  0.0002
    13.0     -40.8     -48.0      -5.7  0.0005
    13.5     -39.0     -42.4      -6.4  0.0001
    14.0     -42.5     -50.6      -6.6  0.0011
    14.5     -38.1     -42.9      -7.7  0.0001
    15.0     -41.2     -49.8      -5.5  0.0001
    15.5     -41.6     -51.1      -4.7  0.0002
    16.0     -44.7     -54.1      -9.4  0.0003
    16.5     -43.9     -48.5     -10.5  0.0002
    17.0     -41.4     -44.2     -12.2  0.0001
    17.5     -46.4     -51.7     -11.1  0.0003
    18.0     -50.2     -58.6     -15.3  0.0007
    18.5     -47.2     -56.1     -16.9  0.0002
    19.0     -47.5     -53.9     -15.9  0.0002
    19.5     -50.6     -61.7     -22.5  0.0002
    20.0     -52.9     -62.0     -20.2  0.0005
    20.5     -48.7     -56.4     -23.1  0.0002
    21.0     -53.3     -64.7     -23.0  0.0009
    21.5     -53.7     -67.2     -23.4  0.0005
    22.0     -54.1     -66.3     -23.4  0.0007
    22.5     -53.5     -62.8     -23.9  0.0006
    23.0     -54.0     -65.0     -25.8  0.0005
    23.5     -52.9     -64.2     -27.2  0.0006
    24.0     -56.6     -62.5     -31.6  0.0009
    24.5     -50.9     -56.8      -9.5  0.0003
    25.0     -50.0     -55.8      -8.4  0.0007
    25.5     -46.9     -54.9      -4.8  0.0005
    26.0     -46.1     -53.8      -6.1  0.0005
    26.5     -41.9     -45.7      -3.4  0.0002
    27.0     -43.3     -48.0      -3.9  0.0004
    27.5     -42.7     -50.2      -1.8  0.0004
    28.0     -41.2     -46.0      -2.9  0.0004
    28.5     -40.5     -43.8      -0.8  0.0002
    29.0     -41.8     -48.0      -2.3  0.0003
    29.5     -40.7     -45.9      -0.1  0.0003

■ 92TSV_kL_p4  (앞 45s)
   하모닉 바닥 -88.0dB  +8dB 0.5s 유지 첫 시각: 2.693514739229025
   협대역 250-1200Hz 바닥 -56.4dB  첫 시각: 2.670294784580499
   t     광대역dB  하모닉dB  협대역dB  평탄도
     0.0    -240.0    -240.0    -240.0  1.0000
     0.5     -84.6     -84.7     -67.4  0.0072
     1.0     -95.7    -106.9     -63.5  0.2805
     1.5     -93.6    -105.6     -60.1  0.3832
     2.0     -90.8    -101.9     -57.7  0.3087
     2.5     -89.3     -98.1     -56.2  0.4190
     3.0     -57.9     -64.2     -16.4  0.0018
     3.5     -48.5     -51.5      -7.1  0.0005
     4.0     -48.3     -55.2      -6.5  0.0008
     4.5     -45.0     -46.7      -7.7  0.0003
     5.0     -41.8     -43.1      -3.9  0.0002
     5.5     -45.1     -46.1      -8.5  0.0005
     6.0     -45.6     -47.3      -7.3  0.0006
     6.5     -42.0     -44.0      -1.8  0.0003
     7.0     -44.1     -48.4      -3.6  0.0006
     7.5     -40.3     -41.7      -4.5  0.0003
     8.0     -40.5     -42.9      -3.4  0.0005
     8.5     -37.2     -38.8      -0.3  0.0002
     9.0     -44.5     -51.8      -3.5  0.0011
     9.5     -42.1     -48.5      -2.4  0.0005
    10.0     -44.8     -53.7      -4.6  0.0010
    10.5     -45.5     -51.4      -5.0  0.0009
    11.0     -44.0     -50.9      -3.0  0.0005
    11.5     -44.5     -50.7      -3.7  0.0011
    12.0     -44.3     -52.6      -2.1  0.0006
    12.5     -45.6     -51.2      -4.5  0.0006
    13.0     -44.6     -51.6      -3.2  0.0017
    13.5     -44.2     -51.3      -3.1  0.0010
    14.0     -44.1     -48.4      -6.3  0.0005
    14.5     -42.0     -46.1      -2.8  0.0004
    15.0     -44.3     -49.6      -4.2  0.0005
    15.5     -44.2     -46.5      -6.4  0.0005
    16.0     -41.5     -43.5      -4.0  0.0004
    16.5     -44.3     -48.4      -3.8  0.0008
    17.0     -45.6     -48.9      -4.6  0.0008
    17.5     -43.9     -45.6      -5.0  0.0006
    18.0     -46.8     -49.6      -8.3  0.0014
    18.5     -44.1     -46.5      -2.5  0.0007
    19.0     -45.5     -51.0      -3.4  0.0011
    19.5     -42.7     -47.4      -0.8  0.0004
    20.0     -41.8     -46.1      -1.2  0.0005
    20.5     -43.0     -49.1      -2.0  0.0007
    21.0     -43.5     -48.5      -4.4  0.0006
    21.5     -41.5     -50.7      -0.0  0.0004
    22.0     -44.5     -50.5      -2.8  0.0009
    22.5     -44.2     -48.4      -3.4  0.0007
    23.0     -43.9     -49.0      -2.8  0.0009
    23.5     -45.4     -51.3      -3.9  0.0010
    24.0     -45.4     -52.6      -3.9  0.0008
    24.5     -41.3     -46.2       0.5  0.0005
    25.0     -42.3     -50.4      -0.6  0.0005
    25.5     -42.3     -48.4      -2.6  0.0005
    26.0     -41.8     -47.1      -3.2  0.0004
    26.5     -40.4     -43.4      -0.2  0.0003
    27.0     -39.0     -42.2      -1.0  0.0003
    27.5     -41.1     -47.3      -0.9  0.0006
    28.0     -39.7     -42.5      -4.8  0.0003
    28.5     -43.2     -45.9      -5.3  0.0013
    29.0     -40.0     -42.6      -0.2  0.0003
    29.5     -40.8     -43.5      -2.1  0.0005

■ Gfujg6ECsz8  (앞 45s)
   하모닉 바닥 -52.4dB  +8dB 0.5s 유지 첫 시각: 18.45986394557823
   협대역 250-1200Hz 바닥 -7.3dB  첫 시각: 19.435102040816325
   t     광대역dB  하모닉dB  협대역dB  평탄도
     0.0     -64.0     -74.0     -30.0  0.0036
     0.5     -53.5     -59.5     -11.8  0.0004
     1.0     -49.6     -57.0     -10.4  0.0002
     1.5     -48.8     -54.8      -8.1  0.0004
     2.0     -46.2     -52.4      -5.8  0.0002
     2.5     -47.0     -51.3      -6.0  0.0003
     3.0     -43.8     -47.9      -6.1  0.0002
     3.5     -44.6     -49.5      -5.6  0.0002
     4.0     -40.4     -45.4      -4.1  0.0001
     4.5     -42.7     -49.5      -2.8  0.0003
     5.0     -41.4     -45.4      -3.8  0.0001
     5.5     -40.7     -43.4      -3.7  0.0001
     6.0     -45.4     -52.2      -4.4  0.0004
     6.5     -43.2     -46.6      -3.0  0.0002
     7.0     -42.0     -44.1      -2.2  0.0002
     7.5     -43.3     -46.9      -3.9  0.0002
     8.0     -40.9     -44.9      -0.9  0.0001
     8.5     -43.9     -49.3      -3.6  0.0002
     9.0     -43.2     -47.5      -6.3  0.0002
     9.5     -45.0     -50.3      -4.2  0.0002
    10.0     -45.6     -49.9      -4.9  0.0003
    10.5     -44.6     -51.6      -3.5  0.0003
    11.0     -43.2     -47.1      -2.2  0.0003
    11.5     -41.0     -47.8      -1.4  0.0001
    12.0     -43.5     -47.6      -3.2  0.0003
    12.5     -41.2     -46.7      -2.1  0.0001
    13.0     -40.7     -47.5       0.6  0.0002
    13.5     -41.1     -46.7      -1.7  0.0002
    14.0     -42.3     -46.8      -2.3  0.0002
    14.5     -43.1     -48.6      -1.7  0.0002
    15.0     -46.6     -52.0      -6.6  0.0006
    15.5     -43.7     -51.0      -1.7  0.0002
    16.0     -43.2     -47.6      -2.0  0.0002
    16.5     -43.4     -47.9      -3.6  0.0003
    17.0     -42.6     -48.0      -3.1  0.0002
    17.5     -42.6     -45.8      -1.5  0.0002
    18.0     -41.8     -44.4      -2.3  0.0003
    18.5     -41.3     -43.0      -0.6  0.0003
    19.0     -39.1     -42.7       0.6  0.0002
    19.5     -37.0     -39.6       2.6  0.0001
    20.0     -39.6     -45.5       1.6  0.0002
    20.5     -40.1     -44.2       0.9  0.0002
    21.0     -39.2     -43.2       0.7  0.0002
    21.5     -41.6     -47.9      -0.5  0.0002
    22.0     -38.0     -40.7       1.6  0.0001
    22.5     -39.0     -42.4       1.2  0.0001
    23.0     -41.0     -44.3      -1.2  0.0001
    23.5     -37.5     -42.3       3.7  0.0001
    24.0     -42.1     -46.0      -0.9  0.0002
    24.5     -37.8     -39.5       0.6  0.0001
    25.0     -40.1     -42.6       1.6  0.0002
    25.5     -38.8     -41.2       1.2  0.0002
    26.0     -40.8     -43.4      -0.8  0.0003
    26.5     -37.8     -40.2       1.7  0.0002
    27.0     -37.6     -41.2       2.2  0.0001
    27.5     -40.1     -48.8       1.9  0.0002
    28.0     -38.0     -45.1       3.1  0.0001
    28.5     -39.5     -48.1       2.0  0.0001
    29.0     -39.3     -46.6       0.7  0.0001
    29.5     -38.8     -45.4       1.6  0.0005
