
■ 9Ho2xgkmaSc  (앞 40s)
   하모닉 바닥 -71.3dB  +8dB 0.5s 유지 첫 시각: 0.7894784580498866
   협대역 180-900Hz 바닥 -33.8dB  첫 시각: 0.7662585034013606
   t     광대역dB  하모닉dB  협대역dB  평탄도
     0.0    -240.0    -240.0    -240.0  1.0000
     0.5     -74.0     -84.6     -51.4  0.0029
     1.0     -29.9     -31.5      13.4  0.0024
     1.5     -37.8     -38.0       4.6  0.0016
     2.0     -39.5     -39.8       3.7  0.0010
     2.5     -37.4     -37.6       5.2  0.0016
     3.0     -49.8     -50.1      -6.9  0.0011
     3.5     -59.8     -61.8     -19.4  0.0031
     4.0     -29.2     -31.6      14.3  0.0004
     4.5     -40.9     -41.3       2.4  0.0005
     5.0     -27.7     -29.8      15.9  0.0027
     5.5     -37.2     -37.4       6.0  0.0007
     6.0     -33.7     -33.8       9.6  0.0005
     6.5     -31.4     -31.5      12.3  0.0004
     7.0     -49.9     -50.3      -6.8  0.0005
     7.5     -59.1     -60.9     -17.1  0.0011
     8.0     -27.8     -29.4      16.0  0.0006
     8.5     -38.9     -39.1       4.6  0.0006
     9.0     -31.7     -34.4      11.2  0.0021
     9.5     -45.0     -45.6      -2.7  0.0018
    10.0     -46.8     -47.1      -5.1  0.0018
    10.5     -46.9     -47.5      -6.5  0.0041
    11.0     -44.8     -45.2      -3.2  0.0021
    11.5     -34.9     -36.2       8.5  0.0020
    12.0     -32.4     -34.4      10.3  0.0021
    12.5     -42.3     -42.7       0.7  0.0006
    13.0     -29.5     -31.0      14.1  0.0020
    13.5     -38.6     -38.9       5.0  0.0009
    14.0     -39.1     -39.3       3.8  0.0008
    14.5     -38.9     -39.1       3.9  0.0010
    15.0     -35.5     -35.8       7.1  0.0008
    15.5     -55.7     -57.0     -14.1  0.0019
    16.0     -61.7     -66.5     -25.1  0.0021
    16.5     -29.7     -30.0      13.9  0.0013
    17.0     -34.2     -34.2       8.9  0.0003
    17.5     -35.2     -35.3       8.2  0.0005
    18.0     -47.7     -47.9      -4.5  0.0007
    18.5     -31.6     -31.9      11.7  0.0012
    19.0     -34.7     -35.9       8.5  0.0016
    19.5     -37.6     -39.8       4.7  0.0052
    20.0     -39.6     -39.9       3.9  0.0009
    20.5     -46.2     -46.6      -4.3  0.0024
    21.0     -38.8     -39.4       3.7  0.0025
    21.5     -36.4     -39.2       6.6  0.0026
    22.0     -42.3     -42.6       0.3  0.0009
    22.5     -55.9     -57.1     -14.0  0.0014
    23.0     -66.8     -73.5     -33.8  0.0053
    23.5     -65.3     -71.9     -38.5  0.0028
    24.0     -30.3     -30.9      13.1  0.0005
    24.5     -43.0     -43.1      -0.3  0.0005
    25.0     -53.3     -53.8     -10.5  0.0009
    25.5     -42.7     -42.8       0.5  0.0003
    26.0     -29.8     -30.0      13.6  0.0006
    26.5     -28.3     -28.4      15.2  0.0003
    27.0     -43.2     -43.4       0.1  0.0006
    27.5     -34.9     -35.3       6.9  0.0021
    28.0     -37.3     -37.6       4.3  0.0021
    28.5     -39.6     -39.9       0.3  0.0021
    29.0     -36.5     -36.7       5.7  0.0009
    29.5     -35.3     -36.3       7.1  0.0017

■ N0S7XTFPFAs  (앞 40s)
   하모닉 바닥 -74.9dB  +8dB 0.5s 유지 첫 시각: 9.05578231292517
   협대역 180-900Hz 바닥 -41.0dB  첫 시각: 9.032562358276644
   t     광대역dB  하모닉dB  협대역dB  평탄도
     0.0     -67.3     -72.0     -41.5  0.0128
     0.5     -68.0     -74.8     -39.3  0.0052
     1.0     -62.5     -65.5     -41.9  0.0017
     1.5     -61.3     -64.1     -39.8  0.0007
     2.0     -63.6     -66.7     -40.3  0.0021
     2.5     -68.2     -71.5     -39.4  0.0062
     3.0     -67.7     -77.7     -40.0  0.0042
     3.5     -66.7     -72.9     -43.1  0.0033
     4.0     -68.5     -76.6     -41.9  0.0027
     4.5     -66.7     -72.3     -38.9  0.0029
     5.0     -66.0     -74.8     -40.9  0.0029
     5.5     -68.2     -73.2     -39.4  0.0033
     6.0     -66.0     -73.1     -41.0  0.0056
     6.5     -65.7     -73.9     -39.5  0.0024
     7.0     -65.6     -69.1     -40.0  0.0020
     7.5     -65.0     -68.0     -38.8  0.0017
     8.0     -64.8     -70.0     -40.4  0.0026
     8.5     -61.4     -66.5     -38.2  0.0015
     9.0     -68.5     -75.2     -40.3  0.0072
     9.5     -25.3     -25.5      17.9  0.0007
    10.0     -29.1     -29.2      13.9  0.0006
    10.5     -27.2     -27.4      15.8  0.0009
    11.0     -39.2     -39.3       3.5  0.0005
    11.5     -51.9     -52.2      -8.7  0.0007
    12.0     -29.6     -34.2      13.0  0.0014
    12.5     -32.0     -32.2      11.3  0.0004
    13.0     -21.8     -23.1      21.6  0.0007
    13.5     -24.5     -24.6      18.6  0.0004
    14.0     -30.1     -30.2      13.7  0.0003
    14.5     -47.2     -47.4      -3.7  0.0003
    15.0     -59.3     -61.3     -18.7  0.0014
    15.5     -22.6     -22.9      20.9  0.0006
    16.0     -35.3     -35.4       8.4  0.0001
    16.5     -28.6     -29.3      13.9  0.0020
    17.0     -33.4     -33.6       9.1  0.0011
    17.5     -33.9     -34.1       8.8  0.0007
    18.0     -35.4     -35.7       6.3  0.0028
    18.5     -35.5     -38.3       5.9  0.0042
    19.0     -31.0     -34.4      10.8  0.0042
    19.5     -21.4     -21.6      22.3  0.0005
    20.0     -35.2     -35.2       8.2  0.0001
    20.5     -24.4     -24.5      19.2  0.0002
    21.0     -27.6     -27.6      15.8  0.0003
    21.5     -28.5     -28.6      14.8  0.0007
    22.0     -41.3     -41.4       2.4  0.0004
    22.5     -52.8     -53.4      -9.9  0.0008
    23.0     -57.0     -57.8     -25.8  0.0005
    23.5     -28.0     -28.3      15.1  0.0010
    24.0     -32.4     -32.7       9.8  0.0016
    24.5     -29.3     -29.6      13.2  0.0010
    25.0     -42.8     -42.9       0.6  0.0006
    25.5     -30.6     -32.6       9.3  0.0047
    26.0     -37.0     -48.7       3.8  0.0077
    26.5     -34.7     -35.1       2.9  0.0011
    27.0     -28.4     -30.3      11.2  0.0015
    27.5     -35.0     -35.6       2.9  0.0020
    28.0     -35.5     -36.0       2.1  0.0021
    28.5     -35.2     -35.5       0.6  0.0025
    29.0     -32.2     -32.9       9.6  0.0012
    29.5     -32.2     -36.5       6.4  0.0027

■ fO7UkB6btLo  (앞 40s)
   하모닉 바닥 -79.2dB  +8dB 0.5s 유지 첫 시각: 1.207437641723356
   협대역 180-900Hz 바닥 -34.9dB  첫 시각: 1.18421768707483
   t     광대역dB  하모닉dB  협대역dB  평탄도
     0.0    -240.0    -240.0    -240.0  1.0000
     0.5     -86.2     -97.5     -57.2  0.0301
     1.0     -71.2     -81.7     -41.5  0.0088
     1.5     -31.9     -32.8      10.5  0.0021
     2.0     -37.9     -38.2       4.7  0.0018
     2.5     -41.0     -41.3       1.0  0.0023
     3.0     -40.0     -40.3       2.2  0.0013
     3.5     -32.2     -32.8       3.9  0.0009
     4.0     -25.9     -26.4      17.4  0.0007
     4.5     -42.3     -42.6       1.3  0.0003
     5.0     -30.1     -30.5      13.0  0.0014
     5.5     -33.3     -33.5       9.8  0.0007
     6.0     -31.8     -32.0      11.7  0.0006
     6.5     -46.0     -46.1      -2.7  0.0003
     7.0     -53.8     -59.5      -9.3  0.0033
     7.5     -30.8     -31.2      12.4  0.0013
     8.0     -47.0     -47.4      -3.8  0.0011
     8.5     -29.6     -30.1       5.6  0.0007
     9.0     -36.6     -37.1       0.4  0.0019
     9.5     -39.4     -39.7      -2.3  0.0014
    10.0     -42.2     -44.4      -4.6  0.0041
    10.5     -33.0     -33.2       9.7  0.0006
    11.0     -33.4     -35.2       9.3  0.0018
    11.5     -27.4     -27.7      16.2  0.0004
    12.0     -45.8     -45.9      -2.2  0.0003
    12.5     -32.1     -32.3       4.3  0.0009
    13.0     -37.3     -37.5       6.0  0.0009
    13.5     -37.3     -37.6       5.3  0.0014
    14.0     -35.0     -35.3       7.7  0.0024
    14.5     -47.7     -47.8      -4.7  0.0007
    15.0     -56.9     -57.4     -13.7  0.0008
    15.5     -25.7     -25.8      17.8  0.0003
    16.0     -29.6     -29.8      13.6  0.0010
    16.5     -24.1     -24.1      19.6  0.0002
    17.0     -48.4     -48.5      -4.8  0.0004
    17.5     -30.4     -30.8      10.6  0.0018
    18.0     -42.1     -42.2       0.9  0.0003
    18.5     -28.9     -29.4      13.9  0.0011
    19.0     -46.6     -46.9      -3.9  0.0007
    19.5     -30.2     -31.0      12.6  0.0016
    20.0     -38.6     -38.9       3.7  0.0018
    20.5     -39.9     -40.1       3.3  0.0007
    21.0     -38.0     -38.2       5.3  0.0009
    21.5     -35.9     -38.3       5.1  0.0036
    22.0     -34.6     -35.5       4.8  0.0030
    22.5     -49.2     -49.6      -7.1  0.0008
    23.0     -61.6     -62.3     -21.0  0.0043
    23.5     -65.7     -67.8     -30.0  0.0037
    24.0     -67.1     -69.8     -35.4  0.0089
    24.5     -30.9     -31.0      12.5  0.0003
    25.0     -38.3     -38.5       4.7  0.0005
    25.5     -50.4     -50.6      -7.7  0.0009
    26.0     -65.2     -67.3     -25.3  0.0159
    26.5     -34.9     -34.9       8.1  0.0002
    27.0     -52.6     -52.9      -9.1  0.0004
    27.5     -39.2     -39.5       3.7  0.0002
    28.0     -54.3     -54.9     -11.3  0.0031
    28.5     -39.1     -39.2       1.5  0.0003
    29.0     -42.1     -42.4      -1.0  0.0016
    29.5     -47.3     -47.6      -7.1  0.0017
