
■ piece 234  <다프니스와 클로에> 모음곡 2번
   Charles Dutoit         OiVOvVao2v4  24.22-116.82  tuning +0.1700
   Riccardo Muti          92TSV_kL_p4  3.00-123.00  tuning +0.0600
   Claudio Abbado         Gfujg6ECsz8  0.00-87.03  tuning +0.0500

   Charles Dutoit (OiVOvVao2v4) vs Riccardo Muti
     0:0.0466  1:0.4003  2:0.2612  3:0.3663  4:0.3658  5:0.2598  6:0.5914  7:0.2064  8:0.3983  9:0.4051  10:0.3507  11:0.4182
     최저 0반음 0.0466   차점 7반음 0.2064   <- 0반음

   Riccardo Muti (92TSV_kL_p4) vs Charles Dutoit
     0:0.0466  1:0.4182  2:0.3507  3:0.4051  4:0.3983  5:0.2064  6:0.5914  7:0.2598  8:0.3658  9:0.3663  10:0.2612  11:0.4003
     최저 0반음 0.0466   차점 5반음 0.2064   <- 0반음

   Claudio Abbado (Gfujg6ECsz8) vs Charles Dutoit
     0:0.0410  1:0.4668  2:0.2898  3:0.4298  4:0.3914  5:0.2319  6:0.5763  7:0.2039  8:0.4033  9:0.3776  10:0.2854  11:0.3734
     최저 0반음 0.0410   차점 7반음 0.2039   <- 0반음

■ piece 457  <치건> (바이올린과 관현악판)
   Kyung-wha Chung        9Ho2xgkmaSc  0.84-120.84  tuning +0.1200
   Itzhak Perlman         N0S7XTFPFAs  9.03-129.03  tuning +0.0600
   Salvatore Accardo      fO7UkB6btLo  1.21-128.55  tuning +0.1300

   Kyung-wha Chung (9Ho2xgkmaSc) vs Itzhak Perlman
     0:0.0670  1:0.2521  2:0.3034  3:0.3103  4:0.2993  5:0.2795  6:0.3115  7:0.3310  8:0.3160  9:0.3114  10:0.2849  11:0.2947
     최저 0반음 0.0670   차점 1반음 0.2521   <- 0반음

   Itzhak Perlman (N0S7XTFPFAs) vs Kyung-wha Chung
     0:0.0670  1:0.2947  2:0.2849  3:0.3114  4:0.3160  5:0.3310  6:0.3115  7:0.2795  8:0.2993  9:0.3103  10:0.3034  11:0.2521
     최저 0반음 0.0670   차점 11반음 0.2521   <- 0반음

   Salvatore Accardo (fO7UkB6btLo) vs Kyung-wha Chung
     0:0.0629  1:0.2815  2:0.3036  3:0.2964  4:0.3103  5:0.3033  6:0.3012  7:0.2855  8:0.3224  9:0.3058  10:0.2992  11:0.3084
     최저 0반음 0.0629   차점 1반음 0.2815   <- 0반음

■ piece 379  그노시엔 1번 (피아노 원곡)
   Aldo Ciccolini         Nr63uWgOh24  1.79-178.61  tuning +0.0700
   Pascal Rogé            nImFFkrDv8U  4.23-220.83  tuning +0.0000
   Jean-Yves Thibaudet    srfU6e9nY7A  0.58-269.91  tuning +0.0100

   Aldo Ciccolini (Nr63uWgOh24) vs Pascal Rogé
     0:0.0956  1:0.5472  2:0.3653  3:0.4322  4:0.5142  5:0.1713  6:0.6163  7:0.1791  8:0.4635  9:0.4162  10:0.4230  11:0.5791
     최저 0반음 0.0956   차점 5반음 0.1713   <- 0반음

   Pascal Rogé (nImFFkrDv8U) vs Aldo Ciccolini
     0:0.0956  1:0.5791  2:0.4230  3:0.4162  4:0.4635  5:0.1791  6:0.6163  7:0.1713  8:0.5142  9:0.4322  10:0.3653  11:0.5472
     최저 0반음 0.0956   차점 7반음 0.1713   <- 0반음

   Jean-Yves Thibaudet (srfU6e9nY7A) vs Aldo Ciccolini
     0:0.0472  1:0.6439  2:0.4070  3:0.4750  4:0.5730  5:0.1777  6:0.6709  7:0.1758  8:0.5431  9:0.4794  10:0.4457  11:0.6188
     최저 0반음 0.0472   차점 7반음 0.1758   <- 0반음
