
■ Nr63uWgOh24  총 182.84s
   t      광대역dB  하모닉dB  평탄도
    168.00     -40.2     -41.4  0.0049
    168.26     -33.2     -34.0  0.0000
    168.51     -36.6     -37.2  0.0001
    168.77     -36.5     -38.0  0.0001
    169.02     -39.1     -39.7  0.0001
    169.28     -32.2     -35.5  0.0000
    169.53     -35.7     -37.2  0.0001
    169.79     -38.5     -39.9  0.0001
    170.04     -41.2     -42.0  0.0001
    170.30     -36.3     -40.3  0.0001
    170.55     -38.5     -39.6  0.0001
    170.81     -11.6     -16.9  0.0001
    171.07     -23.0     -25.0  0.0001
    171.32     -27.4     -30.3  0.0001
    171.58     -25.9     -28.2  0.0001
    171.83     -12.2     -14.0  0.0001
    172.09     -17.6     -18.1  0.0000
    172.34     -24.7     -27.0  0.0001
    172.60     -27.1     -29.8  0.0001
    172.85     -11.2     -22.1  0.0001
    173.11     -22.8     -24.8  0.0001
    173.36     -26.8     -28.7  0.0001
    173.62     -25.0     -28.8  0.0001
    173.87     -27.2     -30.3  0.0000
    174.13     -17.4     -19.3  0.0000
    174.39     -25.3     -26.2  0.0001
    174.64     -30.3     -32.9  0.0001
    174.90     -29.7     -31.4  0.0001
    175.15     -32.0     -33.4  0.0001
    175.41     -17.7     -20.6  0.0000
    175.66     -24.6     -24.9  0.0000
    175.92     -30.5     -31.1  0.0000
    176.17     -24.1     -26.0  0.0000
    176.43     -27.1     -27.6  0.0000
    176.68     -30.4     -30.8  0.0000
    176.94     -35.2     -36.2  0.0001
    177.20     -37.4     -38.4  0.0001
    177.45     -38.6     -39.2  0.0001
    177.71     -40.9     -41.5  0.0001
    177.96     -44.6     -45.4  0.0003
    178.22     -49.2     -51.0  0.0006
    178.47     -49.9     -52.2  0.0007
    178.73     -48.9     -50.7  0.0005
    178.98     -49.0     -50.3  0.0006
    179.24     -50.1     -51.5  0.0007
    179.49     -52.0     -53.8  0.0010
    179.75     -54.6     -59.4  0.0032
    180.00     -58.8     -68.6  0.0035
    180.26     -60.0     -64.6  0.0034
    180.52     -56.6     -62.5  0.0026
    180.77     -57.4     -61.9  0.0042
    181.03     -55.7     -63.0  0.0012
    181.28     -57.8     -63.2  0.0023
    181.54     -59.6     -65.1  0.0039
    181.79     -56.0     -64.2  0.0012
    182.05     -57.1     -62.9  0.0023
    182.30     -56.5     -63.1  0.0032
    182.56     -55.9     -63.4  0.0029
    182.81     -60.1     -69.2  0.0034
