
■ srfU6e9nY7A  총 273.00s
   t      광대역dB  하모닉dB  평탄도
    258.00     -44.5     -48.8  0.0005
    258.26     -43.6     -46.7  0.0000
    258.51     -39.8     -44.8  0.0000
    258.77     -39.0     -41.7  0.0000
    259.02     -41.8     -43.8  0.0000
    259.28     -43.9     -46.9  0.0000
    259.53     -46.2     -48.8  0.0000
    259.79     -39.3     -42.6  0.0000
    260.04     -42.1     -44.1  0.0000
    260.30     -46.6     -49.7  0.0000
    260.55     -35.0     -35.9  0.0000
    260.81     -35.7     -36.0  0.0000
    261.07     -40.0     -40.4  0.0000
    261.32     -38.9     -42.9  0.0000
    261.58     -43.4     -46.3  0.0000
    261.83     -47.0     -48.9  0.0000
    262.09     -34.7     -38.4  0.0000
    262.34     -40.0     -42.5  0.0000
    262.60     -41.1     -43.0  0.0000
    262.85     -43.2     -45.9  0.0000
    263.11     -36.7     -40.7  0.0000
    263.36     -39.3     -42.1  0.0000
    263.62     -42.7     -46.0  0.0000
    263.87     -43.2     -47.5  0.0000
    264.13     -36.0     -36.3  0.0000
    264.39     -39.1     -39.6  0.0000
    264.64     -41.2     -43.1  0.0000
    264.90     -39.4     -41.9  0.0000
    265.15     -42.1     -44.0  0.0000
    265.41     -45.3     -47.8  0.0000
    265.66     -46.8     -49.4  0.0000
    265.92     -40.2     -49.3  0.0000
    266.17     -36.7     -37.3  0.0000
    266.43     -39.8     -40.5  0.0000
    266.68     -45.3     -46.0  0.0000
    266.94     -49.3     -50.0  0.0001
    267.20     -39.2     -40.9  0.0000
    267.45     -40.0     -40.9  0.0000
    267.71     -42.7     -43.3  0.0000
    267.96     -45.0     -45.9  0.0000
    268.22     -47.5     -48.4  0.0000
    268.47     -49.3     -51.0  0.0000
    268.73     -50.3     -52.4  0.0000
    268.98     -50.3     -51.8  0.0001
    269.24     -52.2     -55.1  0.0001
    269.49     -55.1     -57.9  0.0001
    269.75     -56.5     -61.3  0.0001
    270.00     -59.1     -63.7  0.0003
    270.26     -57.4     -63.5  0.0002
    270.52     -57.3     -61.4  0.0002
    270.77     -57.6     -61.8  0.0003
    271.03     -57.5     -61.1  0.0003
    271.28     -57.6     -62.1  0.0004
    271.54     -62.1     -72.1  0.0006
    271.79     -63.6     -73.5  0.0006
    272.05     -64.7     -69.5  0.0005
    272.30     -64.3     -72.4  0.0006
    272.56     -61.3     -70.3  0.0004
    272.81     -62.3     -69.4  0.0004
