
■ nImFFkrDv8U  총 224.77s
   t      광대역dB  하모닉dB  평탄도
    208.00     -47.6     -51.5  0.0054
    208.26     -35.2     -36.5  0.0000
    208.51     -36.1     -43.0  0.0000
    208.77     -41.5     -47.7  0.0001
    209.02     -45.1     -49.6  0.0001
    209.28     -40.6     -45.3  0.0000
    209.53     -37.3     -43.2  0.0000
    209.79     -42.4     -46.4  0.0000
    210.04     -38.6     -42.3  0.0000
    210.30     -39.2     -41.9  0.0000
    210.55     -41.5     -43.3  0.0000
    210.81     -38.4     -43.4  0.0000
    211.07     -42.7     -44.3  0.0000
    211.32     -39.1     -44.7  0.0000
    211.58     -36.8     -44.2  0.0000
    211.83     -40.9     -47.1  0.0000
    212.09     -40.8     -46.6  0.0000
    212.34     -39.9     -47.4  0.0000
    212.60     -43.6     -47.7  0.0001
    212.85     -38.7     -42.1  0.0000
    213.11     -42.6     -46.0  0.0001
    213.36     -39.0     -43.3  0.0000
    213.62     -44.9     -47.9  0.0001
    213.87     -39.9     -46.1  0.0000
    214.13     -43.2     -46.2  0.0000
    214.39     -45.8     -48.9  0.0000
    214.64     -48.1     -50.9  0.0001
    214.90     -48.2     -51.1  0.0001
    215.15     -35.7     -37.0  0.0000
    215.41     -39.8     -42.5  0.0000
    215.66     -39.2     -40.1  0.0000
    215.92     -42.0     -44.4  0.0000
    216.17     -45.6     -47.0  0.0001
    216.43     -45.2     -47.5  0.0001
    216.68     -46.3     -48.6  0.0001
    216.94     -44.5     -45.5  0.0000
    217.20     -44.4     -46.2  0.0000
    217.45     -38.0     -40.4  0.0000
    217.71     -41.5     -43.6  0.0000
    217.96     -43.7     -45.5  0.0001
    218.22     -43.9     -47.6  0.0000
    218.47     -46.3     -48.9  0.0001
    218.73     -52.0     -54.9  0.0002
    218.98     -52.4     -54.3  0.0002
    219.24     -47.7     -49.5  0.0001
    219.49     -48.2     -52.3  0.0001
    219.75     -49.2     -52.2  0.0001
    220.00     -47.8     -50.9  0.0001
    220.26     -47.8     -49.8  0.0001
    220.52     -45.1     -51.2  0.0000
    220.77     -48.7     -51.8  0.0001
    221.03     -48.3     -52.9  0.0001
    221.28     -49.7     -53.0  0.0001
    221.54     -47.7     -50.5  0.0001
    221.79     -46.1     -48.3  0.0000
    222.05     -42.9     -46.1  0.0000
    222.30     -47.4     -48.4  0.0000
    222.56     -45.8     -47.6  0.0000
    222.81     -46.0     -47.6  0.0000
    223.07     -45.2     -46.8  0.0000
    223.33     -47.3     -50.1  0.0001
    223.58     -43.4     -45.2  0.0000
    223.84     -46.4     -51.0  0.0001
    224.09     -52.2     -54.2  0.0001
    224.35     -48.4     -51.2  0.0001
    224.60     -51.7     -54.6  0.0001
