### 365 셋 다 자기 시작에서 120초로 두면 (A23 방식)
 길이 120s
   jDcMALgzcl8 ↔ XmV5Slb9bIQ  0.1177
   jDcMALgzcl8 ↔ 5WJoNxQfkBQ  0.1148
   XmV5Slb9bIQ ↔ 5WJoNxQfkBQ  0.1262

### 365 무터 시작 훑기 (길이 120 고정, 상대는 자기 시작에서 120초)
jDcMALgzcl8 시작 6.28 길이 120s 를 민다
  밀기   XmV5Slb9bI  5WJoNxQfkB
    -4.0      0.1207      0.1124
    -3.0      0.1165      0.1128
    -2.0      0.1161      0.1118
    -1.0      0.1168      0.1128
    +0.0      0.1177      0.1148
    +1.0      0.1104      0.1169
    +2.0      0.1104      0.1156
    +3.0      0.1056      0.1197
    +4.0      0.1057      0.1208
    +6.0      0.1093      0.1299
    +8.0      0.1103      0.1283

### 365 펄만 시작 훑기
XmV5Slb9bIQ 시작 4.86 길이 120s 를 민다
  밀기   jDcMALgzcl  5WJoNxQfkB
    -3.0      0.1158      0.1275
    -2.0      0.1146      0.1267
    -1.0      0.1145      0.1250
    +0.0      0.1177      0.1262
    +1.0      0.1177      0.1260
    +2.0      0.1218      0.1299
    +3.0      0.1250      0.1309
    +4.0      0.1281      0.1328

### 365 카퓌송 시작 훑기
5WJoNxQfkBQ 시작 3.26 길이 120s 를 민다
  밀기   jDcMALgzcl  XmV5Slb9bI
    -2.0      0.1213      0.1356
    -1.0      0.1140      0.1272
    +0.0      0.1148      0.1262
    +1.0      0.1090      0.1238
    +2.0      0.1113      0.1235
    +3.0      0.1100      0.1214
    +4.0      0.1072      0.1233
    +6.0      0.1129      0.1337
