### 373 구간 삼등분 — 경계 오류면 뒤로 갈수록 나빠진다
  AhbutHpwEh8 ↔ ri8weqSllms
     앞  0.0824
     중간  0.1049
     뒤  0.1044
  AhbutHpwEh8 ↔ MeeJoeN3y9c
     앞  0.0924
     중간  0.1034
     뒤  0.0939
  ri8weqSllms ↔ MeeJoeN3y9c
     앞  0.0720
     중간  0.0892
     뒤  0.0949

### 373 마주어 끝 훑기 (영상 496s, 검출 484.88)
ri8weqSllms 시작 4.84 고정, 끝을 민다
  끝     AhbutHpwEh  MeeJoeN3y9
    484.9      0.0796      0.0735
    488.0      0.0787      0.0741
    490.0      0.0789      0.0749
    492.0      0.0784      0.0760
    494.0      0.0785      0.0768
    495.5      0.0784      0.0774

### 366 구간 삼등분
  FQleHLTHYPk ↔ 2AQRpQ5jhMc
     앞  0.0962
     중간  0.0969
     뒤  0.0879
  FQleHLTHYPk ↔ Cv1N3hUE0EM
     앞  0.1034
     중간  0.1015
     뒤  0.0949
  2AQRpQ5jhMc ↔ Cv1N3hUE0EM
     앞  0.1096
     중간  0.1022
     뒤  0.1068

### 366 끝 훑기 — 에머슨(영상 188) / 알반베르크(182) / 라살(177)
FQleHLTHYPk 시작 0.46 고정, 끝을 민다
  끝     2AQRpQ5jhM  Cv1N3hUE0E
    181.2      0.0871      0.0932
    183.0      0.0872      0.0937
    185.0      0.0884      0.0951
    187.5      0.0903      0.0967
2AQRpQ5jhMc 시작 10.17 고정, 끝을 민다
  끝     FQleHLTHYP  Cv1N3hUE0E
    179.4      0.0871      0.1044
    180.5      0.0877      0.1059
    181.8      0.0891      0.1085
Cv1N3hUE0EM 시작 2.90 고정, 끝을 민다
  끝     FQleHLTHYP  2AQRpQ5jhM
    173.2      0.0932      0.1044
    174.5      0.0937      0.1052
    176.0      0.0946      0.1064
    176.8      0.0947      0.1070
