A25 머리 시작점 측정 (2026-09-29)
hop=256 / 22050Hz / 앞 60초 / 문턱을 0.2초 이상 유지한 첫 시각

### 373 <뉴잉글랜드의 세 장소> 1곡 — 현의 여린 첫 화음
vid           2%바닥  최소   nb2%   bb>-70  nb>-30  nb>-20  검출값
AhbutHpwEh8   -71.1  -100.0 -40.0   1.61    1.99    3.82    5.11
ri8weqSllms   -66.3  -100.0 -40.4   0.63    3.99    4.84    3.25
MeeJoeN3y9c   -62.2  -100.0 -32.0   0.95    1.50    2.30    2.41
→ 셋 다 테이프 잡음이 있어 낮은 문턱은 잡음을 잡는다. nb>-20dB 을 셋에 같이 썼다.

### 365 베르크 바이올린 협주곡 1악장 — 하프·클라리넷 위 독주 개방현
vid           2%바닥  최소   nb2%   bb>-90  bb>-45  nb>-30  nb>-20  검출값
jDcMALgzcl8  -100.0 -100.0 -81.3   2.26   52.14    5.87    6.28   38.06  ← 35.6초 놓침
XmV5Slb9bIQ  -100.0 -100.0 -70.7   2.50   17.12    4.57    4.86    4.64
5WJoNxQfkBQ   -82.3  -97.5  -55.5   0.43    3.30    1.99    3.26    2.58
→ 머리가 디지털 무음인데 도입이 너무 여려 광대역 -45dB 규칙이 52초/17초로 무너진다.
   문서의 두 규칙이 모두 듣지 않는 새 갈래다. nb>-20dB 을 셋에 같이 썼다.

### 366 <서정 모음곡> 1악장 — 4중주 총주 첫 화음
vid           2%바닥  최소   nb2%   bb>-90  bb>-45  nb>-20  검출값
FQleHLTHYPk   -38.7  -92.5   -3.2   0.08    0.51    0.52    0.46
2AQRpQ5jhMc   -94.7  -94.7  -55.8   9.79   10.21   10.21   10.17
Cv1N3hUE0EM   -93.0  -96.4  -58.2   1.38    2.95    2.94    2.90
→ 총주 타건이라 모든 문턱이 0.4초 안에 함께 넘는다. 검출 셋 다 맞다.
   알반 베르크 4중주단의 10.17초는 앞이 디지털 무음인 진짜 시작이다.

### 검출 끝
AhbutHpwEh8 515.99 (영상 516)   ri8weqSllms 484.88 (영상 496, 11초 남음)
MeeJoeN3y9c 518.46 (영상 524)   jDcMALgzcl8 687.78 (693)
XmV5Slb9bIQ 654.64 (662)        5WJoNxQfkBQ 678.84 (683)
FQleHLTHYPk 181.16 (188)        2AQRpQ5jhMc 179.42 (182)
Cv1N3hUE0EM 173.15 (177)

### 발췌(365, anchor head 120초) 1차 결과
기준 jDcMALgzcl8 6.28–126.28
XmV5Slb9bIQ 4.86–118.45 (113.6s) 옮김 0.0788
5WJoNxQfkBQ 3.26–128.18 (124.9s) 옮김 0.0752
→ 옮김 비용이 0.06 문턱 위다. 12음 기법이라 바닥을 먼저 재야 판단할 수 있다.
