warning: unused import: `ConcertWithArtists`
 --> src/concert/api.rs:2:43
  |
2 |     ConcertListItem, ConcertTicketVendor, ConcertWithArtists, ConcertWithDetails, CreateConcert,
  |                                           ^^^^^^^^^^^^^^^^^^
  |
  = note: `#[warn(unused_imports)]` (part of `#[warn(unused)]`) on by default

warning: unused variable: `code`
   --> src/concert/repository.rs:561:33
    |
561 |         let query = if let Some(code) = area_code {
    |                                 ^^^^ help: if this is intentional, prefix it with an underscore: `_code`
    |
    = note: `#[warn(unused_variables)]` (part of `#[warn(unused)]`) on by default

{
  "status": "succeeded",
  "bundlePath": "/Users/kdh/.cache/classicmap/comparison/a-a25/a-a25-clip-assets.jsonl",
  "rowCount": 9,
  "dryRun": false,
  "publish": true,
  "seedRunId": "e03ed478-c560-4d74-9659-937d2195d5b4",
  "mutations": {
    "clipJobsInserted": 0,
    "clipJobsUpdated": 9,
    "clipAssetsInserted": 9,
    "clipAssetsRetired": 0,
    "clipAssetsUpdated": 0,
    "performancesReady": 0,
    "publishTransitions": 18,
    "total": 36
  },
  "plannedMutations": {
    "clipJobsInserted": 0,
    "clipJobsUpdated": 9,
    "clipAssetsInserted": 9,
    "clipAssetsRetired": 0,
    "clipAssetsUpdated": 0,
    "performancesReady": 0,
    "publishTransitions": 18,
    "total": 36
  },
  "performanceIds": [
    734,
    735,
    736,
    737,
    738,
    739,
    740,
    741,
    742
  ]
}
