===== 373 =====
AhbutHpwEh8  tuning +0.050 반음
ri8weqSllms  tuning +0.040 반음
MeeJoeN3y9c  tuning +0.060 반음

AhbutHpwEh8 ↔ ri8weqSllms
   0:0.0796  1:0.2629  2:0.2585  3:0.2517  4:0.2586  5:0.2363  6:0.2652  7:0.2230  8:0.2585  9:0.2507  10:0.2436  11:0.2558
   최저 0반음 0.0796   차점 7반음 0.2230

AhbutHpwEh8 ↔ MeeJoeN3y9c
   0:0.0808  1:0.2724  2:0.2654  3:0.2648  4:0.2701  5:0.2517  6:0.2727  7:0.2542  8:0.2780  9:0.2601  10:0.2506  11:0.2893
   최저 0반음 0.0808   차점 10반음 0.2506

ri8weqSllms ↔ MeeJoeN3y9c
   0:0.0735  1:0.2630  2:0.2511  3:0.2576  4:0.2649  5:0.2260  6:0.2785  7:0.2477  8:0.2638  9:0.2591  10:0.2579  11:0.2669
   최저 0반음 0.0735   차점 5반음 0.2260

===== 365 (발췌 창) =====
Installed 26 packages in 169ms
jDcMALgzcl8  tuning +0.100 반음
XmV5Slb9bIQ  tuning +0.010 반음
5WJoNxQfkBQ  tuning +0.160 반음

jDcMALgzcl8 ↔ XmV5Slb9bIQ
   0:0.1030  1:0.3340  2:0.3518  3:0.3348  4:0.3406  5:0.3080  6:0.3743  7:0.3509  8:0.3239  9:0.3339  10:0.3603  11:0.3411
   최저 0반음 0.1030   차점 5반음 0.3080

jDcMALgzcl8 ↔ 5WJoNxQfkBQ
   0:0.1029  1:0.3818  2:0.3887  3:0.3624  4:0.3894  5:0.3524  6:0.3784  7:0.3519  8:0.3753  9:0.3967  10:0.3812  11:0.3847
   최저 0반음 0.1029   차점 7반음 0.3519

XmV5Slb9bIQ ↔ 5WJoNxQfkBQ
   0:0.1105  1:0.3844  2:0.3758  3:0.3564  4:0.3797  5:0.3707  6:0.3738  7:0.3487  8:0.3735  9:0.3782  10:0.3926  11:0.3745
   최저 0반음 0.1105   차점 7반음 0.3487

===== 366 =====
FQleHLTHYPk  tuning +0.070 반음
2AQRpQ5jhMc  tuning +0.050 반음
Cv1N3hUE0EM  tuning -0.040 반음

FQleHLTHYPk ↔ 2AQRpQ5jhMc
   0:0.0871  1:0.2604  2:0.2552  3:0.2387  4:0.2434  5:0.2343  6:0.2355  7:0.2406  8:0.2390  9:0.2448  10:0.2507  11:0.2439
   최저 0반음 0.0871   차점 5반음 0.2343

FQleHLTHYPk ↔ Cv1N3hUE0EM
   0:0.0932  1:0.2470  2:0.2547  3:0.2468  4:0.2581  5:0.2587  6:0.2494  7:0.2516  8:0.2461  9:0.2586  10:0.2563  11:0.2493
   최저 0반음 0.0932   차점 8반음 0.2461

2AQRpQ5jhMc ↔ Cv1N3hUE0EM
   0:0.1044  1:0.2605  2:0.2654  3:0.2669  4:0.2637  5:0.2461  6:0.2549  7:0.2418  8:0.2613  9:0.2570  10:0.2594  11:0.2677
   최저 0반음 0.1044   차점 7반음 0.2418
