===== piece 373 =====
### AhbutHpwEh8  3.82-515.99  블록 40s
   앞블록 ↔ 다음블록      0.2375
   자기 ↔ 자기+2  초       0.0053
   자기 ↔ 자기+5  초       0.0401
   자기 ↔ 자기+10 초       0.0620
   자기 ↔ 자기+20 초       0.1849
   자기 ↔ 자기+40 초       0.2375
### ri8weqSllms  4.84-484.88  블록 40s
   앞블록 ↔ 다음블록      0.2197
   자기 ↔ 자기+2  초       0.0139
   자기 ↔ 자기+5  초       0.0365
   자기 ↔ 자기+10 초       0.0830
   자기 ↔ 자기+20 초       0.2182
   자기 ↔ 자기+40 초       0.2197
### MeeJoeN3y9c  2.30-518.46  블록 40s
   앞블록 ↔ 다음블록      0.2623
   자기 ↔ 자기+2  초       0.0071
   자기 ↔ 자기+5  초       0.0473
   자기 ↔ 자기+10 초       0.0965
   자기 ↔ 자기+20 초       0.2862
   자기 ↔ 자기+40 초       0.2623
===== piece 365 =====
### jDcMALgzcl8  6.28-126.28  블록 40s
   앞블록 ↔ 다음블록      0.3132
   자기 ↔ 자기+2  초       0.0105
   자기 ↔ 자기+5  초       0.0463
   자기 ↔ 자기+10 초       0.1169
   자기 ↔ 자기+20 초       0.2517
   자기 ↔ 자기+40 초       0.3132
### XmV5Slb9bIQ  4.86-118.45  블록 38s
   앞블록 ↔ 다음블록      0.3407
   자기 ↔ 자기+2  초       0.0139
   자기 ↔ 자기+5  초       0.0378
   자기 ↔ 자기+10 초       0.1444
   자기 ↔ 자기+20 초       0.2624
   자기 ↔ 자기+40 초       0.3178
### 5WJoNxQfkBQ  3.26-128.18  블록 40s
   앞블록 ↔ 다음블록      0.3868
   자기 ↔ 자기+2  초       0.0116
   자기 ↔ 자기+5  초       0.0565
   자기 ↔ 자기+10 초       0.1593
   자기 ↔ 자기+20 초       0.3193
   자기 ↔ 자기+40 초       0.3868
===== piece 366 =====
### FQleHLTHYPk  0.46-181.16  블록 40s
   앞블록 ↔ 다음블록      0.2990
   자기 ↔ 자기+2  초       0.0266
   자기 ↔ 자기+5  초       0.0656
   자기 ↔ 자기+10 초       0.1335
   자기 ↔ 자기+20 초       0.1561
   자기 ↔ 자기+40 초       0.2990
### 2AQRpQ5jhMc  10.17-179.42  블록 40s
   앞블록 ↔ 다음블록      0.2692
   자기 ↔ 자기+2  초       0.0423
   자기 ↔ 자기+5  초       0.0862
   자기 ↔ 자기+10 초       0.1521
   자기 ↔ 자기+20 초       0.2223
   자기 ↔ 자기+40 초       0.2692
### Cv1N3hUE0EM  2.90-173.15  블록 40s
   앞블록 ↔ 다음블록      0.2723
   자기 ↔ 자기+2  초       0.0296
   자기 ↔ 자기+5  초       0.0905
   자기 ↔ 자기+10 초       0.1570
   자기 ↔ 자기+20 초       0.2319
   자기 ↔ 자기+40 초       0.2723
