에셴바흐 파일 179.32s -> 0.40-177.32
크라카워 파일 167.77s -> 0.40-165.77

### 열 쌍
  프뢰스트  ↔ 크라카워   0.0731
  포펜    ↔ 크라카워   0.0978
  샤함    ↔ 프뢰스트   0.0995
  포펜    ↔ 프뢰스트   0.1005
  에셴바흐  ↔ 크라카워   0.1020
  샤함    ↔ 크라카워   0.1028
  포펜    ↔ 에셴바흐   0.1140
  샤함    ↔ 에셴바흐   0.1144
  프뢰스트  ↔ 에셴바흐   0.1173
  샤함    ↔ 포펜     0.1176

### 세 연주 조합 열 가지
  최대 0.1005  포펜 · 프뢰스트 · 크라카워
  최대 0.1028  샤함 · 프뢰스트 · 크라카워
  최대 0.1140  포펜 · 에셴바흐 · 크라카워
  최대 0.1144  샤함 · 에셴바흐 · 크라카워
  최대 0.1173  포펜 · 프뢰스트 · 에셴바흐
  최대 0.1173  프뢰스트 · 에셴바흐 · 크라카워
  최대 0.1173  샤함 · 프뢰스트 · 에셴바흐
  최대 0.1176  샤함 · 포펜 · 에셴바흐
  최대 0.1176  샤함 · 포펜 · 크라카워
  최대 0.1176  샤함 · 포펜 · 프뢰스트
