### 354 자기 정렬 (길이 2.37배라 확인)
### JzYI-_hLguE  0.09-159.45  블록 40s
   앞블록 ↔ 다음블록      0.0876
   자기 ↔ 자기+2  초       0.0057
   자기 ↔ 자기+5  초       0.0237
   자기 ↔ 자기+10 초       0.0511
   자기 ↔ 자기+20 초       0.1068
   자기 ↔ 자기+40 초       0.0876
### sZffgf4GoMQ  0.42-255.77  블록 40s
   앞블록 ↔ 다음블록      0.1291
   자기 ↔ 자기+2  초       0.0125
   자기 ↔ 자기+5  초       0.0383
   자기 ↔ 자기+10 초       0.0657
   자기 ↔ 자기+20 초       0.0962
   자기 ↔ 자기+40 초       0.1291
### fKDwMlBVZ_k  0.35-377.63  블록 40s
   앞블록 ↔ 다음블록      0.1086
   자기 ↔ 자기+2  초       0.0178
   자기 ↔ 자기+5  초       0.0455
   자기 ↔ 자기+10 초       0.0851
   자기 ↔ 자기+20 초       0.1264
   자기 ↔ 자기+40 초       0.1086

### 354 끝 훑기
JzYI-_hLguE 시작 0.09 고정, 끝을 민다
  끝     sZffgf4GoM  fKDwMlBVZ_
    159.4      0.0884      0.1021
    162.0      0.0893      0.1034
    165.0      0.0896      0.1034
    166.5      0.0895      0.1035
sZffgf4GoMQ 시작 0.42 고정, 끝을 민다
  끝     JzYI-_hLgu  fKDwMlBVZ_
    255.8      0.0884      0.0466
    259.0      0.0877      0.0464
    262.0      0.0889      0.0478
    265.0      0.0901      0.0492
fKDwMlBVZ_k 시작 0.35 고정, 끝을 민다
  끝     JzYI-_hLgu  sZffgf4GoM
    377.6      0.1021      0.0466
    381.0      0.1022      0.0481
    384.0      0.1028      0.0491
    387.0      0.1039      0.0501

### 362 끝 훑기
ABHU3OaDAhI 시작 4.48 고정, 끝을 민다
  끝     2-easfsrUz  Ia9qADMR7z
    378.8      0.0651      0.0601
    380.0      0.0651      0.0604
    381.5      0.0651      0.0603
2-easfsrUzk 시작 2.51 고정, 끝을 민다
  끝     ABHU3OaDAh  Ia9qADMR7z
    387.5      0.0651      0.0692
    390.0      0.0651      0.0694
    393.0      0.0649      0.0697
Ia9qADMR7zQ 시작 1.30 고정, 끝을 민다
  끝     ABHU3OaDAh  2-easfsrUz
    377.6      0.0601      0.0692
    380.0      0.0600      0.0696
    383.0      0.0601      0.0699
    384.5      0.0601      0.0701

### 360 끝 훑기 (크라카워 포함)
TuGH_gI1Ddw 시작 0.46 고정, 끝을 민다
  끝     il5Vb4q1Nt  UpdmlyGYYn
    161.2      0.1007      0.0696
    164.0      0.1022      0.0719
    166.5      0.1025      0.0731
