### 360 샤함 시작 훑기 (bb>-90 이 1.72초, 검출 4.69)
il5Vb4q1Ntg 시작 4.69 길이 167s 를 민다
  밀기   GhQoNUd0-n  UpdmlyGYYn
    -3.0      0.1241      0.1067
    -2.0      0.1209      0.1032
    -1.0      0.1198      0.1015
    +0.0      0.1176      0.0995
    +1.0      0.1183      0.1000
    +2.0      0.1245      0.1052

### 360 구간 삼등분
  il5Vb4q1Ntg ↔ GhQoNUd0-nQ
     앞  0.1238
     중간  0.1106
     뒤  0.1243
  il5Vb4q1Ntg ↔ UpdmlyGYYnM
     앞  0.1109
     중간  0.0897
     뒤  0.1092
  GhQoNUd0-nQ ↔ UpdmlyGYYnM
     앞  0.0988
     중간  0.1084
     뒤  0.0966

### 360 끝 훑기 (영상 179 / 151 / 163)
il5Vb4q1Ntg 시작 4.69 고정, 끝을 민다
  끝     GhQoNUd0-n  UpdmlyGYYn
    172.2      0.1176      0.0995
    175.0      0.1189      0.1005
    178.0      0.1205      0.1016
GhQoNUd0-nQ 시작 0.26 고정, 끝을 민다
  끝     il5Vb4q1Nt  UpdmlyGYYn
    140.9      0.1176      0.1005
    144.0      0.1171      0.1012
    147.0      0.1184      0.1036
    150.0      0.1182      0.1053
UpdmlyGYYnM 시작 3.97 고정, 끝을 민다
  끝     il5Vb4q1Nt  GhQoNUd0-n
    159.0      0.0995      0.1005
    161.0      0.0993      0.1006
    162.5      0.1011      0.1035
