### il5Vb4q1Ntg  2%바닥 -100.0  최소 -100.0  nb2% -67.5
   bb  >-90:1.72  >-70:2.15  >-60:3.53  >-50:5.74  >-45:5.78
   nb  >-40:4.61  >-30:4.66  >-20:5.03
### GhQoNUd0-nQ  2%바닥 -44.4  최소 -100.0  nb2% -7.1
   bb  >-90:0.21  >-70:0.22  >-60:0.22  >-50:0.26  >-45:0.27
   nb  >-40:0.23  >-30:0.24  >-20:0.26
### UpdmlyGYYnM  2%바닥 -80.8  최소 -100.0  nb2% -54.9
   bb  >-90:0.37  >-70:3.53  >-60:3.59  >-50:3.62  >-45:3.65
   nb  >-40:3.54  >-30:3.56  >-20:3.60
### ABHU3OaDAhI  2%바닥 -92.9  최소 -92.9  nb2% -59.4
   bb  >-90:2.97  >-70:3.54  >-60:4.46  >-50:4.47  >-45:4.47
   nb  >-40:4.45  >-30:4.46  >-20:4.48
### 2-easfsrUzk  2%바닥 -72.4  최소 -92.0  nb2% -53.1
   bb  >-90:0.55  >-70:1.83  >-60:2.55  >-50:2.58  >-45:2.59
   nb  >-40:2.52  >-30:2.55  >-20:2.58
### Ia9qADMR7zQ  2%바닥 -93.2  최소 -93.2  nb2% -57.6
   bb  >-90:1.24  >-70:1.25  >-60:1.27  >-50:1.28  >-45:1.29
   nb  >-40:1.27  >-30:1.28  >-20:1.29
### JzYI-_hLguE  2%바닥 -38.7  최소 -58.5  nb2% -3.0
   bb  >-90:0.00  >-70:0.00  >-60:0.00  >-50:0.07  >-45:0.13
   nb  >-40:0.00  >-30:0.08  >-20:0.09
### sZffgf4GoMQ  2%바닥 -36.5  최소 -85.7  nb2% 0.1
   bb  >-90:0.00  >-70:0.41  >-60:0.44  >-50:0.46  >-45:0.48
   nb  >-40:0.45  >-30:0.46  >-20:0.46
### 04ZYK0CCF50  2%바닥 -38.6  최소 -92.8  nb2% -1.5
   bb  >-90:0.80  >-70:0.89  >-60:0.89  >-50:0.91  >-45:0.91
   nb  >-40:0.91  >-30:0.91  >-20:0.92
### fKDwMlBVZ_k  2%바닥 -32.4  최소 -75.1  nb2% 3.6
   bb  >-90:0.00  >-70:0.01  >-60:0.01  >-50:0.33  >-45:0.34
   nb  >-40:0.34  >-30:0.34  >-20:0.35
