warning: unused import: `ConcertWithArtists`
 --> src/concert/api.rs:2:43
  |
2 |     ConcertListItem, ConcertTicketVendor, ConcertWithArtists, ConcertWithDetails, CreateConcert,
  |                                           ^^^^^^^^^^^^^^^^^^
  |
  = note: `#[warn(unused_imports)]` (part of `#[warn(unused)]`) on by default

warning: unused variable: `code`
   --> src/concert/repository.rs:561:33
    |
561 |         let query = if let Some(code) = area_code {
    |                                 ^^^^ help: if this is intentional, prefix it with an underscore: `_code`
    |
    = note: `#[warn(unused_variables)]` (part of `#[warn(unused)]`) on by default

{
  "status": "succeeded",
  "bundlePath": "/Users/kdh/.cache/classicmap/comparison/a-a27/a-a27-clip-assets.jsonl",
  "rowCount": 9,
  "dryRun": false,
  "publish": true,
  "seedRunId": "e0ebcc66-3277-4266-a04f-a1577b2c5293",
  "mutations": {
    "clipJobsInserted": 0,
    "clipJobsUpdated": 9,
    "clipAssetsInserted": 9,
    "clipAssetsRetired": 0,
    "clipAssetsUpdated": 0,
    "performancesReady": 0,
    "publishTransitions": 18,
    "total": 36
  },
  "plannedMutations": {
    "clipJobsInserted": 0,
    "clipJobsUpdated": 9,
    "clipAssetsInserted": 9,
    "clipAssetsRetired": 0,
    "clipAssetsUpdated": 0,
    "performancesReady": 0,
    "publishTransitions": 18,
    "total": 36
  },
  "performanceIds": [
    749,
    750,
    751,
    752,
    753,
    754,
    755,
    756,
    757
  ]
}
