===== 360 =====
il5Vb4q1Ntg  tuning +0.070 반음
GhQoNUd0-nQ  tuning +0.130 반음
UpdmlyGYYnM  tuning +0.090 반음

il5Vb4q1Ntg ↔ GhQoNUd0-nQ
   0:0.1176  1:0.2511  2:0.2804  3:0.2489  4:0.2511  5:0.2551  6:0.2530  7:0.2424  8:0.2547  9:0.2731  10:0.2606  11:0.2587
   최저 0반음 0.1176   차점 7반음 0.2424

il5Vb4q1Ntg ↔ UpdmlyGYYnM
   0:0.0995  1:0.2651  2:0.2594  3:0.2619  4:0.2824  5:0.2672  6:0.2660  7:0.2612  8:0.2869  9:0.2754  10:0.2691  11:0.2608
   최저 0반음 0.0995   차점 2반음 0.2594

GhQoNUd0-nQ ↔ UpdmlyGYYnM
   0:0.1005  1:0.2782  2:0.2859  3:0.2999  4:0.2962  5:0.2753  6:0.2935  7:0.2703  8:0.2605  9:0.2788  10:0.3079  11:0.2711
   최저 0반음 0.1005   차점 8반음 0.2605

===== 362 =====
ABHU3OaDAhI  tuning +0.060 반음
2-easfsrUzk  tuning +0.070 반음
Ia9qADMR7zQ  tuning +0.110 반음

ABHU3OaDAhI ↔ 2-easfsrUzk
   0:0.0651  1:0.1602  2:0.1514  3:0.1794  4:0.1690  5:0.1604  6:0.1747  7:0.1687  8:0.1702  9:0.1518  10:0.1697  11:0.1625
   최저 0반음 0.0651   차점 2반음 0.1514

ABHU3OaDAhI ↔ Ia9qADMR7zQ
   0:0.0601  1:0.1574  2:0.1683  3:0.1667  4:0.1665  5:0.1607  6:0.1742  7:0.1650  8:0.1627  9:0.1698  10:0.1679  11:0.1599
   최저 0반음 0.0601   차점 1반음 0.1574

2-easfsrUzk ↔ Ia9qADMR7zQ
   0:0.0692  1:0.1784  2:0.1897  3:0.1962  4:0.1788  5:0.1800  6:0.1806  7:0.1862  8:0.1812  9:0.1902  10:0.1861  11:0.1760
   최저 0반음 0.0692   차점 11반음 0.1760

===== 354 (왕·올라프손·휘트웰) =====
JzYI-_hLguE  tuning +0.110 반음
sZffgf4GoMQ  tuning +0.110 반음
fKDwMlBVZ_k  tuning -0.040 반음

JzYI-_hLguE ↔ sZffgf4GoMQ
   0:0.0884  1:0.3432  2:0.2800  3:0.3190  4:0.3336  5:0.3154  6:0.4454  7:0.2734  8:0.3158  9:0.3296  10:0.2891  11:0.3411
   최저 0반음 0.0884   차점 7반음 0.2734

JzYI-_hLguE ↔ fKDwMlBVZ_k
   0:0.1036  1:0.3433  2:0.2873  3:0.2740  4:0.3345  5:0.3284  6:0.4259  7:0.2661  8:0.3162  9:0.3491  10:0.2965  11:0.3236
   최저 0반음 0.1036   차점 7반음 0.2661

sZffgf4GoMQ ↔ fKDwMlBVZ_k
   0:0.0499  1:0.3904  2:0.3139  3:0.3263  4:0.3647  5:0.3039  6:0.4584  7:0.2827  8:0.3513  9:0.4001  10:0.2877  11:0.3521
   최저 0반음 0.0499   차점 7반음 0.2827
