===== 360 최종 =====
il5Vb4q1Ntg  tuning +0.070 반음
UpdmlyGYYnM  tuning +0.090 반음
TuGH_gI1Ddw  tuning +0.090 반음

il5Vb4q1Ntg ↔ UpdmlyGYYnM
   0:0.0995  1:0.2651  2:0.2594  3:0.2619  4:0.2824  5:0.2672  6:0.2660  7:0.2612  8:0.2869  9:0.2754  10:0.2691  11:0.2608
   최저 0반음 0.0995   차점 2반음 0.2594

il5Vb4q1Ntg ↔ TuGH_gI1Ddw
   0:0.1007  1:0.2687  2:0.2694  3:0.2685  4:0.2571  5:0.2731  6:0.2703  7:0.2393  8:0.2487  9:0.2814  10:0.2768  11:0.2701
   최저 0반음 0.1007   차점 7반음 0.2393

UpdmlyGYYnM ↔ TuGH_gI1Ddw
   0:0.0696  1:0.2837  2:0.2894  3:0.3036  4:0.2798  5:0.2798  6:0.3072  7:0.2676  8:0.2777  9:0.2854  10:0.2914  11:0.2947
   최저 0반음 0.0696   차점 7반음 0.2676

===== 354 최종 =====
JzYI-_hLguE  tuning +0.110 반음
sZffgf4GoMQ  tuning +0.110 반음
fKDwMlBVZ_k  tuning -0.040 반음

JzYI-_hLguE ↔ sZffgf4GoMQ
   0:0.0884  1:0.3432  2:0.2800  3:0.3190  4:0.3336  5:0.3154  6:0.4454  7:0.2734  8:0.3158  9:0.3296  10:0.2891  11:0.3411
   최저 0반음 0.0884   차점 7반음 0.2734

JzYI-_hLguE ↔ fKDwMlBVZ_k
   0:0.1021  1:0.3456  2:0.2900  3:0.2776  4:0.3379  5:0.3302  6:0.4315  7:0.2675  8:0.3203  9:0.3519  10:0.3028  11:0.3348
   최저 0반음 0.1021   차점 7반음 0.2675

sZffgf4GoMQ ↔ fKDwMlBVZ_k
   0:0.0466  1:0.3941  2:0.3142  3:0.3333  4:0.3800  5:0.3112  6:0.4672  7:0.2854  8:0.3566  9:0.4041  10:0.2877  11:0.3871
   최저 0반음 0.0466   차점 7반음 0.2854
