===== 360 =====
### il5Vb4q1Ntg  4.69-172.15  블록 30s
   앞블록 ↔ 다음블록      0.1812
   자기 ↔ 자기+2  초       0.0553
   자기 ↔ 자기+5  초       0.0686
   자기 ↔ 자기+10 초       0.1098
   자기 ↔ 자기+20 초       0.1836
   자기 ↔ 자기+40 초       0.2023
### GhQoNUd0-nQ  0.26-140.95  블록 30s
   앞블록 ↔ 다음블록      0.1270
   자기 ↔ 자기+2  초       0.0449
   자기 ↔ 자기+5  초       0.0816
   자기 ↔ 자기+10 초       0.1339
   자기 ↔ 자기+20 초       0.1437
   자기 ↔ 자기+40 초       0.2095
### UpdmlyGYYnM  3.97-158.99  블록 30s
   앞블록 ↔ 다음블록      0.2209
   자기 ↔ 자기+2  초       0.0428
   자기 ↔ 자기+5  초       0.0730
   자기 ↔ 자기+10 초       0.1435
   자기 ↔ 자기+20 초       0.2455
   자기 ↔ 자기+40 초       0.2651

===== 362 =====
### ABHU3OaDAhI  4.48-378.76  블록 40s
   앞블록 ↔ 다음블록      0.1391
   자기 ↔ 자기+2  초       0.0263
   자기 ↔ 자기+5  초       0.0448
   자기 ↔ 자기+10 초       0.0807
   자기 ↔ 자기+20 초       0.1161
   자기 ↔ 자기+40 초       0.1391
### 2-easfsrUzk  2.51-387.49  블록 40s
   앞블록 ↔ 다음블록      0.2084
   자기 ↔ 자기+2  초       0.0188
   자기 ↔ 자기+5  초       0.0610
   자기 ↔ 자기+10 초       0.1059
   자기 ↔ 자기+20 초       0.1696
   자기 ↔ 자기+40 초       0.2084
### Ia9qADMR7zQ  1.30-377.63  블록 40s
   앞블록 ↔ 다음블록      0.1603
   자기 ↔ 자기+2  초       0.0218
   자기 ↔ 자기+5  초       0.0545
   자기 ↔ 자기+10 초       0.0973
   자기 ↔ 자기+20 초       0.1512
   자기 ↔ 자기+40 초       0.1603

===== 354 =====
### JzYI-_hLguE  0.09-159.45  블록 40s
   앞블록 ↔ 다음블록      0.0876
   자기 ↔ 자기+2  초       0.0057
   자기 ↔ 자기+5  초       0.0237
   자기 ↔ 자기+10 초       0.0511
   자기 ↔ 자기+20 초       0.1068
   자기 ↔ 자기+40 초       0.0876
### sZffgf4GoMQ  0.42-255.77  블록 40s
   앞블록 ↔ 다음블록      0.1291
   자기 ↔ 자기+2  초       0.0125
   자기 ↔ 자기+5  초       0.0383
   자기 ↔ 자기+10 초       0.0657
   자기 ↔ 자기+20 초       0.0962
   자기 ↔ 자기+40 초       0.1291
### 04ZYK0CCF50  0.91-332.74  블록 40s
   앞블록 ↔ 다음블록      0.1282
   자기 ↔ 자기+2  초       0.0079
   자기 ↔ 자기+5  초       0.0418
   자기 ↔ 자기+10 초       0.0686
   자기 ↔ 자기+20 초       0.1310
   자기 ↔ 자기+40 초       0.1282
