■ Kathleen Battle  (NacE6oV_LHg)  1.50–230.50

1. 구간 삼등분 — 앞뒤만 나쁘면 경계 문제
구간            Kiri Te Ka    Renée Flem
앞                 0.0784        0.1341
중간                0.2811        0.2685
뒤                 0.1437        0.1553

2. 끝점 훑기
     경계(초)    Kiri Te Ka    Renée Flem            최대
     224.5        0.1483        0.1774        0.1774
     227.0        0.1449        0.1689        0.1689
     229.5        0.1447        0.1699        0.1699
     232.0        0.1441        0.1707        0.1707
     234.5        0.1433        0.1714        0.1714
     237.0        0.1428        0.1715        0.1715
     239.5        0.1428        0.1717        0.1717
     242.0        0.1429        0.1722        0.1722
     244.5        0.1429        0.1722        0.1722
     247.0        0.1429        0.1722        0.1722

3. 시작점 훑기
     경계(초)    Kiri Te Ka    Renée Flem            최대
       0.0        0.1452        0.1703        0.1703
       0.0        0.1452        0.1703        0.1703
       0.5        0.1448        0.1704        0.1704
       3.0        0.1458        0.1705        0.1705
       5.5        0.1466        0.1712        0.1712
       8.0        0.1523        0.1761        0.1761
      10.5        0.1536        0.1784        0.1784
      13.0        0.1564        0.1807        0.1807
      15.5        0.1634        0.1897        0.1897
      18.0        0.1617        0.1880        0.1880

4. 12방향 회전 — 특정 회전에서 뚝 떨어지면 이조
  0:0.145  1:0.385  2:0.312  3:0.361  4:0.366  5:0.296  6:0.397  7:0.299  8:0.380  9:0.332  10:0.334  11:0.402
  가장 잘 맞는 회전 0반음 (0.1446)  ← 0반음이면 조성은 같다
