■ Renée Fleming  (22It9TlhcS0)  2.70–333.50

1. 구간 삼등분 — 앞뒤만 나쁘면 경계 문제
구간            Kathleen B    Kiri Te Ka
앞                 0.1341        0.1253
중간                0.2685        0.1171
뒤                 0.1553        0.1134

2. 끝점 훑기
     경계(초)    Kathleen B    Kiri Te Ka            최대
     327.5        0.1709        0.1168        0.1709
     330.0        0.1705        0.1166        0.1705
     332.5        0.1703        0.1168        0.1703
     335.0        0.1705        0.1167        0.1705
     337.5        0.1722        0.1180        0.1722
     340.0        0.1724        0.1183        0.1724
     342.5        0.1724        0.1183        0.1724
     345.0        0.1724        0.1183        0.1724
     347.5        0.1724        0.1183        0.1724
     350.0        0.1724        0.1183        0.1724

3. 시작점 훑기
     경계(초)    Kathleen B    Kiri Te Ka            최대
       0.0        0.1708        0.1171        0.1708
       0.0        0.1708        0.1171        0.1708
       1.7        0.1703        0.1168        0.1703
       4.2        0.1714        0.1180        0.1714
       6.7        0.1717        0.1190        0.1717
       9.2        0.1746        0.1218        0.1746
      11.7        0.1753        0.1210        0.1753
      14.2        0.1803        0.1279        0.1803
      16.7        0.1788        0.1262        0.1788
      19.2        0.1809        0.1282        0.1809

4. 12방향 회전 — 특정 회전에서 뚝 떨어지면 이조
  0:0.170  1:0.381  2:0.316  3:0.352  4:0.370  5:0.295  6:0.393  7:0.295  8:0.368  9:0.362  10:0.319  11:0.371
  가장 잘 맞는 회전 0반음 (0.1703)  ← 0반음이면 조성은 같다
