=== piece 228 보칼리제 — 구조 진단 (2026-09-28) ===

경계 보정 뒤 교차표 (임계 0.11)

               배틀      테카나와    플레밍
배틀            —       0.1446    0.1703
테카나와                  —       0.1168
플레밍                              —

세 쌍 모두 임계 초과. 한 연주만 걸리는 모양이 아니다.

--- 1) 이조가 아니다 ---
12방향 회전 최저가 세 쌍 모두 0반음이다 (rotate.log).
  배틀↔테카나와  0반음 0.1446 / 차점 7반음 0.2957
  배틀↔플레밍    0반음 0.1703 / 차점 5반음 0.2952
  테카나와↔플레밍 0반음 0.1168 / 차점 7반음 0.3062
첫 절만 떼어 회전을 떠도 최저는 0반음이다.
  배틀 첫절 ↔ 테카나와 첫절   0반음 0.0723 / 차점 5반음 0.2985
  테카나와 첫절 ↔ 플레밍 첫절  0반음 0.1273 / 차점 5반음 0.3044
"어디에도 최저가 없는" 모양(다른 트랙)도 아니다. 0 이 뚜렷한 최저다.

--- 2) 조율 차이도 아니다 ---
tuning  배틀 +0.070 / 테카나와 -0.020 / 플레밍 +0.040. 폭 0.09반음.
밤의 여왕(0.65반음으로 두 덩어리)과 달리 덩어리가 지지 않는다.
세 연주 모두 현대 피치이고 0 근처가 아니라 접힘(A=415) 의심 자리도 아니다.

--- 3) 경계 오류도 아니다 ---
배틀 끝점 훑기 224.5~247.0: 테카나와 0.1483~0.1428, 플레밍 0.1774~0.1722 (평평)
배틀 시작점 훑기 0.0~18.0: 0.1452→0.1617, 0.1703→0.1880 (뒤로 갈수록 나빠짐)
플레밍 끝점 훑기 327.5~350.0: 테카나와 0.1168~0.1183 (평평)
플레밍 시작점 훑기 0.0~19.2: 0.1171→0.1282 (평평)
경계를 어디로 옮겨도 최저와 현재 값의 차이가 0.0005 안이다. 2번 패턴(평평함).

--- 4) 구간 삼등분 ---
배틀 기준     테카나와  플레밍        플레밍 기준   배틀    테카나와
  앞          0.0784   0.1341         앞         0.1341  0.1253
  중간        0.2811   0.2685         중간        0.2685  0.1171
  뒤          0.1437   0.1553         뒤         0.1553  0.1134

배틀은 중간 3분의 1이 두 연주 모두에 대해 0.27 대로 무너진다. 앞은 0.078 로 좋다.
플레밍↔테카나와는 앞·중간·뒤가 0.113~0.125 로 고르게 높다 (국소 문제가 아니다).

--- 5) 되풀이 구조: 테카나와와 플레밍에는 있고 배틀에는 없다 ---
같은 녹음 안에서 앞 블록과 그 다음 블록을 온전 정렬(subseq=False)한 값.
  테카나와 7-75      vs 자기 105-168.5    = 0.0400   ← 같은 음악
  플레밍  6.1-110.2  vs 자기 115-215      = 0.0376   ← 같은 음악
  배틀    1.5-80.8   vs 자기 80.8-160     = 0.2818   ← 다른 음악
  배틀    1.5-80.8   vs 자기 115-195      = 0.2837
  (대조군) 455 리시에츠키 0.3-60 vs 자기 90-150 = 0.2107
부분열 DTW 로 배틀 1.5-58 을 배틀 자신의 58초 이후에서 찾게 해도 못 찾는다
  (122.55-138.25, 길이 비율 0.28, 옮김 비용 0.1821 — 쓰레기값).

테카나와·플레밍은 ~100초 블록을 두 번 내고 배틀은 내지 않는다.

--- 6) 배틀은 첫 블록만 같은 음악이다 (템포비 비례로 맞춘 대응) ---
배틀 229.0s : 테카나와 292.7s → 비례계수 1.278
  배틀 1.5-80.8   ↔ 테카나와 7-108.4     = 0.0815  ← 통과권
  배틀 80.8-160   ↔ 테카나와 108.4-209.6 = 0.2736  ← 다른 음악
  배틀 160-230.5  ↔ 테카나와 209.6-299.6 = 0.1364
배틀 229.0s : 플레밍 330.8s → 비례계수 1.445
  배틀 80.8-160   ↔ 플레밍 117.2-231.7   = 0.2438  ← 다른 음악
  배틀 160-230.5  ↔ 플레밍 231.7-333.5   = 0.1473

--- 7) 테카나와↔플레밍은 어느 블록끼리 맞춰도 0.127~0.141 ---
  테카나와 B1(7-105)     ↔ 플레밍 F1(6.1-110.2) = 0.1273
  테카나와 B1            ↔ 플레밍 F2(115-215)   = 0.1387
  테카나와 B2(105-210)   ↔ 플레밍 F1            = 0.1399
  테카나와 B3(210-299.8) ↔ 플레밍 F3(215-333.5) = 0.1405
  전구간                                        = 0.1168
블록을 바꿔 끼워도 나아지지 않는다. 경계·이조·되풀이 어긋남으로 설명되지 않는다.

--- 판정 ---
판정하지 않는다. 다음 두 가지가 겹쳐 있다.
 (a) 배틀 트랙은 첫 ~79초만 같은 음악이고 그 뒤 150초는 두 연주 어느 쪽과도
     0.24~0.27 로 맞지 않는다. 제목·채널(Topic)·배급 표기는 흠이 없었으므로
     선정 단계에서 보이지 않는 결함이다(03-verification "표기는 맞는데 오디오가
     다른 트랙" 과 같은 부류, 다만 부분적).
 (b) 배틀을 빼도 테카나와↔플레밍이 0.1168 로 임계를 넘고 곡선이 평평하다.
     2번 패턴이므로 이 쌍도 그대로 쓸 수 없다.
셋 중 어느 둘도 붙지 않아 "한 연주가 바깥" 모양이 아니다. 예비 연주를 두 개
받아도 남은 한 자리를 테카나와와 플레밍 중 누구로 채울지 가릴 근거가 없으므로
교차표를 뜨지 않았다. 228 은 이 배치에서 뺀다.
