=== 최종(경계 보정 뒤) 조율과 12방향 회전 — 2026-09-28 ===

■ piece 227  파가니니 주제에 의한 광시곡 Op. 43
   tuning  Daniil Trifonov       -0.010
   tuning  Yuja Wang             +0.080
   tuning  Lang Lang             +0.080
   회전 Daniil Trifo ↔ Yuja Wang: 0:0.043  1:0.501  2:0.304  3:0.375  4:0.379  5:0.207  6:0.556  7:0.220  8:0.403  9:0.363  10:0.320  11:0.509
        최저 0반음 0.0434 / 차점 5반음 0.2067
   회전 Daniil Trifo ↔ Lang Lang: 0:0.048  1:0.529  2:0.326  3:0.383  4:0.396  5:0.241  6:0.640  7:0.222  8:0.366  9:0.381  10:0.341  11:0.519
        최저 0반음 0.0480 / 차점 7반음 0.2223

■ piece 228  <14개의 로망스> Op. 34 중 14번 “보칼리제”
   tuning  Kathleen Battle       +0.070
   tuning  Kiri Te Kanawa        -0.020
   tuning  Renée Fleming         +0.040
   회전 Kathleen Bat ↔ Kiri Te Kana: 0:0.145  1:0.402  2:0.334  3:0.332  4:0.380  5:0.299  6:0.397  7:0.296  8:0.366  9:0.361  10:0.312  11:0.385
        최저 0반음 0.1446 / 차점 7반음 0.2957
   회전 Kathleen Bat ↔ Renée Flemin: 0:0.170  1:0.381  2:0.316  3:0.352  4:0.370  5:0.295  6:0.393  7:0.295  8:0.368  9:0.362  10:0.319  11:0.371
        최저 0반음 0.1703 / 차점 5반음 0.2952

■ piece 455  <10개의 전주곡> Op. 23 중 5번 G단조 All
   tuning  Jan Lisiecki          +0.110
   tuning  Nikolai Lugansky      +0.110
   tuning  Howard Shelley        +0.070
   회전 Jan Lisiecki ↔ Nikolai Luga: 0:0.036  1:0.279  2:0.250  3:0.253  4:0.234  5:0.189  6:0.296  7:0.192  8:0.245  9:0.247  10:0.266  11:0.244
        최저 0반음 0.0359 / 차점 5반음 0.1889
   회전 Jan Lisiecki ↔ Howard Shell: 0:0.039  1:0.305  2:0.274  3:0.269  4:0.241  5:0.194  6:0.290  7:0.206  8:0.252  9:0.268  10:0.274  11:0.295
        최저 0반음 0.0387 / 차점 5반음 0.1937

■ rotate.py 가 안 뜨는 셋째 쌍(2번↔3번 영상)
 piece 227 Yuja Wang ↔ Lang Lang
  qTok7XNV3Y4 ↔ xcLhxTLfLqc: 0:0.056  1:0.514  2:0.330  3:0.364  4:0.398  5:0.255  6:0.585  7:0.223  8:0.372  9:0.391  10:0.331  11:0.579
       최저 0반음 0.0563 / 차점 7반음 0.2227
 piece 228 Kiri Te Kanawa ↔ Renée Fleming
  er-bwkLjj5Q ↔ 22It9TlhcS0: 0:0.117  1:0.389  2:0.336  3:0.385  4:0.374  5:0.307  6:0.403  7:0.306  8:0.378  9:0.351  10:0.359  11:0.400
       최저 0반음 0.1168 / 차점 7반음 0.3062
 piece 455 Nikolai Lugansky ↔ Howard Shelley
  PmS-yqEKMYE ↔ H3k-03y-VXQ: 0:0.041  1:0.283  2:0.279  3:0.269  4:0.236  5:0.193  6:0.296  7:0.211  8:0.227  9:0.274  10:0.280  11:0.288
       최저 0반음 0.0413 / 차점 5반음 0.1928
