### 367 구간 삼등분
  _Gi6ASzZmQw ↔ OtthtWqHxnU
     앞  0.1369
     중간  0.1581
     뒤  0.1429
  _Gi6ASzZmQw ↔ HSvEAFv1VGo
     앞  0.1251
     중간  0.1320
     뒤  0.1296
  OtthtWqHxnU ↔ HSvEAFv1VGo
     앞  0.1042
     중간  0.1372
     뒤  0.1517

### 367 끝 훑기 (영상 404 / 409 / 386)
_Gi6ASzZmQw 시작 1.70 고정, 끝을 민다
  끝     OtthtWqHxn  HSvEAFv1VG
    394.5      0.1161      0.1088
    398.0      0.1172      0.1058
    401.0      0.1175      0.1058
    403.5      0.1181      0.1062
OtthtWqHxnU 시작 1.18 고정, 끝을 민다
  끝     _Gi6ASzZmQ  HSvEAFv1VG
    396.5      0.1161      0.1241
    400.0      0.1141      0.1201
    404.0      0.1149      0.1205
    408.0      0.1156      0.1210
HSvEAFv1VGo 시작 0.56 고정, 끝을 민다
  끝     _Gi6ASzZmQ  OtthtWqHxn
    380.6      0.1088      0.1241
    383.0      0.1095      0.1246
    385.5      0.1105      0.1248

### 368 구간 삼등분
  -mnhMcMralk ↔ H43pweWHepg
     앞  0.1094
     중간  0.1333
     뒤  0.1026
  -mnhMcMralk ↔ aX6qzLiXPPc
     앞  0.1207
     중간  0.0979
     뒤  0.0884
  H43pweWHepg ↔ aX6qzLiXPPc
     앞  0.1123
     중간  0.1283
     뒤  0.1050

### 368 끝 훑기 (영상 141 / 160 / 165)
-mnhMcMralk 시작 0.42 고정, 끝을 민다
  끝     H43pweWHep  aX6qzLiXPP
    132.2      0.1126      0.0996
    135.0      0.1127      0.0986
    138.0      0.1107      0.0990
    140.5      0.1104      0.0990
H43pweWHepg 시작 0.44 고정, 끝을 민다
  끝     -mnhMcMral  aX6qzLiXPP
    153.5      0.1126      0.1142
    156.0      0.1124      0.1144
    159.5      0.1118      0.1146
aX6qzLiXPPc 시작 2.58 고정, 끝을 민다
  끝     -mnhMcMral  H43pweWHep
    160.0      0.0996      0.1142
    162.0      0.1012      0.1147
    164.5      0.1016      0.1174
