에머슨 파일 142.00s -> 구간 0.40-141.00
알반베르크 파일 146.04s -> 구간 0.40-145.04

### 열 쌍 전부
  아르디티   ↔ 에머슨     0.0823
  이탈리아   ↔ 알반베르크   0.0970
  이탈리아   ↔ 에머슨     0.0979
  아르디티   ↔ 이탈리아    0.0996
  아르디티   ↔ 알반베르크   0.1007
  에머슨    ↔ 알반베르크   0.1013
  아르디티   ↔ 줄리아드    0.1126
  줄리아드   ↔ 이탈리아    0.1142
  줄리아드   ↔ 에머슨     0.1185
  줄리아드   ↔ 알반베르크   0.1324

### 세 연주 조합 열 가지 (최대 비용 오름차순)
  최대 0.0996  아르디티 · 이탈리아 · 에머슨   0.0996 0.0823 0.0979
  최대 0.1007  아르디티 · 이탈리아 · 알반베르크   0.0996 0.1007 0.0970
  최대 0.1013  아르디티 · 에머슨 · 알반베르크   0.0823 0.1007 0.1013
  최대 0.1013  이탈리아 · 에머슨 · 알반베르크   0.0979 0.0970 0.1013
  최대 0.1142  아르디티 · 줄리아드 · 이탈리아   0.1126 0.0996 0.1142
  최대 0.1185  아르디티 · 줄리아드 · 에머슨   0.1126 0.0823 0.1185
  최대 0.1185  줄리아드 · 이탈리아 · 에머슨   0.1142 0.1185 0.0979
  최대 0.1324  아르디티 · 줄리아드 · 알반베르크   0.1126 0.1007 0.1324
  최대 0.1324  줄리아드 · 에머슨 · 알반베르크   0.1185 0.1324 0.1013
  최대 0.1324  줄리아드 · 이탈리아 · 알반베르크   0.1142 0.1324 0.0970
