### _Gi6ASzZmQw  2%바닥 -100.0  최소 -100.0  nb2% -61.2
   bb  >-90:1.51  >-70:1.71  >-60:1.76  >-50:1.96  >-45:2.02
   nb  >-40:1.73  >-30:1.78  >-20:1.95
### OtthtWqHxnU  2%바닥 -54.4  최소 -71.3  nb2% -22.1
   bb  >-90:0.00  >-70:0.17  >-60:1.16  >-50:1.22  >-45:1.46
   nb  >-40:1.17  >-30:1.18  >-20:1.20
### HSvEAFv1VGo  2%바닥 -54.9  최소 -98.4  nb2% -20.9
   bb  >-90:0.42  >-70:0.53  >-60:0.55  >-50:0.57  >-45:0.60
   nb  >-40:0.55  >-30:0.56  >-20:0.57
### -mnhMcMralk  2%바닥 -69.0  최소 -83.9  nb2% -38.7
   bb  >-90:0.00  >-70:0.42  >-60:0.43  >-50:0.44  >-45:0.45
   nb  >-40:0.43  >-30:0.44  >-20:0.45
### H43pweWHepg  2%바닥 -63.6  최소 -99.8  nb2% -33.7
   bb  >-90:0.38  >-70:0.43  >-60:0.43  >-50:0.43  >-45:0.43
   nb  >-40:0.43  >-30:0.44  >-20:0.44
### aX6qzLiXPPc  2%바닥 -96.4  최소 -96.4  nb2% -56.2
   bb  >-90:2.23  >-70:2.54  >-60:2.55  >-50:2.55  >-45:2.57
   nb  >-40:2.55  >-30:2.57  >-20:2.58
### lMWO3JUtDiA  2%바닥 -55.1  최소 -66.9  nb2% -39.5
   bb  >-90:0.00  >-70:0.00  >-60:0.24  >-50:2.19  >-45:3.88
   nb  >-40:1.50  >-30:17.50  >-20:23.45
### bsJbUSxGm20  2%바닥 -48.5  최소 -67.9  nb2% -43.7
   bb  >-90:0.00  >-70:0.00  >-60:0.71  >-50:0.79  >-45:1.36
   nb  >-40:5.62  >-30:8.79  >-20:27.48
### Qd4-XGqsV_Y  2%바닥 -35.0  최소 -52.8  nb2% -24.3
   bb  >-90:0.00  >-70:0.00  >-60:0.00  >-50:0.02  >-45:0.89
   nb  >-40:0.00  >-30:0.00  >-20:7.74
