warning: unused import: `ConcertWithArtists`
 --> src/concert/api.rs:2:43
  |
2 |     ConcertListItem, ConcertTicketVendor, ConcertWithArtists, ConcertWithDetails, CreateConcert,
  |                                           ^^^^^^^^^^^^^^^^^^
  |
  = note: `#[warn(unused_imports)]` (part of `#[warn(unused)]`) on by default

warning: unused variable: `code`
   --> src/concert/repository.rs:561:33
    |
561 |         let query = if let Some(code) = area_code {
    |                                 ^^^^ help: if this is intentional, prefix it with an underscore: `_code`
    |
    = note: `#[warn(unused_variables)]` (part of `#[warn(unused)]`) on by default

{
  "status": "succeeded",
  "runId": "e3c8dfef-d28b-4f36-87d4-d503b1f828e2",
  "bundlePath": "/Users/kdh/.cache/classicmap/comparison/a-a26/a-a26-candidates.jsonl",
  "rowCount": 6,
  "dryRun": false,
  "mutations": {
    "performanceSources": 6,
    "performanceSectors": 2,
    "performanceCandidates": 6,
    "performanceCredits": 9,
    "performances": 6,
    "clipJobs": 6,
    "total": 35
  },
  "plannedMutations": {
    "performanceSources": 6,
    "performanceSectors": 2,
    "performanceCandidates": 6,
    "performanceCredits": 9,
    "performances": 6,
    "clipJobs": 6,
    "total": 35
  }
}
