warning: unused import: `ConcertWithArtists`
 --> src/concert/api.rs:2:43
  |
2 |     ConcertListItem, ConcertTicketVendor, ConcertWithArtists, ConcertWithDetails, CreateConcert,
  |                                           ^^^^^^^^^^^^^^^^^^
  |
  = note: `#[warn(unused_imports)]` (part of `#[warn(unused)]`) on by default

warning: unused variable: `code`
   --> src/concert/repository.rs:561:33
    |
561 |         let query = if let Some(code) = area_code {
    |                                 ^^^^ help: if this is intentional, prefix it with an underscore: `_code`
    |
    = note: `#[warn(unused_variables)]` (part of `#[warn(unused)]`) on by default

{
  "status": "succeeded",
  "bundlePath": "/Users/kdh/.cache/classicmap/comparison/a-a26/a-a26-clip-assets.jsonl",
  "rowCount": 6,
  "dryRun": false,
  "publish": true,
  "seedRunId": "e3c8dfef-d28b-4f36-87d4-d503b1f828e2",
  "mutations": {
    "clipJobsInserted": 0,
    "clipJobsUpdated": 6,
    "clipAssetsInserted": 6,
    "clipAssetsRetired": 0,
    "clipAssetsUpdated": 0,
    "performancesReady": 0,
    "publishTransitions": 12,
    "total": 24
  },
  "plannedMutations": {
    "clipJobsInserted": 0,
    "clipJobsUpdated": 6,
    "clipAssetsInserted": 6,
    "clipAssetsRetired": 0,
    "clipAssetsUpdated": 0,
    "performancesReady": 0,
    "publishTransitions": 12,
    "total": 24
  },
  "performanceIds": [
    743,
    744,
    745,
    746,
    747,
    748
  ]
}
