===== 367 =====
_Gi6ASzZmQw  tuning +0.330 반음
OtthtWqHxnU  tuning +0.040 반음
HSvEAFv1VGo  tuning +0.080 반음

_Gi6ASzZmQw ↔ OtthtWqHxnU
   0:0.1161  1:0.3188  2:0.3194  3:0.3191  4:0.3156  5:0.3115  6:0.3159  7:0.3127  8:0.3160  9:0.3188  10:0.3156  11:0.3169
   최저 0반음 0.1161   차점 5반음 0.3115

_Gi6ASzZmQw ↔ HSvEAFv1VGo
   0:0.1088  1:0.2923  2:0.3143  3:0.3165  4:0.3051  5:0.3186  6:0.3157  7:0.3065  8:0.2991  9:0.3251  10:0.3123  11:0.3211
   최저 0반음 0.1088   차점 1반음 0.2923

OtthtWqHxnU ↔ HSvEAFv1VGo
   0:0.1241  1:0.3404  2:0.3246  3:0.3369  4:0.3499  5:0.3493  6:0.3462  7:0.3350  8:0.3395  9:0.3382  10:0.3370  11:0.3442
   최저 0반음 0.1241   차점 2반음 0.3246

===== 368 =====
-mnhMcMralk  tuning +0.290 반음
H43pweWHepg  tuning +0.080 반음
aX6qzLiXPPc  tuning +0.050 반음

-mnhMcMralk ↔ H43pweWHepg
   0:0.1126  1:0.1976  2:0.1798  3:0.1917  4:0.1962  5:0.1953  6:0.1853  7:0.1794  8:0.1813  9:0.1895  10:0.1965  11:0.2044
   최저 0반음 0.1126   차점 7반음 0.1794

-mnhMcMralk ↔ aX6qzLiXPPc
   0:0.0996  1:0.1884  2:0.2024  3:0.2138  4:0.2128  5:0.2088  6:0.2011  7:0.1859  8:0.2212  9:0.2183  10:0.2156  11:0.1879
   최저 0반음 0.0996   차점 7반음 0.1859

H43pweWHepg ↔ aX6qzLiXPPc
   0:0.1142  1:0.2001  2:0.2146  3:0.1993  4:0.1946  5:0.1848  6:0.2057  7:0.1948  8:0.2118  9:0.2151  10:0.1982  11:0.1952
   최저 0반음 0.1142   차점 5반음 0.1848

===== 369 =====
lMWO3JUtDiA  tuning +0.270 반음
bsJbUSxGm20  tuning +0.040 반음
Qd4-XGqsV_Y  tuning +0.050 반음

lMWO3JUtDiA ↔ bsJbUSxGm20
   0:0.1384  1:0.1493  2:0.1453  3:0.1412  4:0.1470  5:0.1824  6:0.1644  7:0.2137  8:0.1873  9:0.1919  10:0.1914  11:0.1547
   최저 0반음 0.1384   차점 3반음 0.1412

lMWO3JUtDiA ↔ Qd4-XGqsV_Y
   0:0.1335  1:0.1589  2:0.1599  3:0.1910  4:0.2146  5:0.1521  6:0.1551  7:0.1622  8:0.1735  9:0.2188  10:0.1754  11:0.1562
   최저 0반음 0.1335   차점 5반음 0.1521

bsJbUSxGm20 ↔ Qd4-XGqsV_Y
   0:0.2039  1:0.2205  2:0.1616  3:0.1888  4:0.2277  5:0.1543  6:0.1378  7:0.1681  8:0.1734  9:0.2216  10:0.1775  11:0.1493
   최저 6반음 0.1378   차점 11반음 0.1493
