######## rzIW-Sums08
META|rzIW-Sums08|Berliner Philharmoniker|390|20180730|public|not_live|Webern: Symphony, Op. 21: I. Ruhig schreitend
DESC|Provided to YouTube by Universal Music Group
DESC|
DESC|Webern: Symphony, Op. 21: I. Ruhig schreitend · Berliner Philharmoniker · Pierre Boulez
DESC|
DESC|Boulez conducts Webern III
DESC|
DESC|℗ 1996 Deutsche Grammophon GmbH, Berlin
DESC|
######## EhsyiOiLFQc
META|EhsyiOiLFQc|Robert Craft - Topic|400|20211202|public|not_live|Symphony, Op. 21: I. Ruhig schreitend (2021 Remastered Version)
DESC|Provided to YouTube by Sony Classical
DESC|
DESC|Symphony, Op. 21: I. Ruhig schreitend (2021 Remastered Version) · Robert Craft · Robert Craft Orchestra
DESC|
DESC|The Complete Music of Anton Webern - Recorded Under the Direction of Robert Craft
DESC|
DESC|℗ 1957 Sony Music Entertainment
DESC|
######## vqeoXcPxITg
META|vqeoXcPxITg|Pierre Boulez - Topic|410|20200317|public|not_live|Webern: Symphony, Op. 21: 1. Ruhig schreitend
DESC|Provided to YouTube by Universal Music Group
DESC|
DESC|Webern: Symphony, Op. 21: 1. Ruhig schreitend · Pierre Boulez · Orchestre Du Domaine Musical
DESC|
DESC|Le Domaine Musical
DESC|
DESC|℗ 1956 Decca Records France
DESC|
######## TH5x06w2aKA
META|TH5x06w2aKA|Giuseppe Sinopoli - Topic|363|20170209|public|not_live|Symphony Op.21 : I Ruhig schreitend
DESC|Provided to YouTube by Warner Classics International
DESC|
DESC|Symphony Op.21 : I Ruhig schreitend · Giuseppe Sinopoli
DESC|
DESC|Sinopoli conducts Schoenberg, Berg & Webern
DESC|
DESC|℗ 1999 Teldec Classics International GmbH
DESC|
######## UjAwCpioUhg
META|UjAwCpioUhg|Ulster Orchestra - Topic|329|20170518|public|not_live|Ruhig, schreitend
DESC|Provided to YouTube by NAXOS of America
DESC|
DESC|Ruhig, schreitend · Ulster Orchestra
DESC|
DESC|Webern: Passacaglia / Symphony / Five Pieces
DESC|
DESC|℗ 2002 Naxos
DESC|
######## OtthtWqHxnU
META|OtthtWqHxnU|The Cleveland Orchestra - Topic|409|20181110|public|not_live|Webern: Symphony, Op. 21: 1. Ruhig schreitend
DESC|Provided to YouTube by Universal Music Group
DESC|
DESC|Webern: Symphony, Op. 21: 1. Ruhig schreitend · The Cleveland Orchestra · Christoph von Dohnányi
DESC|
DESC|Mozart: Symphonies Nos. 35, 36, 38-41 / Webern: Orchestral Works
DESC|
DESC|℗ 1993 Decca Music Group Limited
DESC|
######## 7Cb1hMmeHug
META|7Cb1hMmeHug|Anton Webern - Topic|554|20160221|public|not_live|Symphonie, Op. 21: I. Ruhig schreitend - II. Variationen
DESC|Provided to YouTube by Hungaroton
DESC|
DESC|Symphonie, Op. 21: I. Ruhig schreitend - II. Variationen · Anton Webern · Mária Füzes · József Novák · Pál Pataki
DESC|
DESC|New Music Workshop Of Miskolc
DESC|
DESC|℗ 1984 HUNGAROTON RECORDS LTD.
DESC|
######## _Gi6ASzZmQw
META|_Gi6ASzZmQw|Berliner Philharmoniker|404|20181124|public|not_live|Webern: Symphony, Op. 21: I. Ruhig schreitend
DESC|Provided to YouTube by Universal Music Group
DESC|
DESC|Webern: Symphony, Op. 21: I. Ruhig schreitend · Berliner Philharmoniker · Herbert von Karajan
DESC|
DESC|Schoenberg: Pelleas and Melisande / Berg: Three Pieces for Orchestra / Webern: Passacaglia
DESC|
DESC|℗ 1974 Deutsche Grammophon GmbH, Berlin
DESC|
######## oYPXwfUp84M
META|oYPXwfUp84M|Release - Topic|390|20250302|public|not_live|Webern: Symphony, Op. 21 - 1. Ruhig Schreitend
DESC|Provided to YouTube by Revolver Records
DESC|
DESC|Webern: Symphony, Op. 21 - 1. Ruhig Schreitend · Berlin Philharmonic Orchestra, Pierre Boulez
DESC|
DESC|The Complete Webern
DESC|
DESC|℗ 1939 Decca
DESC|
######## -mnhMcMralk
META|-mnhMcMralk|Arditti String Quartet - Topic|141|20200331|public|not_live|Five Movements for String Quartet, Op. 5: No. 1, Heftig bewegt
DESC|Provided to YouTube by Believe SAS
DESC|
DESC|Five Movements for String Quartet, Op. 5: No. 1, Heftig bewegt · Arditti String Quartet · Anton Webern
DESC|
DESC|Vienne 1900
DESC|
DESC|℗ 2005 Valois / naïve
DESC|
######## H43pweWHepg
META|H43pweWHepg|Juilliard String Quartet - Topic|160|20160118|public|not_live|Fünf Sätze für Streichquartett, Op. 5: I. Heftig bewegt
DESC|Provided to YouTube by Sony Classical
DESC|
DESC|Fünf Sätze für Streichquartett, Op. 5: I. Heftig bewegt · Juilliard String Quartet
DESC|
DESC|Webern:  Complete Works, Op. 1 - Op. 31
DESC|
DESC|℗ 1978 Sony Music Entertainment
DESC|
######## aX6qzLiXPPc
META|aX6qzLiXPPc|Quartetto Italiano - Topic|165|20180720|public|not_live|Webern: 5 Movements for String Quartet, Op. 5: 1. Heftig bewegt
DESC|Provided to YouTube by Universal Music Group
DESC|
DESC|Webern: 5 Movements for String Quartet, Op. 5: 1. Heftig bewegt · Quartetto Italiano
DESC|
DESC|Webern: Complete Music for String Quartet
DESC|
DESC|℗ 1970 Universal International Music B.V.
DESC|
######## AmIylG4QfG0
META|AmIylG4QfG0|Emerson String Quartet - Topic|142|20181212|public|not_live|Webern: 5 Movements for String Quartet, Op. 5: 1. Heftig bewegt
DESC|Provided to YouTube by Universal Music Group
DESC|
DESC|Webern: 5 Movements for String Quartet, Op. 5: 1. Heftig bewegt · Emerson String Quartet · Anton Webern
DESC|
DESC|Boulez conducts Webern
DESC|
DESC|℗ 1995 Deutsche Grammophon GmbH, Berlin
DESC|
######## hr5s993TZe8
META|hr5s993TZe8|Berliner Philharmoniker|70|20200731|public|not_live|Webern: 6 Pieces for Orchestra, Op. 6 (1928 Rev. Version): I. Langsam
DESC|Provided to YouTube by Universal Music Group
DESC|
DESC|Webern: 6 Pieces for Orchestra, Op. 6 (1928 Rev. Version): I. Langsam · Berliner Philharmoniker · Herbert von Karajan
DESC|
DESC|Karajan  - Great Recordings
DESC|
DESC|℗ 1974 Deutsche Grammophon GmbH, Berlin
DESC|
######## 11-5siKkuCc
META|11-5siKkuCc|The Cleveland Orchestra - Topic|73|20181110|public|not_live|Webern: Six pieces for orchestra, Op. 6 - Revised version: 1. Etwas bewegt
DESC|Provided to YouTube by Universal Music Group
DESC|
DESC|Webern: Six pieces for orchestra, Op. 6 - Revised version: 1. Etwas bewegt · The Cleveland Orchestra · Christoph von Dohnányi
DESC|
DESC|Mozart: Symphonies Nos. 35, 36, 38-41 / Webern: Orchestral Works
DESC|
DESC|℗ 1993 Decca Music Group Limited
DESC|
######## HKE1cbWpGh8
META|HKE1cbWpGh8|SWF Symphony Orchestra, Baden-Baden - Topic|67|20181213|public|not_live|Webern: Six pieces for orchestra, Op. 6: 1. Langsam
DESC|Provided to YouTube by Universal Music Group
DESC|
DESC|Webern: Six pieces for orchestra, Op. 6: 1. Langsam · SWF Symphony Orchestra, Baden-Baden · Hans Rosbaud
DESC|
DESC|Hans Rosbaud - The Complete Recordings on DGG
DESC|
DESC|℗ 1958 Deutsche Grammophon GmbH, Berlin
DESC|
######## B7FgmGteNOQ
META|B7FgmGteNOQ|Robert Craft - Topic|67|20230518|public|not_live|Six Pieces for Large Orchestra, Op. 6 (1928) : No 1: Etwas bewegte Achtel (2023 Remastered Version)
DESC|Provided to YouTube by Sony Classical
DESC|
DESC|Six Pieces for Large Orchestra, Op. 6 (1928) : No 1: Etwas bewegte Achtel (2023 Remastered Version) · Robert Craft · Anton Webern · Columbia Symphony Orchestra
DESC|
DESC|Berg: 3 Orchesterstücke - Schoenberg: Begleitmusik, Op. 34 - Webern: 6 Pieces for Orchestra
DESC|
DESC|℗ 1961 Sony Music Entertainment
DESC|
######## lMWO3JUtDiA
META|lMWO3JUtDiA|Berliner Philharmoniker|261|20181124|public|not_live|Webern: 6 Pieces for Orchestra, Op. 6 (1928 Rev. Version): IV. Sehr mässig
DESC|Provided to YouTube by Universal Music Group
DESC|
DESC|Webern: 6 Pieces for Orchestra, Op. 6 (1928 Rev. Version): IV. Sehr mässig · Berliner Philharmoniker · Herbert von Karajan
DESC|
DESC|Schoenberg: Pelleas and Melisande / Berg: Three Pieces for Orchestra / Webern: Passacaglia
DESC|
DESC|℗ 1974 Deutsche Grammophon GmbH, Berlin
DESC|
######## bsJbUSxGm20
META|bsJbUSxGm20|The Cleveland Orchestra - Topic|324|20181110|public|not_live|Webern: Six pieces for orchestra, Op. 6 - Revised version: 4. Langsam
DESC|Provided to YouTube by Universal Music Group
DESC|
DESC|Webern: Six pieces for orchestra, Op. 6 - Revised version: 4. Langsam · The Cleveland Orchestra · Christoph von Dohnányi
DESC|
DESC|Mozart: Symphonies Nos. 35, 36, 38-41 / Webern: Orchestral Works
DESC|
DESC|℗ 1993 Decca Music Group Limited
DESC|
######## Qd4-XGqsV_Y
META|Qd4-XGqsV_Y|SWF Symphony Orchestra, Baden-Baden - Topic|258|20181213|public|not_live|Webern: Six pieces for orchestra, Op. 6: 4. Sehr mäßig
DESC|Provided to YouTube by Universal Music Group
DESC|
DESC|Webern: Six pieces for orchestra, Op. 6: 4. Sehr mäßig · SWF Symphony Orchestra, Baden-Baden · Hans Rosbaud
DESC|
DESC|Hans Rosbaud - The Complete Recordings on DGG
DESC|
DESC|℗ 1958 Deutsche Grammophon GmbH, Berlin
DESC|

======== 선정에서 걸러낸 것 (2026-09-29)

### 367 교향곡 Op. 21 1악장
- TH5x06w2aKA 시노폴리 — 배급 표기에 **악단 이름이 없다**
- UjAwCpioUhg 얼스터 오케스트라 — 배급 표기에 **지휘자 이름이 없다**(역할이 CONDUCTOR)
- vqeoXcPxITg 불레즈·Orchestre Du Domaine Musical — 불레즈를 런던심포니 판으로 썼다
- rzIW-Sums08 불레즈·베를린필 — 같은 이유, 베를린필은 카라얀 판으로 썼다
- oYPXwfUp84M "Release - Topic" — Revolver Records 재발매인데 "℗ 1939 Decca" 로
  표기가 앞뒤가 안 맞는다
- EhsyiOiLFQc 로버트 크래프트·"Robert Craft Orchestra" — 악단 이름이 실체가 아니다
- 7Cb1hMmeHug Hungaroton — 배급 표기가 연주자 셋의 이름(Füzes·Novák·Pataki)이고
  "New Music Workshop Of Miskolc" 라 관현악 편성이 아니다
- 비공식 업로드 여럿(Kobinata · Thikk Klassik · Amadeus Radio · Bartje Bartmans 등)

### 368 5개의 악장 Op. 5 1악장
- wBuPNi8Aw38 베를린필 "(1929 Orchestral Version)" — **베베른 자신의 현악합주
  편곡분**이다. 원곡은 현악 4중주다
- djakd2NEKDg · 40b0PINhH_E Academy of St Martin in the Fields "Arr. by Webern
  for orch. (1929)" — 같은 이유
- -rnH9XGBwBc "for String Orchestra" — 같은 이유
- AmIylG4QfG0 에머슨 4중주단 — 쓸 수 있으나 에머슨을 A25 366 에 썼다
- m9a2pXQehgc · HxycXZ-Jipw 알반 베르크 4중주단 — 같은 이유
- FZ3t7j9dmug 로버트 크래프트 — 4중주단 이름이 표기에 없다

### 369 6개의 소품 Op. 6
- **구간을 1곡에서 4곡으로 바꿨다.** 1곡 트랙이 67~73초뿐이다
  (hr5s993TZe8 카라얀 70s · 11-5siKkuCc 도흐나니 73s · HKE1cbWpGh8 로스바우트 67s ·
  B7FgmGteNOQ 크래프트 67s). 베베른의 가장 얇은 짜임을 그 길이로 견주는 것이 무리다
- 13CAobWctWA · pP33J8EMscE 베를린필 "**1909 Original Version**" — 배치가 1928
  개정판으로 확정돼 있다. 4곡의 빠르기말로 갈린다 — 개정판 "Sehr mäßig",
  원판 "Langsam (marcia funebre)"
- lrKb__L59bM Klangforum Wien "Version für Kammerorchester 1920" — 실내관현악 편곡
- 30C982-Ar7k Linos Ensemble "version for chamber ensemble" — 같은 이유
- 839_RUfevqI 버밍엄 시립교향악단 — 표기에 지휘자 이름이 없다
- 3mFzJ5Obh3g 시노폴리 · 7qj1F54dP0o 불레즈 — 쓸 수 있으나 앞의 이유들로 뺐다

### 배급 표기가 근거다
셋 다 `Provided to YouTube by` 아래 첫 줄의 `작품 · 악단 · 지휘자` 를 그대로 적었다.
채널명은 근거가 아니다 — 367 의 카라얀 판과 불레즈 판이 둘 다 "Berliner
Philharmoniker" 채널이고 길이(404s / 390s)로만 갈린다.
