===== 367 =====
### _Gi6ASzZmQw  1.70-394.48  블록 40s
   앞블록 ↔ 다음블록      0.3583
   자기 ↔ 자기+2  초       0.0339
   자기 ↔ 자기+5  초       0.0952
   자기 ↔ 자기+10 초       0.1906
   자기 ↔ 자기+20 초       0.2686
   자기 ↔ 자기+40 초       0.3583
### OtthtWqHxnU  1.18-396.50  블록 40s
   앞블록 ↔ 다음블록      0.4376
   자기 ↔ 자기+2  초       0.0286
   자기 ↔ 자기+5  초       0.1083
   자기 ↔ 자기+10 초       0.2165
   자기 ↔ 자기+20 초       0.3784
   자기 ↔ 자기+40 초       0.4376
### HSvEAFv1VGo  0.56-380.58  블록 40s
   앞블록 ↔ 다음블록      0.3307
   자기 ↔ 자기+2  초       0.0462
   자기 ↔ 자기+5  초       0.1076
   자기 ↔ 자기+10 초       0.2035
   자기 ↔ 자기+20 초       0.2916
   자기 ↔ 자기+40 초       0.3307

===== 368 =====
### -mnhMcMralk  0.42-132.21  블록 30s
   앞블록 ↔ 다음블록      0.1821
   자기 ↔ 자기+2  초       0.0213
   자기 ↔ 자기+5  초       0.0561
   자기 ↔ 자기+10 초       0.1110
   자기 ↔ 자기+20 초       0.1899
   자기 ↔ 자기+40 초       0.1747
### H43pweWHepg  0.44-153.51  블록 30s
   앞블록 ↔ 다음블록      0.1726
   자기 ↔ 자기+2  초       0.0208
   자기 ↔ 자기+5  초       0.0607
   자기 ↔ 자기+10 초       0.1015
   자기 ↔ 자기+20 초       0.1843
   자기 ↔ 자기+40 초       0.1622
### aX6qzLiXPPc  2.58-159.99  블록 30s
   앞블록 ↔ 다음블록      0.1876
   자기 ↔ 자기+2  초       0.0199
   자기 ↔ 자기+5  초       0.0612
   자기 ↔ 자기+10 초       0.1084
   자기 ↔ 자기+20 초       0.2023
   자기 ↔ 자기+40 초       0.1787

===== 369 =====
### lMWO3JUtDiA  3.27-255.42  블록 40s
   앞블록 ↔ 다음블록      0.0609
   자기 ↔ 자기+2  초       0.0050
   자기 ↔ 자기+5  초       0.0095
   자기 ↔ 자기+10 초       0.0231
   자기 ↔ 자기+20 초       0.0393
   자기 ↔ 자기+40 초       0.0609
### bsJbUSxGm20  0.77-317.44  블록 40s
   앞블록 ↔ 다음블록      0.0615
   자기 ↔ 자기+2  초       0.0047
   자기 ↔ 자기+5  초       0.0141
   자기 ↔ 자기+10 초       0.0258
   자기 ↔ 자기+20 초       0.0439
   자기 ↔ 자기+40 초       0.0615
### Qd4-XGqsV_Y  0.05-255.12  블록 40s
   앞블록 ↔ 다음블록      0.0788
   자기 ↔ 자기+2  초       0.0096
   자기 ↔ 자기+5  초       0.0248
   자기 ↔ 자기+10 초       0.0333
   자기 ↔ 자기+20 초       0.0643
   자기 ↔ 자기+40 초       0.0788
