■ Bernard Haitink  (Xa_9hF3L6fQ)  2.30–122.30

1. 구간 삼등분 — 앞뒤만 나쁘면 경계 문제
구간            Claudio Ab    Charles Du
앞                 0.0887        0.0895
중간                0.0677        0.0981
뒤                 0.0611        0.0518

2. 끝점 훑기
     경계(초)    Claudio Ab    Charles Du            최대
     116.3        0.0668        0.0808        0.0808
     118.8        0.0666        0.0802        0.0802
     121.3        0.0663        0.0795        0.0795
     123.8        0.0679        0.0800        0.0800
     126.3        0.0733        0.0846        0.0846
     128.8        0.0826        0.0907        0.0907
     131.3        0.0906        0.0956        0.0956
     133.8        0.0965        0.0990        0.0990
     136.3        0.1049        0.1075        0.1075
     138.8        0.1059        0.1121        0.1121

3. 시작점 훑기
     경계(초)    Claudio Ab    Charles Du            최대
       0.0        0.0670        0.0788        0.0788
       0.0        0.0670        0.0788        0.0788
       1.3        0.0669        0.0793        0.0793
       3.8        0.0667        0.0797        0.0797
       6.3        0.0805        0.0935        0.0935
       8.8        0.0809        0.0896        0.0896
      11.3        0.0794        0.0931        0.0931
      13.8        0.0853        0.0980        0.0980
      16.3        0.0973        0.1038        0.1038
      18.8        0.1126        0.1087        0.1126

4. 12방향 회전 — 특정 회전에서 뚝 떨어지면 이조
  0:0.066  1:0.379  2:0.329  3:0.330  4:0.353  5:0.405  6:0.332  7:0.349  8:0.370  9:0.296  10:0.354  11:0.348
  가장 잘 맞는 회전 0반음 (0.0663)  ← 0반음이면 조성은 같다
