■ Charles Dutoit  (yHy64Bg_hGs)  1.45–114.48

1. 구간 삼등분 — 앞뒤만 나쁘면 경계 문제
구간            Claudio Ab    Bernard Ha
앞                 0.1131        0.0895
중간                0.0871        0.0981
뒤                 0.0620        0.0518

2. 끝점 훑기
     경계(초)    Claudio Ab    Bernard Ha            최대
     108.5        0.0888        0.0812        0.0888
     111.0        0.0877        0.0809        0.0877
     113.5        0.0870        0.0807        0.0870
     116.0        0.0880        0.0807        0.0880
     118.5        0.0928        0.0842        0.0928
     121.0        0.1003        0.0894        0.1003
     123.5        0.1058        0.0934        0.1058
     126.0        0.1126        0.0997        0.1126
     128.5        0.1164        0.1078        0.1164
     131.0        0.1192        0.1116        0.1192

3. 시작점 훑기
     경계(초)    Claudio Ab    Bernard Ha            최대
       0.0        0.0875        0.0788        0.0875
       0.0        0.0875        0.0788        0.0875
       0.4        0.0875        0.0791        0.0875
       3.0        0.0863        0.0782        0.0863
       5.5        0.0909        0.0848        0.0909
       8.0        0.0971        0.0914        0.0971
      10.4        0.0947        0.0891        0.0947
      12.9        0.1024        0.1021        0.1024
      15.4        0.1124        0.1106        0.1124
      17.9        0.1395        0.1318        0.1395

4. 12방향 회전 — 특정 회전에서 뚝 떨어지면 이조
  0:0.087  1:0.369  2:0.334  3:0.295  4:0.389  5:0.392  6:0.340  7:0.391  8:0.349  9:0.310  10:0.360  11:0.334
  가장 잘 맞는 회전 0반음 (0.0868)  ← 0반음이면 조성은 같다
