■ Claudio Abbado  (aCphwVnD_hM)  4.35–109.30

1. 구간 삼등분 — 앞뒤만 나쁘면 경계 문제
구간            Bernard Ha    Charles Du
앞                 0.0887        0.1131
중간                0.0677        0.0871
뒤                 0.0611        0.0620

2. 끝점 훑기
     경계(초)    Bernard Ha    Charles Du            최대
     103.3        0.0685        0.0888        0.0888
     105.8        0.0678        0.0876        0.0876
     108.3        0.0665        0.0867        0.0867
     110.8        0.0670        0.0870        0.0870
     113.3        0.0730        0.0916        0.0916
     115.8        0.0774        0.0974        0.0974
     118.3        0.0820        0.1015        0.1015
     120.8        0.0926        0.1116        0.1116
     123.3        0.0966        0.1158        0.1158
     125.8        0.1053        0.1234        0.1234

3. 시작점 훑기
     경계(초)    Bernard Ha    Charles Du            최대
       0.0        0.0726        0.0937        0.0937
       0.8        0.0707        0.0916        0.0916
       3.3        0.0668        0.0871        0.0871
       5.8        0.0662        0.0893        0.0893
       8.3        0.0853        0.1049        0.1049
      10.8        0.0818        0.0971        0.0971
      13.3        0.0807        0.1019        0.1019
      15.8        0.1005        0.1166        0.1166
      18.4        0.1141        0.1206        0.1206
      20.9        0.1105        0.1201        0.1201

4. 12방향 회전 — 특정 회전에서 뚝 떨어지면 이조
  0:0.066  1:0.348  2:0.354  3:0.296  4:0.370  5:0.349  6:0.332  7:0.405  8:0.353  9:0.330  10:0.329  11:0.379
  가장 잘 맞는 회전 0반음 (0.0663)  ← 0반음이면 조성은 같다
