■ Bernard Haitink  (RD8MLADN0mw)  7.90–112.76

1. 구간 삼등분 — 앞뒤만 나쁘면 경계 문제
구간            Charles Du    Herbert vo
앞                 0.0714        0.1026
중간                0.0642        0.0807
뒤                 0.0704        0.0721

2. 끝점 훑기
     경계(초)    Charles Du    Herbert vo            최대
     106.8        0.0696        0.0850        0.0850
     109.3        0.0677        0.0825        0.0825
     111.8        0.0666        0.0833        0.0833
     114.3        0.0670        0.0797        0.0797
     116.8        0.0665        0.0795        0.0795
     119.3        0.0678        0.0793        0.0793
     121.8        0.0691        0.0801        0.0801
     124.3        0.0701        0.0804        0.0804
     126.8        0.0709        0.0805        0.0805
     129.3        0.0720        0.0811        0.0811

3. 시작점 훑기
     경계(초)    Charles Du    Herbert vo            최대
       1.9        0.0708        0.0880        0.0880
       4.4        0.0700        0.0872        0.0872
       6.9        0.0669        0.0818        0.0818
       9.4        0.0663        0.0810        0.0810
      11.9        0.0670        0.0813        0.0813
      14.4        0.0697        0.0812        0.0812
      16.9        0.0693        0.0801        0.0801
      19.4        0.0717        0.0828        0.0828
      21.9        0.0721        0.0821        0.0821
      24.4        0.0703        0.0816        0.0816

4. 12방향 회전 — 특정 회전에서 뚝 떨어지면 이조
  0:0.067  1:0.280  2:0.254  3:0.205  4:0.270  5:0.215  6:0.270  7:0.231  8:0.246  9:0.229  10:0.277  11:0.334
  가장 잘 맞는 회전 0반음 (0.0667)  ← 0반음이면 조성은 같다
