=== 222 바다 하이팅크 시작 보정 근거 (2026-09-28 재검증) ===

고친 값: start 7.90 → 4.50   (RD8MLADN0mw, piece 222)
고친 이유: 섹터 큐 "팀파니 트레몰로 위 저현의 첫 음(작품 시작)" 이 7.90 기준으로는
          구간 밖이다. 협대역 탐침으로 잰 첫 음이 4.75 초다.

1) 첫 음 측정 — 세 연주에 같은 규칙 (diagnose-onset-222.log)
   규칙: 유효 신호 시작 후 1초의 중앙값을 바닥으로 두고, 바닥+8dB 를 0.5초 이상
        유지하는 첫 시각을 첫 음으로 본다.

   연주        harm 바닥   첫 음(+8dB)  (+15dB)  저역 30-70Hz(+10dB)  종전 시작   차이
   Karajan      -97.6       4.75        5.05        4.70              5.00     +0.25
   Haitink      -95.8       4.75        5.05        5.00              7.90     +3.15
   Dutoit       -67.8       1.65        2.00        1.85              0.95     -0.70

   카라얀은 자기 첫 음(4.75)보다 0.25초 앞선 5.00 에서 시작한다. 여린 도입이
   잘리지 않도록 둔 여유다. 하이팅크만 첫 음보다 3.15초 뒤에서 시작했다.

2) 같은 규칙을 하이팅크에 적용
   첫 음 4.75 − 여유 0.25 = 4.50.
   카라얀 5.00 = 4.75 − 0.25 과 정확히 같은 규칙이다.

3) 하이팅크의 4.75 가 실음인 근거
   0.0~4.0초: 광대역 -45dB, harm -95~-100dB (잡음 바닥, 화성 성분 없음)
   5.00초:    harm -85.7dB, 30-70Hz -18.8dB (바닥 -29.0 에서 상승)
   6.00초:    harm -70.1dB, 30-70Hz  -5.3dB
   단조 상승이고 저현·팀파니 대역이 함께 오른다. 테이프 힘이 아니다.
   종전 7.90 은 그보다 뒤인 contrast 급등점(8.00초, +16.4dB)에 붙어 있었다.

4) 비용은 이 유형을 못 잡는다 — 그래서 큐를 따른다
   시작점 훑기가 1.9~24.4초에서 평평했다(대 뒤투아 0.0663~0.0721).
   앞으로 당기면 거의 무음을 끌어들여 비용이 오히려 오른다(4.4초에서 0.0872).
   02-detection.md "지속음 하나로 시작하는 도입" / 07-excerpt.md "비용으로 큐를
   사지 않는다" 에 해당하는 자리다. 비용이 오르는 것을 감수하고 큐를 지킨다.

5) 끝도 함께 옮겼다
   종전 112.76 은 카라얀의 120초 발췌를 7.90 기준으로 옮긴 값이다. 시작이 3.40초
   앞당겨졌으므로 run_excerpt.py 를 다시 돌려(기준 카라얀) 끝을 다시 옮겼다.
   결과는 excerpt-222-fixed.log 에 있다.

건드리지 않은 것: 카라얀 5.00, 뒤투아 0.95 의 시작값. 221·223 의 모든 값.

=== 결과 (2026-09-28 재측정) ===

확정 구간  (a-a19-detected.json 에 반영, 222 한 건만 바뀜)
  Karajan  b51FcFpwwgw   5.00–125.00  (120.00s)  기준, 안 바뀜
  Haitink  RD8MLADN0mw   4.50–112.70  (108.20s)  종전 7.90–112.76 (104.86s)
  Dutoit   loicyIkwqj8   0.95– 96.06  ( 95.11s)  안 바뀜

옮김 비용 (run_excerpt, 기준 카라얀): Haitink 0.0507 · Dutoit 0.0363
  둘 다 07-excerpt.md 의 0.06 선 아래.
  끝은 기준 연주의 120초를 부분열 DTW 로 옮겨 정해지므로 시작을 당긴 것과 거의
  무관하게 같은 자리로 왔다(112.76 → 112.70, -0.06초). 틀렸던 것은 시작뿐이고
  끝은 종전에도 맞았다. 길이는 104.86 → 108.20s 로 앞의 3.40초가 들어왔다.

교차 정렬 (verify-222-fixed.log)
  쌍                    종전      고친 뒤    변화
  Karajan ↔ Haitink   0.0810    0.0863    +0.0053
  Karajan ↔ Dutoit    0.0585    0.0585     0
  Haitink ↔ Dutoit    0.0667    0.0703    +0.0036
  하이팅크가 든 두 쌍만 올랐고 뒤투아↔카라얀은 그대로다. 예상대로 큐를 지키는
  대가로 0.004~0.005 올랐다. 임계 0.11 아래, 최대 0.0863.

회전 (rotate-222-fixed.log): 세 건 모두 0반음 최저, 차점까지 0.09 이상.
  Karajan 0.0863 (차점 5반음 0.1730) · Haitink 0.0703 (차점 9반음 0.2060)
  Dutoit  0.0585 (차점 7반음 0.1887)

길이 비율 참고: 기준 120초에 대해 Haitink 0.90 · Dutoit 0.79.
  뒤투아의 0.79(1.26배)는 종전과 같은 값이고 내가 만든 것이 아니다. 전악장으로는
  뒤투아 523.5s 대 카라얀 527.8s 로 0.99 라, 도입을 빠르게 잡고 뒤에서 넓히는
  07-excerpt.md 의 브루크너 7번 모양이다. 옮김 비용 0.0363 과 정렬 0.0585 로
  가장 건강한 쌍이므로 그대로 두었다.
