
■ 221 <목신의 오후에의 전주곡>

  Claudio Abbado  (aCphwVnD_hM)  tuning +0.1400  vs Bernard Haitink
   0:0.0663  1:0.3484  2:0.3543  3:0.2957  4:0.3704  5:0.3485  6:0.3317  7:0.4046  8:0.3530  9:0.3300  10:0.3286  11:0.3792
   최저 0반음 0.0663 | 차점 3반음 0.2957 | 0반음 0.0663  OK(0반음 최저)

  Bernard Haitink  (Xa_9hF3L6fQ)  tuning +0.1000  vs Charles Dutoit
   0:0.0789  1:0.3540  2:0.3732  3:0.3044  4:0.3557  5:0.3854  6:0.3568  7:0.4050  8:0.3771  9:0.3243  10:0.3104  11:0.3352
   최저 0반음 0.0789 | 차점 3반음 0.3044 | 0반음 0.0789  OK(0반음 최저)

  Charles Dutoit  (yHy64Bg_hGs)  tuning +0.1300  vs Claudio Abbado
   0:0.0868  1:0.3692  2:0.3338  3:0.2955  4:0.3888  5:0.3919  6:0.3396  7:0.3914  8:0.3485  9:0.3097  10:0.3605  11:0.3337
   최저 0반음 0.0868 | 차점 3반음 0.2955 | 0반음 0.0868  OK(0반음 최저)

■ 222 <바다> — 3개의 교향적 스케치

  Bernard Haitink  (RD8MLADN0mw)  tuning +0.0300  vs Charles Dutoit
   0:0.0667  1:0.2801  2:0.2539  3:0.2046  4:0.2705  5:0.2152  6:0.2699  7:0.2310  8:0.2463  9:0.2285  10:0.2774  11:0.3341
   최저 0반음 0.0667 | 차점 3반음 0.2046 | 0반음 0.0667  OK(0반음 최저)

  Charles Dutoit  (loicyIkwqj8)  tuning +0.1500  vs Herbert von Karajan
   0:0.0585  1:0.2364  2:0.2372  3:0.2296  4:0.2444  5:0.2240  6:0.2609  7:0.1887  8:0.2537  9:0.2035  10:0.2258  11:0.2687
   최저 0반음 0.0585 | 차점 7반음 0.1887 | 0반음 0.0585  OK(0반음 최저)

  Herbert von Karajan  (b51FcFpwwgw)  tuning +0.2600  vs Bernard Haitink
   0:0.0810  1:0.2587  2:0.2561  3:0.1981  4:0.2341  5:0.1946  6:0.3252  7:0.2203  8:0.2480  9:0.2189  10:0.2395  11:0.2149
   최저 0반음 0.0810 | 차점 5반음 0.1946 | 0반음 0.0810  OK(0반음 최저)

■ 223 <어린이 차지> (피아노 원곡)

  Jean-Efflam Bavouzet  (FGM1hkr6RkI)  tuning +0.0400  vs Jean-Yves Thibaudet
   0:0.0554  1:0.3605  2:0.3044  3:0.3195  4:0.3256  5:0.2402  6:0.3199  7:0.2538  8:0.3230  9:0.3500  10:0.3255  11:0.3333
   최저 0반음 0.0554 | 차점 5반음 0.2402 | 0반음 0.0554  OK(0반음 최저)

  Jean-Yves Thibaudet  (IA-UEzd608g)  tuning +0.0400  vs Seong-Jin Cho
   0:0.0593  1:0.3147  2:0.2942  3:0.3021  4:0.3072  5:0.2273  6:0.3019  7:0.2562  8:0.3095  9:0.3136  10:0.2942  11:0.3336
   최저 0반음 0.0593 | 차점 5반음 0.2273 | 0반음 0.0593  OK(0반음 최저)

  Seong-Jin Cho  (J2ECNLziz64)  tuning +0.0900  vs Jean-Efflam Bavouzet
   0:0.0430  1:0.3153  2:0.3231  3:0.3261  4:0.3321  5:0.2547  6:0.3258  7:0.2537  8:0.3170  9:0.3092  10:0.3116  11:0.3581
   최저 0반음 0.0430 | 차점 7반음 0.2537 | 0반음 0.0430  OK(0반음 최저)
