■ Leonard Slatkin  (oTY7HlzNF_g)  0.33–337.60

1. 구간 삼등분 — 앞뒤만 나쁘면 경계 문제
구간            Leonard Be    Michael Ti
앞                 0.1061        0.1103
중간                0.1425        0.1420
뒤                 0.1892        0.1572

2. 끝점 훑기
     경계(초)    Leonard Be    Michael Ti            최대
     331.6        0.1465        0.1322        0.1465
     334.1        0.1467        0.1325        0.1467
     336.6        0.1474        0.1313        0.1474
     339.1        0.1452        0.1304        0.1452
     341.6        0.1449        0.1302        0.1449
     344.1        0.1438        0.1304        0.1438
     346.6        0.1437        0.1303        0.1437
     349.1        0.1437        0.1303        0.1437
     351.6        0.1437        0.1303        0.1437
     354.1        0.1437        0.1303        0.1437

3. 시작점 훑기
     경계(초)    Leonard Be    Michael Ti            최대
       0.0        0.1461        0.1302        0.1461
       0.0        0.1461        0.1302        0.1461
       0.0        0.1461        0.1302        0.1461
       1.8        0.1457        0.1308        0.1457
       4.3        0.1457        0.1310        0.1457
       6.8        0.1453        0.1310        0.1453
       9.3        0.1452        0.1312        0.1452
      11.8        0.1461        0.1314        0.1461
      14.3        0.1497        0.1354        0.1497
      16.8        0.1527        0.1351        0.1527

4. 12방향 회전 — 특정 회전에서 뚝 떨어지면 이조
  0:0.147  1:0.313  2:0.271  3:0.288  4:0.290  5:0.291  6:0.323  7:0.262  8:0.260  9:0.289  10:0.276  11:0.293
  가장 잘 맞는 회전 0반음 (0.1465)  ← 0반음이면 조성은 같다
diag rc=0
