=== 8tNA_DbpJjU
368|New York Philharmonic - Topic|NA|Ives: The Unanswered Question (Live)|20180731|public
Provided to YouTube by Universal Music Group

Ives: The Unanswered Question (Live) · New York Philharmonic · Leonard Bernstein

Charles Ives: Symphony No.2

℗ 1990 Deutsche Grammophon GmbH, Berlin

Released on: 1990-01-01

Producer: Hanno Rinke
Producer: Hans Weber
Balance Engineer: Hans-Peter Schweigmann
Recording Engineer: Jobst Eberhardt
Recording Engineer: Wolf-Dieter Karwatky
Digital Editing Engineer: Rainer Maillard
Composer: Charles Ives

Auto-generated by YouTube.

=== aimFnsvv-3Q
432|Michael Tilson Thomas - Topic|NA|The Unanswered Question (Revised Version)|20170219|public
Provided to YouTube by Sony Classical

The Unanswered Question (Revised Version) · Michael Tilson Thomas · Chicago Symphony Orchestra · Adolph Herseth

The Music of America: Charles Ives

℗ 1988 Sony Music Entertainment

Released on: 2010-06-08

Conductor: Michael Tilson Thomas
Orchestra: Chicago Symphony Orchestra
Trumpet: Adolph Herseth
Composer: Charles Ives
Producer: Steven Epstein

Auto-generated by YouTube.

=== oTY7HlzNF_g
344|Leonard Slatkin - Topic|NA|The Unanswered Question|20180426|public
Provided to YouTube by Sony Classical

The Unanswered Question · Leonard Slatkin · Charles Ives · Saint Louis Symphony Orchestra

Ives: Symphony 3 & The Unanswered Question & Three Places in New England

℗ 1992 Sony Music Entertainment

Released on: 2018-04-27

Conductor: Leonard Slatkin
Orchestra: Saint Louis Symphony Orchestra
Composer: Charles Ives
Producer: Joanna Nickrenz
Recording Engineer: William Hoekstra

Auto-generated by YouTube.

