=== io7EsBCe3dE
173|Boston Symphony Orchestra - Topic|NA|Ives: Symphony No. 4: I. Prelude. Maestoso|20180729|public
Provided to YouTube by Universal Music Group

Ives: Symphony No. 4: I. Prelude. Maestoso · Boston Symphony Orchestra · Seiji Ozawa · Jerome Rosen · Tanglewood Festival Chorus

Ives: Symphony No.4; Central Park in the Dark; Three Places in New England

℗ 1977 Deutsche Grammophon GmbH, Berlin

Released on: 1988-01-01

Producer: John McClure
Producer: Thomas Mowrey
Producer, Balance Engineer: Hans-Peter Schweigmann
Producer: Wolf-Dieter Karwatky
Producer: Gernot Westhäuser
Composer: Charles Ives
Lyricist: Walt Whitman

Auto-generated by YouTube.

=== xQBd1kCeij8
212|San Francisco Symphony|NA|Symphony No. 4: I. Prelude (Maestoso)|20191107|public
Provided to YouTube by SFS Media

Symphony No. 4: I. Prelude (Maestoso) · San Francisco Symphony · Michael Tilson Thomas

Ives: Symphony No. 3, "The Camp Meeting" & Symphony No. 4

℗ 2019 San Francisco Symphony

Conductor: Michael Tilson Thomas
Conductor: Christian Reif
Piano: Peter Dugan
Chorus: San Francisco Symphony Chorus
Orchestra: San Francisco Symphony
Composer: Charles Ives

Auto-generated by YouTube.

=== 4VSj8HSU644
204|Andrew Litton - Topic|NA|Ives: Symphony No. 4: I. Prelude. Maestoso|20240125|public
Provided to YouTube by Universal Music Group

Ives: Symphony No. 4: I. Prelude. Maestoso · Andrew Litton · Dallas Symphony Chorus · Dallas Symphony Orchestra · Charles Ives

Ives: Symphony No. 1; Symphony No. 4; Central Park in the Dark

℗ 2006 Hyperion Records Limited

Released on: 2006-10-01

Author: Sir John Bowring
Composer: Charles Ives

Auto-generated by YouTube.

=== WL6tKmmcSs0
980|Marc-André Hamelin - Topic|NA|Piano Sonata No. 2 ("Concord, Mass., 1840-1860") : I. Emerson|20150211|public
Provided to YouTube by The Orchard Enterprises

Piano Sonata No. 2 ("Concord, Mass., 1840-1860") : I. Emerson · Charles Ives · Marc-Andre Hamelin

Charles: Ives: "Concord" Sonata/Maurice Wright: Sonata

℗ 1989 Anthology of Recorded Music, Inc.

Released on: 1989-01-01

Auto-generated by YouTube.

=== gmrs89tZrGk
964|Jeremy Denk - Topic|NA|Piano Sonata No. 2 "Concord, Mass., 1840-1860": Emerson|20241017|public
Provided to YouTube by Nonesuch

Piano Sonata No. 2 "Concord, Mass., 1840-1860": Emerson · Jeremy Denk

IVES DENK

℗ 2024 Nonesuch Records Inc.

Engineer, Masterer, Mixer, Producer: Adam Abeshouse
Piano: Jeremy Denk
Composer: Charles Ives

Auto-generated by YouTube.

=== 0Ea2K8ON3Kk
1038|Pierre-Laurent Aimard - Topic|NA|Ives : Piano Sonata No.2, 'Concord Mass., 1840-60' : I Emerson|20150725|public
Provided to YouTube by Warner Classics International

Ives : Piano Sonata No.2, 'Concord Mass., 1840-60' : I Emerson · Pierre-Laurent Aimard

Ives : Concord Sonata & Songs

℗ 2004 Warner Classics, Warner Music UK

Producer: Christoph Classen
Piano: Pierre-Laurent Aimard
Viola: Tabea Zimmermann
Engineer: Tobias Lehmann
Composer: Charles Ives

Auto-generated by YouTube.

