
■ piece 196 교향곡 1번 C장조
  Charles Dutoit         tuning +0.140  vs Bernard Hait  최저 0반음 0.0325  (0반음 0.0325)
      0:0.032 1:0.421 2:0.257 3:0.341 4:0.352 5:0.158 6:0.389 7:0.164 8:0.361 9:0.311 10:0.247 11:0.395
  Bernard Haitink        tuning +0.130  vs Charles Duto  최저 0반음 0.0325  (0반음 0.0325)
      0:0.032 1:0.395 2:0.247 3:0.311 4:0.361 5:0.164 6:0.389 7:0.158 8:0.352 9:0.341 10:0.257 11:0.421
  Leonard Bernstein      tuning +0.220  vs Charles Duto  최저 0반음 0.0458  (0반음 0.0458)
      0:0.046 1:0.404 2:0.249 3:0.286 4:0.317 5:0.171 6:0.354 7:0.159 8:0.354 9:0.284 10:0.219 11:0.354

■ piece 176 피아노 3중주 G단조 Op. 17
  Ragna Schirmer         tuning +0.130  vs Lambert Orki  최저 0반음 0.0667  (0반음 0.0667)
      0:0.067 1:0.384 2:0.307 3:0.309 4:0.327 5:0.248 6:0.414 7:0.246 8:0.344 9:0.314 10:0.316 11:0.365
  Lambert Orkis          tuning +0.090  vs Ragna Schirm  최저 0반음 0.0667  (0반음 0.0667)
      0:0.067 1:0.365 2:0.316 3:0.314 4:0.344 5:0.246 6:0.414 7:0.248 8:0.327 9:0.309 10:0.307 11:0.384
  Menahem Pressler       tuning +0.160  vs Ragna Schirm  최저 0반음 0.0671  (0반음 0.0671)
      0:0.067 1:0.388 2:0.308 3:0.315 4:0.348 5:0.244 6:0.412 7:0.238 8:0.335 9:0.331 10:0.305 11:0.382

■ piece 177 피아노 협주곡 A단조 Op. 7
  Lucy Parham            tuning -0.010  vs Isata Kanneh  최저 0반음 0.0521  (0반음 0.0521)
      0:0.052 1:0.364 2:0.334 3:0.330 4:0.336 5:0.274 6:0.395 7:0.301 8:0.355 9:0.341 10:0.356 11:0.403
  Isata Kanneh-Mason     tuning +0.030  vs Lucy Parham  최저 0반음 0.0521  (0반음 0.0521)
      0:0.052 1:0.403 2:0.356 3:0.341 4:0.355 5:0.301 6:0.395 7:0.274 8:0.336 9:0.330 10:0.334 11:0.364
  Howard Shelley         tuning +0.030  vs Lucy Parham  최저 0반음 0.0535  (0반음 0.0535)
      0:0.053 1:0.392 2:0.313 3:0.361 4:0.313 5:0.282 6:0.409 7:0.284 8:0.330 9:0.311 10:0.352 11:0.368
