===== PQXiW4fsJVU
      t   rms dB  harm dB   diff    flat  250-1200
   0.00    -72.4    -86.6   14.2  0.0023     -58.4
   0.09    -70.0    -77.9    7.9  0.0037     -56.7
   0.19    -68.9    -74.4    5.5  0.0020     -58.0
   0.28    -70.7    -76.5    5.7  0.0035     -56.8
   0.37    -67.8    -72.9    5.1  0.0029     -56.2
   0.46    -70.5    -74.8    4.3  0.0028     -58.8
   0.56    -70.1    -75.9    5.8  0.0026     -58.3
   0.65    -63.3    -65.4    2.2  0.0006     -52.9
   0.74    -51.2    -53.0    1.9  0.0004     -42.2
   0.84    -44.0    -45.8    1.8  0.0001     -33.7
   0.93    -24.3    -35.3   11.0  0.0001       7.6
   1.02    -19.7    -30.6   10.9  0.0028      16.7
   1.11    -21.7    -32.4   10.7  0.0038      15.4
   1.21    -21.2    -27.9    6.7  0.0008      14.4
   1.30    -23.4    -28.3    4.9  0.0005      14.4
   1.39    -27.5    -31.3    3.9  0.0005       9.0
   1.49    -29.7    -33.5    3.8  0.0004       6.9
   1.58    -25.6    -29.5    3.9  0.0022      12.9
   1.67    -26.1    -30.2    4.0  0.0022       8.4
   1.76    -26.4    -30.6    4.3  0.0022      11.9
   1.86    -22.3    -26.4    4.2  0.0049      15.8
   1.95    -22.4    -30.0    7.6  0.0047      13.4
   2.04    -22.3    -32.0    9.8  0.0029      14.5
   2.14    -24.5    -29.9    5.5  0.0013      12.2
   2.23    -27.5    -31.3    3.8  0.0008       6.8
   2.32    -28.3    -31.2    2.8  0.0011       6.7
   2.41    -22.7    -25.5    2.8  0.0063      15.4
   2.51    -25.4    -27.9    2.5  0.0022      11.5
   2.60    -20.2    -22.6    2.4  0.0070      17.3
   2.69    -17.3    -19.1    1.9  0.0015      22.0
   2.79    -19.6    -24.0    4.4  0.0033      16.5
   2.88    -22.1    -25.3    3.2  0.0018      14.1
   2.97    -24.6    -26.6    2.0  0.0010      11.9
   3.07    -26.3    -29.2    2.9  0.0006       8.8
   3.16    -22.3    -24.1    1.9  0.0029      10.1
   3.25    -25.3    -27.4    2.2  0.0019      13.1
   3.34    -19.6    -20.7    1.1  0.0015      11.0
   3.44    -17.1    -18.6    1.5  0.0035      17.2
   3.53    -19.7    -24.1    4.3  0.0041      14.4
   3.62    -21.3    -25.5    4.2  0.0025      14.5
   3.72    -21.9    -25.5    3.6  0.0007      10.8
   3.81    -24.2    -26.5    2.3  0.0006      11.6
   3.90    -27.9    -29.9    2.0  0.0006       4.5
   3.99    -29.7    -31.8    2.1  0.0017       4.2
   4.09    -33.2    -35.2    2.0  0.0007       2.2
   4.18    -35.5    -37.7    2.3  0.0106      -2.0
   4.27    -35.1    -37.4    2.3  0.0036       2.3
   4.37    -39.3    -43.4    4.1  0.0065      -1.2
   4.46    -41.6    -44.3    2.7  0.0032      -4.3
   4.55    -41.1    -45.7    4.5  0.0090      -4.2
   4.64    -43.1    -48.1    4.9  0.0037     -10.2
   4.74    -40.6    -46.2    5.7  0.0059      -2.3
   4.83    -43.1    -47.8    4.7  0.0042      -6.2
   4.92    -38.9    -49.3   10.4  0.0042       0.2
   5.02    -42.4    -50.4    8.0  0.0036      -4.3
   5.11    -40.0    -48.7    8.6  0.0052      -1.3
   5.20    -43.3    -48.7    5.4  0.0033      -7.0
   5.29    -41.0    -48.4    7.4  0.0056      -3.0
   5.39    -41.2    -48.0    6.8  0.0045      -4.5
   5.48    -36.9    -41.1    4.1  0.0019       2.5
   5.57    -39.9    -44.4    4.5  0.0020      -2.1
   5.67    -37.9    -42.1    4.1  0.0041       0.3
   5.76    -35.8    -39.0    3.2  0.0037       0.7
   5.85    -34.9    -36.5    1.6  0.0017       3.8
   5.94    -30.8    -32.8    2.0  0.0012       4.5
   6.04    -30.7    -33.8    3.1  0.0020       7.4
   6.13    -30.0    -32.7    2.7  0.0021       3.9
   6.22    -29.2    -32.3    3.0  0.0015       7.7
   6.32    -28.7    -32.8    4.1  0.0015       7.2
   6.41    -27.6    -30.8    3.2  0.0016       9.1
   6.50    -25.2    -27.2    2.0  0.0008      13.2
   6.59    -24.3    -26.2    1.9  0.0009      13.6
   6.69    -22.9    -24.1    1.1  0.0004      15.9
   6.78    -25.4    -27.3    1.9  0.0008      11.2
   6.87    -30.4    -33.8    3.4  0.0007       6.3
   6.97    -31.0    -35.7    4.7  0.0007       4.6
   7.06    -31.3    -38.5    7.1  0.0004       7.0
   7.15    -34.8    -42.4    7.5  0.0006       0.2
   7.24    -33.9    -46.5   12.6  0.0009       2.6
   7.34    -35.8    -43.1    7.4  0.0007      -1.0
   7.43    -36.3    -42.5    6.3  0.0004      -0.2
   7.52    -37.4    -45.1    7.7  0.0002      -1.6
   7.62    -38.3    -42.9    4.6  0.0002      -0.8
   7.71    -40.6    -44.8    4.2  0.0003      -4.9
   7.80    -34.8    -36.7    1.8  0.0003      -2.7
   7.89    -40.2    -42.8    2.6  0.0003      -3.8
   7.99    -34.5    -35.4    0.9  0.0006      -0.4
   8.08    -35.2    -36.8    1.6  0.0005       1.6
   8.17    -34.6    -37.3    2.7  0.0003       4.4
   8.27    -36.9    -41.1    4.2  0.0005      -1.6
   8.36    -39.3    -42.2    2.9  0.0002      -1.2
   8.45    -41.6    -43.9    2.3  0.0002      -3.8
   8.54    -33.7    -35.0    1.3  0.0002      -5.3
   8.64    -39.5    -42.7    3.3  0.0002      -2.2
   8.73    -31.1    -32.0    0.9  0.0005      -1.8
   8.82    -30.5    -31.3    0.7  0.0003       2.5
   8.92    -31.7    -33.2    1.5  0.0002       5.1
   9.01    -34.6    -36.7    2.1  0.0001       2.5
   9.10    -37.7    -39.5    1.8  0.0001      -0.2
   9.20    -40.6    -42.6    2.0  0.0002      -2.7
   9.29    -36.4    -42.6    6.2  0.0006       1.4
   9.38    -37.3    -43.3    6.0  0.0001       1.7
   9.47    -36.5    -43.9    7.4  0.0006       1.3
   9.57    -37.1    -42.9    5.8  0.0001       1.9
   9.66    -35.2    -43.5    8.2  0.0006       2.8
   9.75    -38.1    -43.4    5.3  0.0003       0.8
   9.85    -32.4    -40.0    7.5  0.0007       3.6
   9.94    -34.3    -40.0    5.7  0.0002       4.1
  10.03    -31.3    -37.5    6.2  0.0003       5.3
  10.12    -32.7    -37.9    5.2  0.0002       4.2
  10.22    -30.3    -39.5    9.2  0.0004       5.1
  10.31    -28.0    -38.9   10.8  0.0002       9.3
  10.40    -30.9    -38.8    7.8  0.0004       6.9
  10.50    -31.6    -37.4    5.8  0.0001       7.0
  10.59    -34.8    -41.2    6.4  0.0002       1.1
  10.68    -34.5    -42.4    7.9  0.0002       4.7
  10.77    -34.6    -40.2    5.6  0.0003       3.6
  10.87    -33.6    -37.5    3.9  0.0004       2.4
  10.96    -35.5    -38.8    3.2  0.0003       2.8
  11.05    -30.1    -31.6    1.5  0.0002       5.9
  11.15    -32.2    -34.5    2.3  0.0003       6.4
  11.24    -35.6    -39.8    4.1  0.0003       2.0
  11.33    -37.5    -40.0    2.4  0.0003       0.8
  11.42    -40.1    -42.5    2.4  0.0002      -1.5
  11.52    -42.0    -44.0    2.0  0.0003      -4.5
  11.61    -34.6    -37.3    2.6  0.0003      -0.0
  11.70    -40.0    -42.4    2.4  0.0002      -3.1
  11.80    -28.2    -28.6    0.5  0.0001       3.0
  11.89    -29.8    -30.5    0.7  0.0001       3.4
  11.98    -34.3    -37.8    3.5  0.0003       4.8
===== dfCTZERDecY
      t   rms dB  harm dB   diff    flat  250-1200
   0.00   -200.0   -200.0    0.0  1.0000    -194.0
   0.09   -200.0   -200.0    0.0  1.0000    -194.0
   0.19   -200.0   -200.0    0.0  1.0000    -194.0
   0.28   -200.0   -200.0    0.0  1.0000    -194.0
   0.37   -200.0   -200.0    0.0  1.0000    -194.0
   0.46   -200.0   -200.0    0.0  1.0000    -194.0
   0.56   -200.0   -200.0    0.0  1.0000    -194.0
   0.65   -200.0   -200.0    0.0  1.0000    -194.0
   0.74   -200.0   -200.0    0.0  1.0000    -194.0
   0.84   -200.0   -200.0    0.0  1.0000    -194.0
   0.93   -200.0   -137.0  -63.0  1.0000    -194.0
   1.02    -95.4   -110.0   14.7  0.1620     -65.8
   1.11    -96.8   -108.7   11.9  0.3724     -68.3
   1.21    -95.3   -106.4   11.2  0.2801     -67.1
   1.30    -89.3    -99.2    9.9  0.0457     -67.6
   1.39    -85.3    -94.4    9.1  0.0472     -63.3
   1.49    -81.8    -89.1    7.3  0.0285     -60.8
   1.58    -79.3    -84.9    5.6  0.0111     -59.7
   1.67    -79.2    -89.4   10.2  0.0163     -58.9
   1.76    -76.5    -85.2    8.7  0.0116     -55.3
   1.86    -70.0    -77.8    7.8  0.0094     -53.5
   1.95    -70.6    -78.8    8.3  0.0156     -49.4
   2.04    -66.6    -74.9    8.3  0.0130     -48.0
   2.14    -66.0    -77.4   11.4  0.0092     -46.5
   2.23    -67.4    -73.0    5.6  0.0248     -44.4
   2.32    -61.7    -65.8    4.1  0.0038     -40.8
   2.41    -62.8    -69.2    6.4  0.0074     -39.3
   2.51    -59.0    -64.6    5.5  0.0045     -42.4
   2.60    -63.9    -67.0    3.2  0.0171     -42.9
   2.69    -59.4    -63.3    3.9  0.0059     -42.8
   2.79    -58.1    -62.7    4.6  0.0050     -40.3
   2.88    -60.7    -65.0    4.3  0.0098     -38.2
   2.97    -58.9    -62.2    3.3  0.0048     -38.0
   3.07    -60.9    -65.5    4.6  0.0065     -40.1
   3.16    -35.5    -44.0    8.5  0.0226     -19.5
   3.25    -18.6    -26.9    8.3  0.0027      14.5
   3.34    -16.3    -20.2    3.9  0.0018      18.4
   3.44    -18.7    -21.7    3.1  0.0005      13.4
   3.53    -21.9    -26.8    4.9  0.0003      10.6
   3.62    -23.4    -25.5    2.1  0.0002       9.1
   3.72    -24.6    -26.2    1.6  0.0001       6.4
   3.81    -25.6    -33.4    7.8  0.0012       7.8
   3.90    -23.8    -28.9    5.1  0.0045      14.6
   3.99    -25.0    -29.7    4.6  0.0014      11.0
   4.09    -18.7    -23.7    5.1  0.0039      16.6
   4.18    -21.7    -26.4    4.7  0.0038      11.3
   4.27    -21.3    -27.2    5.9  0.0029      18.1
   4.37    -24.5    -29.7    5.2  0.0014      11.7
   4.46    -29.1    -32.1    3.0  0.0012       8.9
   4.55    -30.0    -32.4    2.4  0.0007       6.4
   4.64    -24.1    -29.7    5.6  0.0062      14.5
   4.74    -23.0    -27.7    4.6  0.0015      14.4
   4.83    -21.5    -24.9    3.4  0.0079      15.4
   4.92    -19.7    -23.1    3.4  0.0039      19.8
   5.02    -21.9    -27.9    5.9  0.0092      13.4
   5.11    -23.0    -28.6    5.6  0.0028      12.5
   5.20    -25.6    -30.2    4.6  0.0010      12.8
   5.29    -28.1    -31.5    3.4  0.0011       8.9
   5.39    -28.8    -31.9    3.1  0.0028       7.4
   5.48    -23.1    -26.7    3.7  0.0042      12.7
   5.57    -26.7    -29.1    2.4  0.0034       8.5
   5.67    -20.3    -24.0    3.7  0.0050      16.9
   5.76    -21.8    -25.6    3.8  0.0053      13.8
   5.85    -21.3    -26.8    5.5  0.0026      17.2
   5.94    -23.0    -26.9    3.9  0.0006      10.8
   6.04    -26.1    -29.6    3.4  0.0007       9.7
   6.13    -27.6    -30.1    2.6  0.0004       8.9
   6.22    -29.6    -32.7    3.2  0.0016       6.0
   6.32    -31.8    -35.4    3.6  0.0014       6.3
   6.41    -34.5    -37.7    3.2  0.0022       2.4
   6.50    -33.5    -36.1    2.6  0.0037       4.8
   6.59    -35.1    -38.5    3.4  0.0061       1.9
   6.69    -38.0    -42.8    4.8  0.0037      -0.6
   6.78    -40.3    -45.2    4.9  0.0028      -3.8
   6.87    -39.1    -43.3    4.2  0.0057      -3.7
   6.97    -42.3    -45.9    3.6  0.0041      -7.1
   7.06    -39.3    -43.4    4.1  0.0051      -0.7
   7.15    -44.3    -47.9    3.5  0.0034      -6.7
   7.24    -35.7    -47.8   12.1  0.0025       5.7
   7.34    -46.1    -51.6    5.4  0.0073      -9.1
   7.43    -41.2    -50.1    8.9  0.0115      -3.3
   7.52    -46.1    -52.6    6.5  0.0066     -10.9
   7.62    -43.2    -53.2    9.9  0.0084      -4.3
   7.71    -45.8    -52.6    6.8  0.0056     -10.9
   7.80    -40.0    -48.4    8.3  0.0039      -0.3
   7.89    -44.9    -50.6    5.7  0.0053      -8.3
   7.99    -39.0    -42.0    3.0  0.0026       0.8
   8.08    -31.2    -32.6    1.4  0.0009       6.2
   8.17    -28.0    -29.1    1.1  0.0003      11.2
   8.27    -29.9    -31.7    1.7  0.0007       7.0
   8.36    -27.3    -30.0    2.7  0.0008       7.3
   8.45    -27.4    -30.4    3.0  0.0015       7.2
   8.54    -25.8    -28.8    2.9  0.0006       9.9
   8.64    -28.0    -32.1    4.0  0.0010       7.8
   8.73    -29.2    -36.0    6.8  0.0016       8.9
   8.82    -27.9    -32.4    4.5  0.0010      10.5
   8.92    -26.4    -30.5    4.2  0.0009       9.8
   9.01    -24.4    -28.2    3.7  0.0005      11.3
   9.10    -23.6    -26.6    3.0  0.0003      13.6
   9.20    -26.2    -29.8    3.6  0.0003       6.9
   9.29    -26.8    -28.2    1.4  0.0001       1.9
   9.38    -25.1    -28.7    3.5  0.0001       6.3
   9.47    -29.5    -34.0    4.5  0.0001       2.2
   9.57    -34.8    -43.2    8.4  0.0006      -0.7
   9.66    -32.3    -41.0    8.7  0.0003       1.9
   9.75    -34.2    -40.7    6.4  0.0004       2.3
   9.85    -36.2    -42.5    6.4  0.0003      -2.8
   9.94    -37.8    -43.8    6.0  0.0003      -1.6
  10.03    -39.4    -46.0    6.6  0.0004      -4.6
  10.12    -37.1    -40.8    3.7  0.0016      -5.2
  10.22    -37.3    -41.1    3.8  0.0007      -1.4
  10.31    -41.4    -44.7    3.3  0.0031      -7.8
  10.40    -31.6    -33.3    1.7  0.0002       5.0
  10.50    -34.4    -36.1    1.7  0.0004       3.4
  10.59    -35.8    -38.7    3.0  0.0003      -1.2
  10.68    -40.5    -42.1    1.6  0.0015      -4.4
  10.77    -40.7    -42.1    1.4  0.0006      -3.7
  10.87    -42.3    -43.9    1.6  0.0009      -6.1
  10.96    -33.9    -36.5    2.6  0.0003      -2.1
  11.05    -43.5    -46.2    2.7  0.0013      -8.6
  11.15    -33.3    -34.5    1.2  0.0004       0.8
  11.24    -34.1    -34.8    0.7  0.0003      -3.1
  11.33    -35.1    -38.0    2.9  0.0005       2.7
  11.42    -38.1    -39.6    1.5  0.0005      -1.2
  11.52    -44.1    -45.4    1.3  0.0009      -6.3
  11.61    -46.1    -48.2    2.1  0.0013     -10.0
  11.70    -38.3    -43.7    5.4  0.0008       0.8
  11.80    -40.5    -43.5    3.0  0.0008      -4.9
  11.89    -36.6    -41.8    5.2  0.0009       1.6
  11.98    -40.2    -42.8    2.6  0.0009      -1.4
===== DQulAMj4lH0
      t   rms dB  harm dB   diff    flat  250-1200
   0.00   -200.0   -200.0    0.0  1.0000    -194.0
   0.09   -200.0   -200.0    0.0  1.0000    -194.0
   0.19   -118.7   -136.1   17.5  1.0000    -128.1
   0.28    -94.6   -105.4   10.9  0.1289     -66.1
   0.37    -87.4    -99.5   12.1  0.0638     -60.8
   0.46    -85.1    -98.8   13.7  0.0483     -54.9
   0.56    -79.6    -93.6   14.0  0.0341     -48.1
   0.65    -73.7    -87.8   14.0  0.0180     -47.4
   0.74    -73.2    -84.8   11.7  0.0264     -44.5
   0.84    -70.8    -79.4    8.7  0.0209     -42.3
   0.93    -65.9    -79.1   13.3  0.0126     -41.3
   1.02    -66.3    -77.3   11.0  0.0230     -39.4
   1.11    -64.3    -74.8   10.6  0.0090     -40.5
   1.21    -62.6    -71.6    9.0  0.0085     -37.1
   1.30    -63.5    -76.2   12.6  0.0173     -37.2
   1.39    -63.6    -72.0    8.4  0.0235     -35.3
   1.49    -61.0    -65.6    4.6  0.0119     -36.3
   1.58    -63.2    -70.8    7.6  0.0494     -35.2
   1.67    -61.8    -71.5    9.6  0.0155     -35.8
   1.76    -61.6    -72.0   10.4  0.0329     -34.5
   1.86    -61.1    -68.9    7.8  0.0244     -34.2
   1.95    -65.0    -70.5    5.5  0.0485     -35.8
   2.04    -60.7    -65.6    4.9  0.0161     -34.3
   2.14    -63.2    -67.5    4.3  0.0261     -35.5
   2.23    -36.8    -51.2   14.4  0.0042      -7.3
   2.32    -20.5    -36.6   16.1  0.0263      16.4
   2.41    -16.9    -28.9   12.1  0.0112      21.0
   2.51    -19.3    -29.6   10.2  0.0048      16.2
   2.60    -22.0    -29.0    6.9  0.0021      13.0
   2.69    -24.2    -28.2    4.0  0.0014      12.1
   2.79    -26.6    -30.2    3.6  0.0009       6.8
   2.88    -26.5    -32.7    6.2  0.0050       7.9
   2.97    -24.2    -30.2    6.0  0.0153      12.3
   3.07    -25.5    -29.2    3.7  0.0038      11.1
   3.16    -20.6    -29.2    8.6  0.0147      17.1
   3.25    -18.1    -24.6    6.5  0.0067      19.2
   3.34    -20.4    -29.4    9.0  0.0081      16.8
   3.44    -23.1    -30.4    7.3  0.0026      12.5
   3.53    -25.4    -30.8    5.3  0.0015       9.5
   3.62    -26.8    -30.8    4.0  0.0009       6.7
   3.72    -20.2    -24.5    4.4  0.0075      18.5
   3.81    -23.4    -27.0    3.5  0.0026      16.0
   3.90    -18.3    -25.2    6.9  0.0169      18.9
   3.99    -17.1    -23.0    5.9  0.0061      20.1
   4.09    -18.6    -26.3    7.6  0.0123      16.2
   4.18    -21.6    -28.1    6.5  0.0046      15.2
   4.27    -25.1    -28.2    3.2  0.0038       9.8
   4.37    -26.0    -29.0    3.0  0.0024      10.4
   4.46    -20.2    -23.8    3.6  0.0120      17.0
   4.55    -21.2    -25.0    3.8  0.0058      10.1
   4.64    -20.1    -24.0    3.9  0.0159      13.7
   4.74    -17.0    -20.6    3.5  0.0115      14.4
   4.83    -15.9    -23.7    7.8  0.0086      20.3
   4.92    -18.6    -24.9    6.3  0.0058      14.8
   5.02    -21.9    -25.2    3.3  0.0026      11.7
   5.11    -24.0    -27.3    3.3  0.0015       9.0
   5.20    -26.1    -29.8    3.6  0.0030       9.1
   5.29    -28.2    -32.1    3.9  0.0061       7.1
   5.39    -30.8    -35.2    4.4  0.0087       3.6
   5.48    -29.5    -32.9    3.4  0.0107       4.0
   5.57    -31.9    -37.3    5.3  0.0184       0.7
   5.67    -33.1    -37.8    4.7  0.0069       4.4
   5.76    -35.6    -40.2    4.5  0.0091      -3.0
   5.85    -35.7    -40.2    4.5  0.0132      -0.8
   5.94    -36.1    -40.0    3.9  0.0113      -1.5
   6.04    -36.3    -39.9    3.6  0.0062       0.9
   6.13    -38.7    -45.7    7.1  0.0231      -3.3
   6.22    -37.9    -46.3    8.3  0.0119      -3.3
   6.32    -38.1    -46.8    8.7  0.0157      -3.6
   6.41    -39.0    -46.5    7.4  0.0088      -2.7
   6.50    -38.8    -48.5    9.8  0.0111      -0.8
   6.59    -43.0    -51.5    8.5  0.0116      -7.4
   6.69    -35.7    -43.9    8.2  0.0070       3.0
   6.78    -38.7    -44.6    5.9  0.0032       0.9
   6.87    -35.7    -44.4    8.8  0.0077       1.2
   6.97    -34.8    -39.0    4.2  0.0035       1.2
   7.06    -34.2    -36.1    2.0  0.0023       4.6
   7.15    -36.1    -38.8    2.7  0.0033       1.7
   7.24    -33.1    -38.4    5.4  0.0042       5.7
   7.34    -32.4    -38.9    6.5  0.0046       5.8
   7.43    -32.1    -37.2    5.1  0.0028       6.5
   7.52    -32.1    -38.7    6.7  0.0023       5.7
   7.62    -30.5    -38.7    8.2  0.0023       8.3
   7.71    -29.9    -38.5    8.6  0.0017       8.8
   7.80    -32.3    -39.7    7.4  0.0022       4.5
   7.89    -31.5    -35.9    4.4  0.0013       2.2
   7.99    -29.8    -36.4    6.6  0.0015       6.3
   8.08    -32.6    -38.4    5.7  0.0014       1.3
   8.17    -34.0    -44.0   10.0  0.0026       1.8
   8.27    -33.5    -38.5    5.0  0.0009      -1.9
   8.36    -32.6    -38.9    6.4  0.0020       1.4
   8.45    -31.0    -37.9    6.9  0.0013       4.7
   8.54    -31.8    -38.1    6.3  0.0006       1.8
   8.64    -31.5    -35.9    4.3  0.0004       5.9
   8.73    -36.4    -41.1    4.7  0.0009      -0.6
   8.82    -37.8    -40.8    3.0  0.0012      -2.3
   8.92    -32.9    -35.3    2.4  0.0030       3.3
   9.01    -34.9    -37.5    2.5  0.0013       1.6
   9.10    -35.2    -37.3    2.1  0.0051      -1.3
   9.20    -32.7    -34.5    1.8  0.0021       4.8
   9.29    -30.5    -33.7    3.1  0.0010       6.3
   9.38    -33.9    -38.0    4.1  0.0015       3.0
   9.47    -36.9    -40.2    3.3  0.0010      -0.7
   9.57    -38.4    -40.8    2.3  0.0011      -1.8
   9.66    -34.1    -39.7    5.5  0.0037       0.0
   9.75    -34.5    -39.0    4.5  0.0014       2.5
   9.85    -32.7    -36.2    3.5  0.0026       2.3
   9.94    -28.2    -30.2    2.0  0.0007       7.3
  10.03    -29.6    -32.7    3.1  0.0007       7.1
  10.12    -33.7    -37.0    3.3  0.0008       4.5
  10.22    -37.6    -39.0    1.4  0.0015      -0.8
  10.31    -37.7    -40.6    2.9  0.0019      -0.7
  10.40    -32.4    -40.5    8.1  0.0016       7.4
  10.50    -32.9    -38.5    5.6  0.0006       6.6
  10.59    -29.1    -35.5    6.4  0.0008      12.2
  10.68    -35.5    -41.5    6.0  0.0014       3.9
  10.77    -29.3    -37.2    7.9  0.0009      11.4
  10.87    -34.0    -39.2    5.3  0.0019       2.9
  10.96    -27.5    -34.3    6.8  0.0006      11.0
  11.05    -30.9    -36.5    5.5  0.0012       5.4
  11.15    -29.6    -36.0    6.4  0.0007       8.7
  11.24    -26.8    -36.7    9.9  0.0015       7.0
  11.33    -26.2    -38.2   12.1  0.0008      12.0
  11.42    -30.5    -41.4   11.0  0.0017       6.9
  11.52    -31.7    -38.5    6.8  0.0011       2.6
  11.61    -30.8    -35.6    4.7  0.0006       6.2
  11.70    -30.1    -34.9    4.8  0.0007       7.9
  11.80    -29.9    -36.4    6.6  0.0035       5.9
  11.89    -32.3    -35.8    3.6  0.0010       5.1
  11.98    -32.4    -39.0    6.6  0.0055       4.3
===== 5_iz_nFNbKE
      t   rms dB  harm dB   diff    flat  250-1200
   0.00    -69.8    -76.9    7.1  0.0023     -50.3
   0.09    -63.9    -69.4    5.5  0.0010     -51.9
   0.19    -63.2    -67.6    4.4  0.0015     -50.0
   0.28    -63.4    -68.8    5.3  0.0006     -51.2
   0.37    -64.9    -70.1    5.2  0.0016     -52.1
   0.46    -65.0    -68.7    3.7  0.0011     -51.4
   0.56    -63.9    -67.1    3.2  0.0007     -53.3
   0.65    -65.0    -67.3    2.3  0.0018     -53.7
   0.74    -68.6    -70.7    2.1  0.0021     -49.9
   0.84    -65.1    -67.4    2.3  0.0009     -49.8
   0.93    -64.9    -67.6    2.7  0.0042     -49.7
   1.02    -62.0    -64.8    2.8  0.0016     -48.3
   1.11    -59.2    -60.5    1.3  0.0023     -45.9
   1.21    -58.5    -59.9    1.4  0.0026     -46.4
   1.30    -59.6    -62.0    2.4  0.0023     -45.9
   1.39    -54.8    -55.5    0.7  0.0010     -44.6
   1.49    -53.2    -53.6    0.4  0.0075     -41.8
   1.58    -48.8    -49.0    0.2  0.0066     -41.1
   1.67    -48.9    -49.4    0.5  0.0151     -40.6
   1.76    -48.7    -49.1    0.4  0.0073     -36.1
   1.86    -53.8    -54.4    0.6  0.0114     -34.4
   1.95    -49.9    -55.1    5.3  0.0025     -15.4
   2.04    -47.1    -48.8    1.7  0.0012     -10.7
   2.14    -44.8    -45.5    0.7  0.0006      -6.9
   2.23    -42.2    -43.5    1.4  0.0005      -5.7
   2.32    -40.5    -41.4    0.8  0.0009      -3.8
   2.41    -38.9    -40.5    1.6  0.0010      -0.4
   2.51    -36.6    -38.5    1.9  0.0012       1.5
   2.60    -35.3    -36.9    1.6  0.0012       2.6
   2.69    -34.6    -35.7    1.1  0.0008       4.0
   2.79    -35.6    -36.9    1.3  0.0007       2.6
   2.88    -34.4    -37.3    2.9  0.0005       3.3
   2.97    -34.6    -36.0    1.3  0.0003       4.1
   3.07    -34.8    -36.2    1.5  0.0004       1.9
   3.16    -37.2    -38.5    1.3  0.0005      -1.7
   3.25    -36.0    -40.3    4.3  0.0003       4.0
   3.34    -37.6    -38.9    1.4  0.0004      -0.1
   3.44    -35.3    -36.6    1.2  0.0002       2.4
   3.53    -33.6    -34.3    0.7  0.0003       4.6
   3.62    -36.5    -38.9    2.4  0.0007       0.4
   3.72    -34.5    -36.4    1.9  0.0002       4.2
   3.81    -34.1    -35.6    1.5  0.0002       4.2
   3.90    -35.3    -36.6    1.4  0.0003       2.8
   3.99    -34.5    -36.6    2.1  0.0003       2.7
   4.09    -30.3    -32.3    2.0  0.0002       9.0
   4.18    -30.4    -31.7    1.3  0.0002       8.3
   4.27    -30.5    -32.2    1.7  0.0001       8.8
   4.37    -32.5    -34.2    1.7  0.0002       6.4
   4.46    -33.6    -36.8    3.2  0.0004       4.7
   4.55    -33.0    -35.7    2.7  0.0003       5.3
   4.64    -33.2    -36.0    2.8  0.0004       5.9
   4.74    -34.2    -36.5    2.3  0.0003       4.6
   4.83    -32.8    -38.2    5.4  0.0003       4.5
   4.92    -31.7    -36.5    4.7  0.0001       3.4
   5.02    -33.6    -37.9    4.3  0.0002       1.4
   5.11    -36.2    -38.8    2.7  0.0004      -1.3
   5.20    -34.9    -39.1    4.3  0.0005       0.5
   5.29    -33.7    -37.8    4.1  0.0002       0.1
   5.39    -34.6    -38.6    4.0  0.0003       1.0
   5.48    -32.8    -35.7    2.9  0.0003       3.5
   5.57    -34.0    -37.9    3.9  0.0006       0.0
   5.67    -31.9    -34.8    2.9  0.0002       6.7
   5.76    -32.1    -34.8    2.7  0.0003       5.9
   5.85    -32.3    -35.3    2.9  0.0002       5.4
   5.94    -32.1    -34.7    2.6  0.0002       4.6
   6.04    -32.9    -36.8    4.0  0.0002       6.6
   6.13    -35.3    -38.9    3.6  0.0003       3.4
   6.22    -34.4    -39.2    4.8  0.0003       4.0
   6.32    -36.9    -40.6    3.7  0.0007       0.7
   6.41    -32.7    -39.1    6.4  0.0002       6.8
   6.50    -31.9    -35.9    4.0  0.0001       6.9
   6.59    -31.8    -35.3    3.5  0.0002       6.9
   6.69    -33.0    -35.3    2.2  0.0003       5.4
   6.78    -34.7    -37.6    2.9  0.0004       1.7
   6.87    -32.4    -40.6    8.2  0.0003       5.9
   6.97    -31.8    -36.1    4.3  0.0002       6.4
   7.06    -32.7    -36.6    4.0  0.0002       5.8
   7.15    -33.0    -36.6    3.5  0.0002       5.6
   7.24    -33.3    -36.2    2.9  0.0003       5.6
   7.34    -32.1    -33.9    1.8  0.0001       7.5
   7.43    -33.3    -35.7    2.4  0.0002       5.8
   7.52    -33.9    -35.7    1.8  0.0001       5.1
   7.62    -35.5    -37.5    2.0  0.0002       3.7
   7.71    -34.8    -39.8    5.0  0.0002       3.8
   7.80    -35.5    -40.1    4.7  0.0002       3.6
   7.89    -37.5    -42.3    4.8  0.0003       1.7
   7.99    -38.7    -41.9    3.2  0.0007      -0.5
   8.08    -39.3    -42.2    2.9  0.0015       0.1
   8.17    -36.4    -39.3    2.9  0.0009       2.6
   8.27    -32.9    -35.5    2.6  0.0005       5.0
   8.36    -29.1    -31.8    2.7  0.0001       9.9
   8.45    -30.2    -33.0    2.7  0.0002       9.3
   8.54    -33.8    -40.7    6.9  0.0004       4.0
   8.64    -34.2    -40.6    6.5  0.0004       1.8
   8.73    -32.6    -39.9    7.4  0.0008       5.1
   8.82    -31.6    -37.1    5.4  0.0007       6.1
   8.92    -34.9    -39.5    4.5  0.0013       0.7
   9.01    -34.2    -41.6    7.4  0.0007       3.8
   9.10    -34.0    -40.4    6.4  0.0005       4.7
   9.20    -30.2    -38.4    8.2  0.0001       9.7
   9.29    -31.7    -38.3    6.7  0.0005       7.1
   9.38    -31.8    -38.9    7.1  0.0005       6.1
   9.47    -32.4    -37.4    5.1  0.0005       5.0
   9.57    -30.7    -36.4    5.7  0.0006       7.7
   9.66    -31.5    -36.3    4.8  0.0024       6.2
   9.75    -31.1    -38.1    7.0  0.0030       3.3
   9.85    -27.4    -33.1    5.6  0.0005      11.2
   9.94    -28.5    -31.8    3.3  0.0005      10.0
  10.03    -30.5    -34.6    4.1  0.0007       7.2
  10.12    -30.1    -33.7    3.7  0.0004       7.0
  10.22    -31.2    -36.1    5.0  0.0004       7.0
  10.31    -33.2    -38.0    4.8  0.0007       3.7
  10.40    -31.5    -39.3    7.8  0.0006       6.2
  10.50    -33.3    -41.0    7.7  0.0017       5.1
  10.59    -36.1    -44.0    7.8  0.0034       2.9
  10.68    -35.2    -42.8    7.6  0.0016       1.9
  10.77    -36.7    -40.3    3.6  0.0007       1.0
  10.87    -34.4    -39.1    4.7  0.0003       4.2
  10.96    -33.5    -36.2    2.7  0.0002       4.2
  11.05    -34.6    -40.9    6.3  0.0006       3.7
  11.15    -33.8    -39.6    5.8  0.0003       3.7
  11.24    -33.4    -37.5    4.1  0.0004       5.7
  11.33    -33.0    -35.2    2.2  0.0002       6.1
  11.42    -34.8    -39.1    4.3  0.0005      -0.2
  11.52    -34.8    -39.4    4.6  0.0003       3.4
  11.61    -34.8    -41.9    7.1  0.0003       3.7
  11.70    -34.0    -39.0    5.0  0.0002       4.8
  11.80    -34.4    -38.7    4.2  0.0003       5.0
  11.89    -38.2    -41.7    3.5  0.0006      -0.3
  11.98    -38.3    -44.4    6.2  0.0009       0.6
===== 9W2ri4KMMso
      t   rms dB  harm dB   diff    flat  250-1200
   0.00    -66.9    -67.3    0.4  0.0061     -52.4
   0.09    -62.6    -62.9    0.2  0.0007     -58.8
   0.19    -62.5    -62.5    0.1  0.0005     -58.9
   0.28    -62.3    -62.5    0.2  0.0005     -58.2
   0.37    -62.0    -62.1    0.1  0.0003     -59.9
   0.46    -62.8    -62.9    0.1  0.0003     -60.0
   0.56    -60.6    -61.1    0.5  0.0005     -51.1
   0.65    -61.8    -68.2    6.4  0.0055     -42.3
   0.74    -63.5    -68.4    4.9  0.0144     -39.0
   0.84    -63.2    -68.3    5.0  0.0202     -38.2
   0.93    -48.5    -52.2    3.7  0.0026     -18.2
   1.02    -41.3    -42.6    1.3  0.0002     -13.2
   1.11    -41.3    -41.8    0.6  0.0003      -9.4
   1.21    -42.8    -43.9    1.1  0.0009      -6.3
   1.30    -39.4    -40.4    0.9  0.0005      -5.2
   1.39    -35.6    -36.4    0.8  0.0003       1.8
   1.49    -34.3    -35.3    0.9  0.0003       2.3
   1.58    -35.0    -35.6    0.6  0.0003       0.1
   1.67    -33.1    -33.7    0.6  0.0002       0.1
   1.76    -31.7    -32.4    0.7  0.0002      -1.6
   1.86    -33.6    -34.7    1.1  0.0002      -1.0
   1.95    -34.9    -35.7    0.9  0.0002      -0.9
   2.04    -37.3    -38.3    1.0  0.0004      -2.8
   2.14    -35.8    -39.8    4.0  0.0006       0.5
   2.23    -34.7    -37.1    2.3  0.0002       1.8
   2.32    -34.5    -36.2    1.7  0.0004       0.8
   2.41    -35.2    -39.2    4.0  0.0006       1.4
   2.51    -37.1    -40.0    2.9  0.0004       1.5
   2.60    -35.3    -38.0    2.7  0.0005       1.1
   2.69    -34.5    -36.7    2.2  0.0004       1.5
   2.79    -33.1    -40.5    7.5  0.0004       5.5
   2.88    -33.8    -39.0    5.2  0.0004       0.9
   2.97    -34.0    -37.4    3.4  0.0002       1.5
   3.07    -35.9    -38.4    2.6  0.0003      -0.1
   3.16    -34.0    -37.0    3.0  0.0001       4.7
   3.25    -35.2    -36.8    1.6  0.0001       3.7
   3.34    -36.0    -37.6    1.6  0.0002      -1.6
   3.44    -33.6    -38.2    4.5  0.0006       1.4
   3.53    -31.0    -33.5    2.5  0.0001       5.9
   3.62    -31.2    -33.8    2.6  0.0003       4.9
   3.72    -32.4    -34.2    1.9  0.0002       2.1
   3.81    -32.5    -36.0    3.4  0.0003       1.5
   3.90    -30.2    -33.3    3.1  0.0003       2.2
   3.99    -30.5    -33.0    2.5  0.0005       3.4
   4.09    -31.2    -32.9    1.7  0.0002       4.4
   4.18    -29.8    -31.5    1.8  0.0002       8.6
   4.27    -30.3    -31.9    1.6  0.0002       7.9
   4.37    -31.6    -33.5    1.9  0.0003       6.9
   4.46    -33.9    -38.2    4.2  0.0006       2.3
   4.55    -33.6    -37.6    4.0  0.0004       3.7
   4.64    -32.1    -34.8    2.7  0.0004       6.8
   4.74    -32.3    -34.0    1.7  0.0007       5.4
   4.83    -33.8    -36.1    2.3  0.0004       5.7
   4.92    -35.8    -38.3    2.5  0.0008       2.6
   5.02    -35.1    -36.9    1.8  0.0006       3.5
   5.11    -36.4    -38.2    1.8  0.0006       0.6
   5.20    -38.3    -41.0    2.7  0.0006      -1.2
   5.29    -36.2    -38.0    1.8  0.0002       1.2
   5.39    -37.0    -38.5    1.6  0.0004      -0.3
   5.48    -33.5    -34.4    0.9  0.0003       5.3
   5.57    -34.4    -35.3    0.9  0.0008       2.3
   5.67    -33.6    -34.7    1.1  0.0003       4.8
   5.76    -34.9    -36.4    1.4  0.0006       0.3
   5.85    -37.3    -38.8    1.5  0.0006       0.5
   5.94    -40.5    -45.0    4.5  0.0004      -2.2
   6.04    -40.6    -43.9    3.3  0.0005      -3.8
   6.13    -38.1    -39.7    1.6  0.0003      -3.5
   6.22    -42.0    -43.6    1.6  0.0005      -8.1
   6.32    -38.6    -42.8    4.2  0.0003      -1.2
   6.41    -34.9    -37.6    2.7  0.0002       3.4
   6.50    -32.9    -37.3    4.4  0.0002       6.0
   6.59    -35.1    -39.4    4.3  0.0009      -2.0
   6.69    -34.9    -38.7    3.8  0.0003       0.3
   6.78    -33.4    -36.4    2.9  0.0003       3.4
   6.87    -33.2    -35.3    2.1  0.0002       5.7
   6.97    -32.0    -36.6    4.6  0.0002       4.6
   7.06    -30.9    -32.5    1.6  0.0002       4.1
   7.15    -30.6    -32.1    1.5  0.0002       6.5
   7.24    -32.4    -35.0    2.6  0.0004       5.3
   7.34    -30.3    -34.0    3.8  0.0004       4.7
   7.43    -32.8    -36.1    3.2  0.0008       3.8
   7.52    -31.9    -35.0    3.1  0.0006       5.7
   7.62    -32.8    -36.3    3.5  0.0004       4.8
   7.71    -29.9    -37.1    7.2  0.0002       8.0
   7.80    -27.8    -35.4    7.6  0.0001      11.8
   7.89    -31.8    -37.1    5.3  0.0006       4.5
   7.99    -33.5    -39.4    5.9  0.0012      -0.5
   8.08    -30.8    -34.4    3.6  0.0003       1.9
   8.17    -31.8    -34.5    2.7  0.0002       3.4
   8.27    -33.4    -36.4    3.0  0.0002       4.0
   8.36    -33.2    -37.8    4.6  0.0003       4.3
   8.45    -32.0    -37.5    5.5  0.0002       5.4
   8.54    -31.6    -35.6    4.0  0.0003       7.2
   8.64    -30.9    -34.2    3.3  0.0003       8.4
   8.73    -33.7    -39.2    5.5  0.0004       4.1
   8.82    -35.8    -39.6    3.8  0.0005       1.6
   8.92    -33.3    -36.6    3.3  0.0012       6.0
   9.01    -31.6    -34.0    2.4  0.0014       7.4
   9.10    -31.2    -33.7    2.5  0.0017       7.2
   9.20    -32.7    -34.3    1.6  0.0014       6.3
   9.29    -35.6    -38.0    2.4  0.0010       3.3
   9.38    -38.8    -41.5    2.7  0.0013       0.1
   9.47    -38.5    -40.7    2.2  0.0010       0.3
   9.57    -38.4    -41.0    2.6  0.0014       0.9
   9.66    -40.1    -44.0    4.0  0.0007      -2.1
   9.75    -38.9    -42.6    3.7  0.0008      -1.0
   9.85    -39.2    -42.2    3.1  0.0010      -2.2
   9.94    -40.1    -42.7    2.5  0.0018      -3.3
  10.03    -38.3    -42.0    3.7  0.0021      -1.1
  10.12    -37.5    -41.6    4.1  0.0012       1.1
  10.22    -34.1    -41.7    7.6  0.0010       5.3
  10.31    -33.6    -42.1    8.5  0.0004       6.5
  10.40    -36.8    -39.4    2.6  0.0017       1.5
  10.50    -33.6    -35.3    1.7  0.0013       5.8
  10.59    -31.9    -32.9    1.0  0.0006       6.7
  10.68    -30.3    -32.6    2.3  0.0015       8.7
  10.77    -31.8    -36.6    4.8  0.0010       5.1
  10.87    -31.5    -36.5    4.9  0.0010       5.7
  10.96    -31.6    -35.0    3.5  0.0011       7.1
  11.05    -33.5    -37.5    3.9  0.0011       5.0
  11.15    -35.3    -39.1    3.8  0.0008       3.9
  11.24    -36.6    -39.6    3.0  0.0010       1.5
  11.33    -37.2    -40.3    3.1  0.0009       1.0
  11.42    -37.1    -39.4    2.3  0.0013      -0.3
  11.52    -33.5    -35.0    1.5  0.0005       2.6
  11.61    -32.3    -35.4    3.1  0.0004       6.5
  11.70    -32.6    -35.5    2.9  0.0005       5.2
  11.80    -31.2    -35.9    4.6  0.0002       5.0
  11.89    -29.1    -35.2    6.1  0.0002       6.6
  11.98    -27.8    -35.8    8.0  0.0002      11.9
===== y0BLD9Lxzzk
      t   rms dB  harm dB   diff    flat  250-1200
   0.00    -70.0    -78.9    8.9  0.0102     -47.8
   0.09    -69.3    -77.3    8.0  0.0162     -47.3
   0.19    -70.7    -78.2    7.5  0.0320     -46.8
   0.28    -71.9    -79.1    7.2  0.0230     -47.2
   0.37    -71.0    -80.5    9.5  0.0221     -47.8
   0.46    -68.7    -76.6    7.9  0.0148     -47.0
   0.56    -69.9    -77.3    7.4  0.0186     -47.6
   0.65    -71.8    -78.5    6.6  0.0300     -46.3
   0.74    -70.4    -78.1    7.7  0.0206     -47.2
   0.84    -69.0    -73.3    4.3  0.0238     -48.1
   0.93    -71.1    -76.7    5.5  0.0280     -47.1
   1.02    -71.0    -79.1    8.1  0.0357     -45.8
   1.11    -70.8    -81.2   10.4  0.0215     -48.8
   1.21    -71.2    -80.8    9.6  0.0244     -45.8
   1.30    -68.5    -75.8    7.4  0.0143     -47.2
   1.39    -69.4    -78.7    9.3  0.0158     -47.2
   1.49    -70.2    -78.0    7.9  0.0187     -46.7
   1.58    -70.1    -79.9    9.8  0.0232     -49.4
   1.67    -69.4    -82.0   12.5  0.0183     -49.1
   1.76    -69.5    -79.7   10.3  0.0249     -49.4
   1.86    -70.5    -80.5   10.0  0.0248     -48.8
   1.95    -71.4    -77.1    5.7  0.0203     -48.9
   2.04    -63.0    -73.5   10.6  0.0167     -42.8
   2.14    -45.0    -51.2    6.2  0.0015     -10.5
   2.23    -40.4    -41.4    1.1  0.0006      -3.2
   2.32    -34.4    -34.8    0.4  0.0002      -3.3
   2.41    -30.9    -31.2    0.3  0.0002       1.4
   2.51    -26.3    -27.0    0.7  0.0001       5.2
   2.60    -25.2    -25.8    0.6  0.0001       7.6
   2.69    -25.9    -26.6    0.7  0.0001       5.2
   2.79    -26.3    -27.0    0.7  0.0001       4.8
   2.88    -25.0    -26.6    1.5  0.0001      10.4
   2.97    -26.6    -27.5    1.0  0.0001       6.3
   3.07    -29.1    -30.0    0.9  0.0001      -0.3
   3.16    -33.0    -34.6    1.7  0.0003       1.4
   3.25    -28.6    -33.3    4.8  0.0001      10.0
   3.34    -29.1    -32.3    3.1  0.0001       9.3
   3.44    -29.7    -32.3    2.6  0.0002       9.0
   3.53    -31.0    -34.1    3.0  0.0003       6.5
   3.62    -26.9    -30.3    3.4  0.0003      12.9
   3.72    -28.6    -31.4    2.7  0.0002      10.0
   3.81    -35.4    -37.5    2.0  0.0010       2.2
   3.90    -34.6    -41.0    6.4  0.0010       1.9
   3.99    -32.9    -39.8    6.9  0.0007       5.5
   4.09    -34.3    -38.0    3.8  0.0011       3.4
   4.18    -35.7    -38.6    2.9  0.0017      -0.5
   4.27    -27.7    -29.5    1.8  0.0003      10.4
   4.37    -26.0    -26.7    0.7  0.0003      11.5
   4.46    -27.8    -28.2    0.4  0.0002       8.2
   4.55    -29.6    -30.1    0.5  0.0004       6.0
   4.64    -24.9    -26.8    1.9  0.0001      13.1
   4.74    -24.5    -26.4    1.9  0.0001      13.2
   4.83    -26.4    -28.5    2.1  0.0001      10.4
   4.92    -30.4    -34.9    4.6  0.0003       3.8
   5.02    -30.2    -34.1    4.0  0.0002       2.3
   5.11    -31.2    -33.6    2.4  0.0003       2.6
   5.20    -32.0    -34.8    2.8  0.0006       3.0
   5.29    -25.8    -29.2    3.4  0.0004      12.9
   5.39    -22.9    -24.2    1.3  0.0001      15.7
   5.48    -25.9    -27.0    1.1  0.0001      13.9
   5.57    -30.1    -31.6    1.6  0.0005       7.5
   5.67    -26.0    -30.3    4.3  0.0003      13.1
   5.76    -26.2    -29.0    2.8  0.0001      13.2
   5.85    -28.5    -31.3    2.8  0.0001      10.7
   5.94    -31.5    -35.1    3.6  0.0001       7.1
   6.04    -29.0    -33.9    4.9  0.0002      10.4
   6.13    -30.1    -33.5    3.4  0.0001       8.8
   6.22    -30.8    -33.8    3.0  0.0002       8.1
   6.32    -33.0    -35.1    2.1  0.0003       5.8
   6.41    -27.5    -34.0    6.5  0.0001      12.0
   6.50    -27.7    -31.0    3.3  0.0001      10.6
   6.59    -30.0    -31.5    1.6  0.0001       8.2
   6.69    -30.9    -32.1    1.2  0.0002       7.4
   6.78    -29.0    -32.5    3.5  0.0001      10.1
   6.87    -30.4    -33.2    2.8  0.0001       8.7
   6.97    -33.0    -35.4    2.3  0.0002       4.8
   7.06    -33.7    -35.3    1.6  0.0002       4.9
   7.15    -33.6    -39.1    5.5  0.0002       5.3
   7.24    -37.9    -41.1    3.2  0.0004       0.3
   7.34    -36.0    -40.2    4.3  0.0003       2.2
   7.43    -33.3    -38.5    5.2  0.0004       3.1
   7.52    -29.9    -33.0    3.0  0.0001       7.5
   7.62    -30.2    -33.1    2.9  0.0001       8.7
   7.71    -28.0    -32.4    4.5  0.0001      11.6
   7.80    -30.1    -33.9    3.9  0.0002       6.1
   7.89    -28.2    -29.7    1.6  0.0001       5.9
   7.99    -26.9    -30.1    3.2  0.0001       7.4
   8.08    -28.1    -31.1    3.1  0.0001       5.0
   8.17    -28.7    -34.1    5.4  0.0003       7.8
   8.27    -29.4    -34.9    5.5  0.0003       8.0
   8.36    -29.5    -35.0    5.5  0.0007       8.4
   8.45    -30.7    -35.2    4.6  0.0007       7.1
   8.54    -30.8    -35.7    4.9  0.0004       6.1
   8.64    -27.4    -33.7    6.2  0.0003      10.0
   8.73    -27.6    -31.4    3.8  0.0003      11.4
   8.82    -29.7    -35.3    5.6  0.0005       7.8
   8.92    -27.8    -32.0    4.2  0.0001      11.1
   9.01    -26.0    -34.2    8.2  0.0001      12.4
   9.10    -25.3    -34.1    8.7  0.0001      13.6
   9.20    -28.3    -36.0    7.8  0.0002       9.1
   9.29    -28.0    -34.7    6.7  0.0002       8.1
   9.38    -25.4    -29.3    3.9  0.0001      13.0
   9.47    -30.7    -33.1    2.4  0.0004       8.6
   9.57    -33.8    -40.4    6.5  0.0005       3.8
   9.66    -33.8    -41.2    7.5  0.0005       4.3
   9.75    -27.5    -35.3    7.8  0.0001      11.9
   9.85    -33.0    -37.0    4.0  0.0006       4.0
   9.94    -35.0    -39.3    4.3  0.0003       4.4
  10.03    -30.9    -37.4    6.5  0.0004       7.2
  10.12    -28.2    -33.2    5.0  0.0003      10.9
  10.22    -30.2    -34.2    4.0  0.0009       7.5
  10.31    -29.5    -32.9    3.4  0.0008       8.2
  10.40    -26.9    -34.5    7.6  0.0021      10.1
  10.50    -31.5    -34.9    3.4  0.0008       5.8
  10.59    -26.4    -32.9    6.5  0.0010      11.4
  10.68    -24.0    -27.6    3.6  0.0002      15.3
  10.77    -27.4    -31.0    3.6  0.0003      11.7
  10.87    -33.8    -37.3    3.6  0.0011       4.2
  10.96    -35.4    -38.3    2.9  0.0018       1.6
  11.05    -37.1    -39.0    1.9  0.0017       0.5
  11.15    -40.3    -45.3    5.0  0.0096      -4.8
  11.24    -35.1    -37.8    2.7  0.0004       4.8
  11.33    -40.1    -44.1    4.0  0.0029      -3.7
  11.42    -42.6    -45.6    2.9  0.0019      -4.6
  11.52    -45.3    -48.2    2.9  0.0028      -6.7
  11.61    -44.5    -46.8    2.4  0.0015      -6.3
  11.70    -34.0    -43.5    9.5  0.0002       6.5
  11.80    -33.8    -36.9    3.1  0.0002       5.4
  11.89    -33.0    -37.6    4.6  0.0002       6.3
  11.98    -35.8    -44.3    8.5  0.0005      -0.3
===== Td82HXpmhl8
      t   rms dB  harm dB   diff    flat  250-1200
   0.00   -100.3   -115.3   14.9  0.5624     -71.4
   0.09    -96.6   -106.4    9.7  0.4445     -69.0
   0.19    -94.2   -105.7   11.5  0.2679     -70.2
   0.28    -85.7    -88.3    2.6  0.0508     -67.8
   0.37    -79.9    -82.9    2.9  0.0083     -65.3
   0.46    -78.4    -83.6    5.2  0.0104     -63.3
   0.56    -82.8    -86.9    4.0  0.0467     -62.3
   0.65    -76.2    -81.0    4.8  0.0103     -62.4
   0.74    -77.6    -81.1    3.5  0.0178     -58.5
   0.84    -75.1    -78.0    2.9  0.0072     -58.4
   0.93    -70.0    -72.9    2.9  0.0024     -58.5
   1.02    -66.7    -70.2    3.5  0.0010     -55.2
   1.11    -67.6    -70.8    3.2  0.0016     -55.2
   1.21    -66.8    -71.5    4.7  0.0012     -55.3
   1.30    -70.9    -74.0    3.0  0.0036     -53.4
   1.39    -68.1    -71.9    3.9  0.0041     -54.0
   1.49    -61.5    -63.5    2.0  0.0003     -56.0
   1.58    -68.3    -74.3    6.0  0.0023     -51.5
   1.67    -64.2    -67.8    3.5  0.0014     -51.7
   1.76    -60.7    -63.3    2.7  0.0006     -50.3
   1.86    -65.4    -69.5    4.1  0.0024     -48.1
   1.95    -64.2    -68.0    3.8  0.0017     -44.3
   2.04    -65.9    -69.3    3.4  0.0070     -46.6
   2.14    -57.2    -65.9    8.7  0.0070     -36.3
   2.23    -41.9    -46.5    4.6  0.0044      -6.1
   2.32    -34.4    -37.7    3.3  0.0015       1.2
   2.41    -35.5    -40.8    5.3  0.0060      -0.5
   2.51    -29.6    -31.5    1.9  0.0014       9.7
   2.60    -29.9    -30.9    0.9  0.0009       6.8
   2.69    -32.6    -33.2    0.6  0.0004       2.4
   2.79    -34.9    -35.3    0.4  0.0003       2.9
   2.88    -36.5    -37.3    0.8  0.0006       0.5
   2.97    -34.0    -35.9    1.9  0.0020       2.7
   3.07    -30.2    -31.8    1.5  0.0009       4.2
   3.16    -24.3    -30.7    6.4  0.0006      13.6
   3.25    -20.9    -28.3    7.4  0.0005      15.2
   3.34    -21.1    -26.4    5.4  0.0006      16.8
   3.44    -20.4    -24.5    4.2  0.0005      17.1
   3.53    -19.2    -21.4    2.2  0.0004      17.0
   3.62    -16.9    -18.7    1.8  0.0002      20.1
   3.72    -16.8    -18.4    1.7  0.0002      18.9
   3.81    -17.2    -18.7    1.4  0.0003      18.5
   3.90    -17.6    -19.3    1.8  0.0003      18.1
   3.99    -18.5    -20.3    1.8  0.0003      18.0
   4.09    -19.8    -21.7    1.9  0.0006      15.3
   4.18    -21.2    -23.3    2.1  0.0005      13.1
   4.27    -21.6    -23.9    2.3  0.0005      13.1
   4.37    -21.6    -23.6    2.0  0.0009      13.7
   4.46    -19.4    -22.0    2.5  0.0006      18.0
   4.55    -19.1    -21.2    2.1  0.0006      15.1
   4.64    -17.3    -19.3    2.0  0.0003      20.1
   4.74    -19.2    -21.2    2.0  0.0006      17.7
   4.83    -19.7    -22.6    2.9  0.0009      17.9
   4.92    -19.0    -22.1    3.0  0.0007      18.4
   5.02    -19.8    -22.7    2.9  0.0009      17.8
   5.11    -18.8    -21.6    2.8  0.0007      18.3
   5.20    -19.0    -22.0    3.0  0.0005      17.4
   5.29    -19.1    -22.3    3.2  0.0006      18.6
   5.39    -19.4    -22.1    2.6  0.0007      18.0
   5.48    -20.4    -23.7    3.4  0.0007      15.0
   5.57    -19.9    -21.7    1.8  0.0004      11.4
   5.67    -17.8    -21.3    3.6  0.0006      15.1
   5.76    -18.4    -23.9    5.5  0.0006      14.4
   5.85    -19.9    -24.7    4.8  0.0010      17.2
   5.94    -20.1    -23.7    3.6  0.0011      17.8
   6.04    -19.8    -22.7    2.9  0.0012      18.7
   6.13    -20.1    -23.5    3.5  0.0012      18.4
   6.22    -21.2    -23.7    2.5  0.0013      17.9
   6.32    -21.2    -23.2    2.0  0.0011      17.3
   6.41    -22.4    -24.5    2.1  0.0008      15.7
   6.50    -23.3    -25.4    2.1  0.0008      15.4
   6.59    -25.8    -28.3    2.5  0.0006      12.4
   6.69    -27.7    -31.4    3.7  0.0003      10.9
   6.78    -31.0    -34.0    3.0  0.0004       4.3
   6.87    -32.0    -33.7    1.8  0.0002       1.2
   6.97    -33.1    -35.1    2.0  0.0001       2.3
   7.06    -35.8    -38.8    3.0  0.0001      -1.9
   7.15    -40.6    -44.2    3.6  0.0003      -5.9
   7.24    -42.5    -45.1    2.6  0.0002      -9.2
   7.34    -43.0    -44.4    1.4  0.0002     -10.0
   7.43    -32.8    -35.7    2.9  0.0020      -0.7
   7.52    -19.2    -29.6   10.3  0.0009      18.0
   7.62    -17.6    -25.8    8.2  0.0005      17.0
   7.71    -18.7    -26.0    7.2  0.0010      18.9
   7.80    -18.8    -25.0    6.2  0.0005      18.7
   7.89    -22.6    -27.1    4.5  0.0002      16.1
   7.99    -25.6    -28.7    3.0  0.0002      10.1
   8.08    -23.5    -28.9    5.4  0.0006      13.4
   8.17    -20.6    -25.9    5.3  0.0018      17.0
   8.27    -20.0    -25.0    5.0  0.0017      16.7
   8.36    -20.6    -24.1    3.5  0.0011      15.2
   8.45    -20.4    -22.3    1.9  0.0003      12.7
   8.54    -22.3    -23.5    1.2  0.0001       9.4
   8.64    -25.2    -27.5    2.3  0.0004       9.3
   8.73    -17.8    -22.8    4.9  0.0004      17.9
   8.82    -15.4    -18.4    3.0  0.0006      21.2
   8.92    -16.6    -19.4    2.8  0.0004      19.0
   9.01    -21.2    -23.6    2.4  0.0003      14.1
   9.10    -24.4    -27.5    3.0  0.0002      10.9
   9.20    -25.4    -27.6    2.2  0.0001       9.4
   9.29    -18.8    -25.2    6.4  0.0007      16.4
   9.38    -16.2    -24.2    8.0  0.0005      19.1
   9.47    -16.3    -23.4    7.1  0.0005      19.6
   9.57    -18.2    -23.7    5.5  0.0004      17.2
   9.66    -22.6    -25.6    2.9  0.0002      10.4
   9.75    -26.5    -30.3    3.7  0.0002       9.2
   9.85    -25.2    -30.3    5.1  0.0005      11.2
   9.94    -19.3    -24.9    5.6  0.0010      15.2
  10.03    -16.1    -20.9    4.8  0.0004      20.2
  10.12    -16.6    -19.9    3.3  0.0002      19.6
  10.22    -19.1    -20.8    1.7  0.0001      14.5
  10.31    -21.0    -22.6    1.5  0.0000      12.2
  10.40    -23.8    -25.6    1.8  0.0000       7.1
  10.50    -22.5    -24.9    2.3  0.0008      11.7
  10.59    -18.4    -21.9    3.5  0.0007      15.3
  10.68    -17.1    -20.0    2.9  0.0004      16.4
  10.77    -17.5    -20.7    3.2  0.0002      15.4
  10.87    -18.3    -21.6    3.2  0.0001      12.4
  10.96    -21.6    -24.6    3.0  0.0000       9.2
  11.05    -24.5    -27.1    2.6  0.0000       9.4
  11.15    -24.8    -30.1    5.4  0.0002       8.9
  11.24    -24.5    -32.0    7.5  0.0002      10.9
  11.33    -23.7    -30.6    7.0  0.0001      13.8
  11.42    -27.3    -32.5    5.2  0.0001       8.9
  11.52    -29.6    -32.9    3.3  0.0002       4.5
  11.61    -30.0    -32.6    2.6  0.0000       7.2
  11.70    -31.0    -34.6    3.6  0.0000       7.2
  11.80    -35.6    -38.7    3.1  0.0001       1.5
  11.89    -40.2    -43.1    2.9  0.0001      -4.0
  11.98    -41.3    -43.8    2.5  0.0008      -3.4
===== OMMtrrWpKH8
      t   rms dB  harm dB   diff    flat  250-1200
   0.00   -105.0   -119.9   14.9  0.5659     -77.4
   0.09   -100.7   -119.2   18.5  0.5827     -72.7
   0.19   -100.3   -117.6   17.3  0.5292     -71.8
   0.28    -99.2   -115.1   15.9  0.5140     -71.1
   0.37    -93.3   -103.5   10.1  0.1848     -62.4
   0.46    -87.5    -93.6    6.1  0.0413     -61.7
   0.56    -86.0    -93.3    7.3  0.0477     -60.0
   0.65    -83.4    -89.7    6.3  0.0337     -58.3
   0.74    -79.2    -85.7    6.5  0.0122     -55.7
   0.84    -80.9    -92.0   11.0  0.0419     -55.5
   0.93    -80.9    -90.8    9.9  0.0461     -54.0
   1.02    -79.2    -90.9   11.7  0.0155     -51.3
   1.11    -78.6    -89.5   10.9  0.0223     -51.3
   1.21    -78.3    -91.8   13.6  0.0200     -50.6
   1.30    -76.4    -90.1   13.7  0.0135     -50.8
   1.39    -76.2    -87.7   11.5  0.0149     -50.7
   1.49    -75.2    -83.9    8.6  0.0113     -49.3
   1.58    -74.9    -87.0   12.0  0.0169     -48.3
   1.67    -74.9    -86.2   11.3  0.0123     -48.8
   1.76    -74.2    -82.1    7.9  0.0106     -49.1
   1.86    -73.7    -82.7    9.1  0.0103     -48.0
   1.95    -71.2    -81.9   10.7  0.0049     -47.8
   2.04    -66.9    -77.4   10.5  0.0158     -44.0
   2.14    -35.5    -38.5    3.0  0.0031       0.5
   2.23    -32.5    -34.9    2.4  0.0057       0.7
   2.32    -24.4    -26.4    1.9  0.0008      11.8
   2.41    -24.5    -24.9    0.4  0.0001       1.5
   2.51    -31.2    -31.6    0.3  0.0001      -2.8
   2.60    -31.6    -31.7    0.1  0.0001      -5.8
   2.69    -33.2    -33.6    0.4  0.0005      -8.1
   2.79    -30.3    -32.4    2.0  0.0023       9.3
   2.88    -22.2    -32.4   10.2  0.0022      13.5
   2.97    -17.7    -26.3    8.6  0.0011      18.2
   3.07    -17.0    -25.8    8.8  0.0010      17.7
   3.16    -19.9    -25.2    5.3  0.0011      16.8
   3.25    -18.6    -22.5    3.9  0.0007      19.3
   3.34    -19.5    -23.8    4.3  0.0008      17.1
   3.44    -19.4    -25.2    5.9  0.0006      20.3
   3.53    -20.6    -26.1    5.6  0.0003      15.3
   3.62    -20.4    -26.3    5.9  0.0002      15.1
   3.72    -23.4    -27.2    3.8  0.0007      14.2
   3.81    -25.5    -28.7    3.3  0.0003      11.3
   3.90    -22.8    -27.0    4.2  0.0014      12.0
   3.99    -16.7    -20.1    3.4  0.0011      21.1
   4.09    -16.1    -18.5    2.4  0.0008      21.5
   4.18    -16.3    -18.0    1.7  0.0009      22.5
   4.27    -15.8    -17.7    1.8  0.0006      22.5
   4.37    -15.3    -17.5    2.2  0.0005      22.8
   4.46    -15.9    -18.8    2.9  0.0003      21.1
   4.55    -17.3    -19.9    2.6  0.0003      20.2
   4.64    -17.4    -22.1    4.7  0.0001      19.6
   4.74    -19.1    -25.4    6.3  0.0006      17.6
   4.83    -21.2    -27.1    5.9  0.0004      15.3
   4.92    -24.0    -30.0    6.0  0.0008      13.4
   5.02    -21.2    -31.8   10.6  0.0046      15.5
   5.11    -16.7    -24.0    7.3  0.0021      18.0
   5.20    -18.0    -24.1    6.1  0.0017      19.5
   5.29    -19.1    -23.7    4.6  0.0011      16.8
   5.39    -19.0    -23.5    4.5  0.0009      17.8
   5.48    -19.3    -24.1    4.8  0.0015      16.8
   5.57    -20.3    -23.7    3.4  0.0012      14.8
   5.67    -22.1    -24.7    2.6  0.0004       9.9
   5.76    -25.1    -27.2    2.1  0.0002       8.8
   5.85    -31.4    -35.1    3.7  0.0003       3.6
   5.94    -36.0    -40.1    4.1  0.0004      -0.5
   6.04    -36.8    -40.2    3.4  0.0005      -2.7
   6.13    -41.1    -44.1    3.1  0.0007      -6.8
   6.22    -42.2    -45.3    3.1  0.0003      -6.6
   6.32    -44.2    -47.3    3.2  0.0003      -8.4
   6.41    -32.6    -44.2   11.6  0.0007      -4.6
   6.50    -20.5    -27.0    6.5  0.0007      16.0
   6.59    -20.2    -26.1    5.9  0.0010      16.5
   6.69    -21.2    -26.7    5.5  0.0004      15.9
   6.78    -24.2    -27.5    3.3  0.0002      11.8
   6.87    -26.9    -29.9    3.0  0.0001      11.4
   6.97    -28.8    -35.6    6.8  0.0010       6.7
   7.06    -17.9    -31.6   13.6  0.0013      21.0
   7.15    -19.3    -24.9    5.6  0.0013      16.5
   7.24    -23.0    -28.6    5.5  0.0004      14.5
   7.34    -27.7    -30.3    2.6  0.0003       8.4
   7.43    -25.7    -34.3    8.6  0.0002       8.1
   7.52    -17.0    -28.6   11.6  0.0008      20.1
   7.62    -14.5    -25.1   10.6  0.0004      22.1
   7.71    -16.8    -22.7    6.0  0.0001      19.7
   7.80    -22.1    -25.3    3.3  0.0001      12.2
   7.89    -26.5    -29.0    2.5  0.0001       8.3
   7.99    -19.8    -28.2    8.4  0.0011      16.0
   8.08    -14.3    -24.2    9.9  0.0010      23.8
   8.17    -16.0    -22.4    6.4  0.0003      20.6
   8.27    -20.9    -23.7    2.8  0.0001      12.8
   8.36    -26.1    -28.3    2.2  0.0001       7.9
   8.45    -25.3    -32.0    6.7  0.0007      10.4
   8.54    -16.1    -28.3   12.2  0.0012      21.0
   8.64    -14.2    -23.0    8.8  0.0002      24.0
   8.73    -18.2    -23.5    5.3  0.0001      19.9
   8.82    -23.3    -26.2    2.9  0.0001      12.3
   8.92    -25.3    -27.1    1.8  0.0001       9.1
   9.01    -19.7    -29.4    9.6  0.0011      14.4
   9.10    -15.1    -28.0   12.9  0.0013      21.1
   9.20    -14.2    -28.1   13.9  0.0002      21.7
   9.29    -17.9    -27.6    9.7  0.0001      16.8
   9.38    -22.6    -27.3    4.7  0.0001      11.8
   9.47    -26.5    -31.1    4.6  0.0001       9.5
   9.57    -21.9    -29.6    7.7  0.0006      15.3
   9.66    -23.0    -29.3    6.3  0.0003      14.5
   9.75    -25.3    -30.2    4.9  0.0001      11.0
   9.85    -27.3    -32.1    4.9  0.0000       7.7
   9.94    -30.3    -36.0    5.7  0.0000       4.5
  10.03    -36.1    -43.2    7.1  0.0002       0.7
  10.12    -39.2    -44.7    5.5  0.0003      -4.2
  10.22    -41.3    -48.2    6.9  0.0004      -5.4
  10.31    -42.6    -48.5    5.9  0.0002      -7.2
  10.40    -45.2    -50.8    5.6  0.0002     -13.0
  10.50    -46.0    -53.2    7.1  0.0003     -12.9
  10.59    -48.4    -56.6    8.1  0.0008     -15.2
  10.68    -48.8    -54.9    6.2  0.0022     -13.1
  10.77    -44.7    -47.2    2.5  0.0014      -6.5
  10.87    -42.5    -43.6    1.1  0.0016      -6.5
  10.96    -36.7    -37.0    0.3  0.0008      -5.1
  11.05    -31.5    -31.8    0.3  0.0003       5.6
  11.15    -30.8    -31.0    0.3  0.0004       4.2
  11.24    -29.3    -29.9    0.6  0.0004       4.5
  11.33    -30.7    -31.0    0.4  0.0002       8.9
  11.42    -30.0    -30.3    0.3  0.0001       7.6
  11.52    -34.4    -34.7    0.3  0.0003       4.5
  11.61    -37.5    -37.7    0.2  0.0006      -0.3
  11.70    -40.3    -40.8    0.6  0.0005      -6.6
  11.80    -42.2    -44.0    1.8  0.0013      -3.2
  11.89    -38.4    -40.5    2.1  0.0008      -2.8
  11.98    -36.9    -40.7    3.8  0.0019      -1.2
===== kqX-7BWpQAo
      t   rms dB  harm dB   diff    flat  250-1200
   0.00   -200.0   -200.0    0.0  1.0000    -194.0
   0.09   -200.0   -200.0    0.0  1.0000    -194.0
   0.19   -200.0   -200.0    0.0  1.0000    -194.0
   0.28   -200.0   -200.0    0.0  1.0000    -194.0
   0.37   -200.0   -200.0    0.0  1.0000    -194.0
   0.46   -200.0   -200.0    0.0  1.0000    -194.0
   0.56   -200.0   -200.0    0.0  1.0000    -194.0
   0.65   -200.0   -200.0    0.0  1.0000    -194.0
   0.74   -200.0   -200.0    0.0  1.0000    -194.0
   0.84   -200.0   -200.0    0.0  1.0000    -194.0
   0.93   -200.0   -159.2  -40.8  1.0000    -194.0
   1.02    -96.8   -106.1    9.3  0.0125     -74.8
   1.11    -93.4   -100.8    7.4  0.0199     -64.9
   1.21    -92.1    -96.1    4.0  0.0386     -70.8
   1.30    -90.4    -99.1    8.6  0.0286     -63.0
   1.39    -88.9    -99.6   10.7  0.0110     -63.8
   1.49    -87.1    -98.8   11.7  0.0123     -64.5
   1.58    -85.5    -93.9    8.5  0.0135     -64.8
   1.67    -83.4    -90.0    6.6  0.0091     -64.5
   1.76    -76.1    -78.8    2.7  0.0021     -63.2
   1.86    -73.6    -76.6    3.0  0.0024     -63.7
   1.95    -73.4    -75.2    1.8  0.0030     -64.9
   2.04    -70.8    -72.9    2.1  0.0008     -63.4
   2.14    -76.2    -79.0    2.8  0.0017     -64.0
   2.23    -74.8    -77.2    2.4  0.0022     -62.3
   2.32    -71.2    -73.4    2.1  0.0009     -62.3
   2.41    -67.4    -69.9    2.6  0.0004     -61.2
   2.51    -73.1    -77.0    3.9  0.0016     -60.5
   2.60    -64.9    -67.2    2.3  0.0004     -59.5
   2.69    -72.1    -75.3    3.2  0.0012     -55.9
   2.79    -67.3    -71.7    4.4  0.0010     -57.5
   2.88    -70.9    -76.6    5.7  0.0045     -56.1
   2.97    -68.2    -75.4    7.2  0.0012     -54.0
   3.07    -71.0    -78.1    7.1  0.0026     -56.0
   3.16    -67.5    -70.1    2.7  0.0008     -56.6
   3.25    -61.4    -63.9    2.5  0.0002     -56.0
   3.34    -63.6    -68.0    4.4  0.0004     -55.7
   3.44    -60.3    -62.7    2.4  0.0002     -54.4
   3.53    -65.4    -68.9    3.5  0.0017     -54.7
   3.62    -68.1    -72.2    4.1  0.0019     -50.7
   3.72    -57.2    -70.1   12.9  0.0103     -30.0
   3.81    -41.7    -55.0   13.3  0.0014      -3.7
   3.90    -40.6    -47.5    6.9  0.0015      -3.1
   3.99    -37.1    -39.2    2.1  0.0001      -6.9
   4.09    -44.3    -46.4    2.1  0.0006     -12.0
   4.18    -45.4    -48.2    2.8  0.0006     -10.9
   4.27    -41.1    -46.1    4.9  0.0024      -4.3
   4.37    -39.2    -43.3    4.1  0.0046      -3.0
   4.46    -27.6    -31.9    4.3  0.0005      10.8
   4.55    -25.4    -27.8    2.4  0.0004      13.0
   4.64    -23.9    -25.9    2.0  0.0003      13.4
   4.74    -23.6    -25.4    1.7  0.0003      12.8
   4.83    -22.9    -24.8    1.9  0.0002      14.1
   4.92    -22.6    -24.9    2.4  0.0002      13.6
   5.02    -23.8    -26.8    3.0  0.0002      12.3
   5.11    -25.0    -29.0    4.0  0.0004      11.2
   5.20    -25.4    -29.4    4.0  0.0002      10.1
   5.29    -27.1    -30.3    3.2  0.0001       7.5
   5.39    -26.4    -30.5    4.1  0.0012      10.7
   5.48    -23.1    -26.2    3.1  0.0005      14.0
   5.57    -21.9    -25.0    3.1  0.0005      14.0
   5.67    -21.5    -24.8    3.3  0.0005      15.4
   5.76    -22.5    -26.3    3.8  0.0007      12.2
   5.85    -21.3    -24.7    3.4  0.0006      13.3
   5.94    -21.8    -24.9    3.1  0.0003      15.3
   6.04    -22.0    -26.5    4.5  0.0002      11.8
   6.13    -23.2    -30.7    7.5  0.0006      11.0
   6.22    -22.7    -29.8    7.1  0.0001      12.3
   6.32    -23.4    -30.8    7.3  0.0002       9.7
   6.41    -20.6    -28.0    7.4  0.0008      16.7
   6.50    -22.1    -27.9    5.8  0.0007      14.6
   6.59    -23.4    -30.4    7.1  0.0005      12.7
   6.69    -23.9    -31.3    7.4  0.0005      13.3
   6.78    -22.5    -29.6    7.1  0.0006      13.5
   6.87    -23.8    -28.6    4.8  0.0013      11.6
   6.97    -23.6    -26.7    3.1  0.0003      11.0
   7.06    -24.0    -25.6    1.5  0.0001       6.9
   7.15    -24.5    -25.6    1.0  0.0000       6.5
   7.24    -26.1    -27.0    0.9  0.0001       3.9
   7.34    -28.3    -29.9    1.6  0.0001      -0.9
   7.43    -30.0    -31.3    1.4  0.0000      -4.3
   7.52    -32.6    -34.2    1.5  0.0000      -4.0
   7.62    -35.1    -36.1    1.0  0.0000      -7.5
   7.71    -29.2    -38.4    9.2  0.0013       4.6
   7.80    -23.2    -33.2   10.0  0.0009      11.4
   7.89    -23.2    -29.6    6.4  0.0002      12.1
   7.99    -24.6    -30.1    5.5  0.0001      12.0
   8.08    -27.6    -31.7    4.2  0.0001       9.4
   8.17    -28.6    -37.4    8.8  0.0016       7.0
   8.27    -21.5    -27.2    5.7  0.0018      13.6
   8.36    -16.7    -19.1    2.4  0.0001      14.0
   8.45    -22.5    -24.0    1.5  0.0001      11.4
   8.54    -27.7    -30.1    2.4  0.0001       9.0
   8.64    -23.7    -26.7    3.0  0.0003       6.7
   8.73    -19.2    -23.7    4.5  0.0007      17.0
   8.82    -19.7    -21.2    1.4  0.0001       9.2
   8.92    -23.0    -24.8    1.8  0.0001       8.6
   9.01    -27.0    -29.4    2.4  0.0001       7.4
   9.10    -25.1    -30.4    5.3  0.0005       8.6
   9.20    -20.5    -28.1    7.6  0.0006      16.2
   9.29    -23.1    -29.2    6.1  0.0002      13.7
   9.38    -25.4    -30.8    5.4  0.0001      11.5
   9.47    -26.3    -30.3    4.0  0.0000       9.8
   9.57    -27.3    -32.3    5.0  0.0007       7.7
   9.66    -21.5    -30.1    8.6  0.0007      15.5
   9.75    -22.3    -30.6    8.3  0.0001      14.6
   9.85    -24.4    -31.9    7.5  0.0001      12.0
   9.94    -27.9    -32.7    4.8  0.0001       6.5
  10.03    -28.3    -36.0    7.7  0.0009       5.4
  10.12    -20.0    -30.5   10.5  0.0006      17.8
  10.22    -23.1    -32.9    9.8  0.0003      12.7
  10.31    -26.5    -35.2    8.7  0.0001      10.1
  10.40    -28.1    -33.8    5.7  0.0001       6.9
  10.50    -29.4    -35.3    5.9  0.0002       4.7
  10.59    -24.3    -34.9   10.6  0.0004      12.1
  10.68    -25.4    -34.3    8.9  0.0001       6.5
  10.77    -28.6    -37.4    8.8  0.0000       4.3
  10.87    -30.4    -38.3    7.9  0.0001       4.1
  10.96    -32.5    -41.7    9.1  0.0000       3.3
  11.05    -33.9    -39.3    5.4  0.0000      -2.0
  11.15    -35.8    -41.2    5.4  0.0000      -5.7
  11.24    -37.5    -43.2    5.7  0.0001      -5.6
  11.33    -37.7    -43.0    5.3  0.0000      -7.3
  11.42    -39.6    -44.5    4.9  0.0001     -11.6
  11.52    -41.4    -44.5    3.2  0.0002     -12.0
  11.61    -42.0    -44.8    2.8  0.0002     -12.8
  11.70    -40.6    -42.6    2.1  0.0003      -4.3
  11.80    -40.7    -42.2    1.5  0.0004      -3.7
  11.89    -38.5    -39.7    1.1  0.0003      -1.3
  11.98    -41.1    -43.2    2.0  0.0010      -7.0
