
■ piece 207  파반느 F#단조 Op. 50 (관현악판)
   tuning +0.000  Neville Marriner         moT3BcFocLY
   tuning +0.090  Michael Tilson Thomas    sXq75AFhanQ
   tuning +0.150  Eugene Ormandy           SWa-9eLmpIQ
   회전 Neville Marr ↔ Michael Tils: 0:0.068  1:0.367  2:0.304  3:0.326  4:0.357  5:0.311  6:0.340  7:0.283  8:0.349  9:0.365  10:0.310  11:0.362
      최저 0반음 (0.0678)
   회전 Neville Marr ↔ Eugene Orman: 0:0.069  1:0.372  2:0.309  3:0.321  4:0.337  5:0.300  6:0.359  7:0.289  8:0.345  9:0.316  10:0.284  11:0.354
      최저 0반음 (0.0694)

■ piece 208  시칠리엔 Op. 78 (첼로와 피아노 원곡)
   tuning +0.030  Steven Isserlis          byDBJ8yDxO8
   tuning +0.060  Yo-Yo Ma                 ccGKNopFzUA
   tuning +0.060  Gautier Capuçon          YuCYg9_Dg_w
   회전 Steven Isser ↔ Yo-Yo Ma: 0:0.061  1:0.418  2:0.384  3:0.375  4:0.391  5:0.272  6:0.452  7:0.268  8:0.388  9:0.389  10:0.328  11:0.395
      최저 0반음 (0.0606)
   회전 Steven Isser ↔ Gautier Capu: 0:0.068  1:0.427  2:0.370  3:0.401  4:0.325  5:0.288  6:0.462  7:0.283  8:0.369  9:0.363  10:0.354  11:0.381
      최저 0반음 (0.0677)

■ piece 209  가곡 <꿈을 꾼 후에> Op. 7-1 (성악과 피아노 원곡)
   tuning -0.020  Renée Fleming            bYr16LK-Gpg
   tuning +0.090  Sabine Devieilhe         If8AlQ4FgUA
   tuning +0.090  Barbara Hendricks        tLBmMFodJ0w
   회전 Renée Flemin ↔ Sabine Devie: 0:0.081  1:0.457  2:0.343  3:0.397  4:0.384  5:0.340  6:0.465  7:0.324  8:0.423  9:0.320  10:0.385  11:0.416
      최저 0반음 (0.0810)
   회전 Renée Flemin ↔ Barbara Hend: 0:0.076  1:0.463  2:0.389  3:0.387  4:0.413  5:0.315  6:0.443  7:0.298  8:0.420  9:0.366  10:0.372  11:0.437
      최저 0반음 (0.0762)
